Microchip MPLAB XC8 Compiler V2.05 ()

Linker command line:

-W-3 --edf=C:\Program Files (x86)\Microchip\xc8\v2.05\pic\dat\en_msgs.txt \
  -cs -h+dist/default/debug\LinearChopper.X.debug.sym \
  --cmf=dist/default/debug\LinearChopper.X.debug.cmf -z -Q16F1705 \
  -oC:\Users\Damian\AppData\Local\Temp\s4ck.2 --defsym=__MPLAB_BUILD=1 \
  -Mdist/default/debug/LinearChopper.X.debug.map -E1 -ver=XC8 --acfsm=1493 \
  -ASTACK=0210Ah-023EFh -pstack=STACK -ACODE=00h-07FFhx4 \
  -ASTRCODE=00h-01FFFh -ASTRING=00h-0FFhx32 -ACONST=00h-0FFhx32 \
  -AENTRY=00h-0FFhx32 -ACOMMON=070h-07Fh -ABANK0=020h-06Fh \
  -ABANK1=0A0h-0EFh -ABANK2=0120h-016Fh -ABANK3=01A0h-01EFh \
  -ABANK4=0220h-026Fh -ABANK5=02A0h-02EFh -ABANK6=0320h-036Fh \
  -ABANK7=03A0h-03EFh -ABANK8=0420h-046Fh -ABANK9=04A0h-04EFh \
  -ABANK10=0520h-056Fh -ABANK11=05A0h-05EFh -ABANK12=0620h-064Fh \
  -ABIGRAM=02000h-023EFh \
  -ARAM=020h-06Fh,0A0h-0EFh,0120h-016Fh,01A0h-01EFh,0220h-026Fh,02A0h-02EFh,0320h-036Fh,03A0h-03EFh,0420h-046Fh,04A0h-04EFh,0520h-056Fh,05A0h-05EFh,0620h-064Fh \
  -AABS1=020h-07Fh,0A0h-0EFh,0120h-016Fh,01A0h-01EFh,0220h-026Fh,02A0h-02EFh,0320h-036Fh,03A0h-03EFh,0420h-046Fh,04A0h-04EFh,0520h-056Fh,05A0h-05EFh,0620h-064Fh \
  -ASFR0=00h-01Fh -ASFR1=080h-09Fh -ASFR2=0100h-011Fh -ASFR3=0180h-019Fh \
  -ASFR4=0200h-021Fh -ASFR5=0280h-029Fh -ASFR6=0300h-031Fh \
  -ASFR7=0380h-039Fh -ASFR8=0400h-041Fh -ASFR9=0480h-049Fh \
  -ASFR10=0500h-051Fh -ASFR11=0580h-059Fh -ASFR12=0600h-061Fh \
  -ASFR13=0680h-06EFh -ASFR14=0700h-076Fh -ASFR15=0780h-07EFh \
  -ASFR16=0800h-086Fh -ASFR17=0880h-08EFh -ASFR18=0900h-096Fh \
  -ASFR19=0980h-09EFh -ASFR20=0A00h-0A6Fh -ASFR21=0A80h-0AEFh \
  -ASFR22=0B00h-0B6Fh -ASFR23=0B80h-0BEFh -ASFR24=0C00h-0C6Fh \
  -ASFR25=0C80h-0CEFh -ASFR26=0D00h-0D6Fh -ASFR27=0D80h-0DEFh \
  -ASFR28=0E00h-0E6Fh -ASFR29=0E80h-0EEFh -ASFR30=0F00h-0F6Fh \
  -ASFR31=0F80h-0FEFh -preset_vec=00h,intentry=04h,init,end_init \
  -ppowerup=CODE -pcinit=CODE -pfunctab=ENTRY -ACONFIG=08007h-08008h \
  -pconfig=CONFIG -DCONFIG=2 -AIDLOC=08000h-08003h -pidloc=IDLOC -DIDLOC=2 \
  -DCODE=2 -DSTRCODE=2 -DSTRING=2 -DCONST=2 -DENTRY=2 -k \
  C:\Users\Damian\AppData\Local\Temp\s4ck.o \
  dist/default/debug\LinearChopper.X.debug.o 

Object code version is 3.11

Machine type is 16F1705



                Name                               Link     Load   Length Selector   Space Scale
C:\Users\Damian\AppData\Local\Temp\s4ck.o
                end_init                             34       34        2        8       0
                reset_vec                             0        0        2        0       0
                config                             8007     8007        2    1000E       0
dist/default/debug\LinearChopper.X.debug.o
                cinit                                36       36       44        8       0
                intentry                              4        4       30        8       0
                text63                             170C     170C        6     2E18       0
                text62                             1712     1712        6     2E24       0
                text61                              8CB      8CB       16     1196       0
                text60                              B0D      B0D       52     161A       0
                text59                              A08      A08       2F     1410       0
                text58                              CBD      CBD      124     197A       0
                text57                             16ED     16ED        1     2DDA       0
                text56                             17F3     17F3        D     2FE6       0
                text55                              8F7      8F7       18     11EE       0
                text54                             16F0     16F0        3     2DE0       0
                text53                             16EE     16EE        1     2DDC       0
                text52                             16FF     16FF        4     2DFE       0
                text51                              AD3      AD3       3A     15A6       0
                text50                              97C      97C       20     12F8       0
                text49                             1718     1718        6     2E30       0
                text48                             16EF     16EF        1     2DDE       0
                text47                             17A2     17A2        B     2F44       0
                text46                              888      888        F     1110       0
                text45                              87B      87B        D     10F6       0
                text44                              B5F      B5F       59     16BE       0
                text43                              87A      87A        1     10F4       0
                text42                             17AD     17AD        B     2F5A       0
                text41                             1707     1707        5     2E0E       0
                text39                              99C      99C       20     1338       0
                text38                             1750     1750        9     2EA0       0
                text37                              8A7      8A7       12     114E       0
                text36                             1759     1759        9     2EB2       0
                text35                             1762     1762        9     2EC4       0
                text34                             176B     176B        9     2ED6       0
                text33                             1774     1774        9     2EE8       0
                text32                              A37      A37       33     146E       0
                text31                             1748     1748        8     2E90       0
                text30                              9DC      9DC       2C     13B8       0
                text29                             17B8     17B8        B     2F70       0
                text28                             177D     177D        9     2EFA       0
                text27                              90F      90F       1A     121E       0
                text26                             1786     1786        9     2F0C       0
                text25                              8B9      8B9       12     1172       0
                text24                             1798     1798        A     2F30       0
                text23                             1703     1703        4     2E06       0
                text22                              929      929       1B     1252       0
                text21                              8E1      8E1       16     11C2       0
                text20                             171E     171E        6     2E3C       0
                text19                             1724     1724        6     2E48       0
                text18                             172A     172A        6     2E54       0
                text17                             1730     1730        6     2E60       0
                text16                             178F     178F        9     2F1E       0
                text15                             16F3     16F3        3     2DE6       0
                text14                              9BC      9BC       20     1378       0
                text13                              BB8      BB8       67     1770       0
                text12                              A9D      A9D       36     153A       0
                text11                              95F      95F       1D     12BE       0
                text10                             17C3     17C3        C     2F86       0
                text9                              17CF     17CF        C     2F9E       0
                text8                              17DB     17DB        C     2FB6       0
                text7                               944      944       1B     1288       0
                text6                               897      897       10     112E       0
                text5                              16F6     16F6        3     2DEC       0
                text4                              16F9     16F9        3     2DF2       0
                text3                               A6A      A6A       33     14D4       0
                text2                              17E7     17E7        C     2FCE       0
                text1                               DE1      DE1      21F     1BC2       0
                maintext                            C1F      C1F       9E     183E       0
                cstackBANK0                          46       46       1C       20       1
                cstackCOMMON                         70       70        E       70       1
                cstackBANK1                          A0       A0       40       A0       1
                cstackBANK3                         1B0      1B0        A      1A0       1
                clrtext                            1736     1736        6     2E6C       0
                inittext                           173C     173C        6     2E78       0
                bssBANK3                            1A0      1A0       10      1A0       1
                dataBANK2                           169      169        2      120       1
                bssBANK2                            120      120       3B      120       1
                dataBANK1                            E8       E8        6       A0       1
                bssBANK1                             E0       E0        8       A0       1
                dataBANK0                            62       62        3       20       1
                bssBANK0                             20       20       26       20       1
                stringtext20                       1817     1817        5     3000       0
                stringtext19                       1812     1812        5     3000       0
                stringtext18                       180C     180C        6     3000       0
                stringtext17                       1806     1806        6     3000       0
                stringtext16                       1800     1800        6     3000       0
                stringtext15                       112D     112D        F     2000       0
                stringtext14                       111D     111D       10     2000       0
                stringtext13                       110B     110B       12     2000       0
                stringtext12                       10F5     10F5       16     2000       0
                stringtext11                       10DF     10DF       16     2000       0
                stringtext10                       109C     109C       17     2000       0
                stringtext9                        1085     1085       17     2000       0
                stringtext8                        106D     106D       18     2000       0
                stringtext7                        1054     1054       19     2000       0
                stringtext6                        103B     103B       19     2000       0
                stringtext5                        1022     1022       19     2000       0
                stringtext4                        1000     1000       22     2000       0
                nvBANK2                             15B      15B        E      120       1
                nvBANK1                              EE       EE        2       A0       1
                stringtext3                        10C9     10C9       16     2000       0
                stringtext2                        10B3     10B3       16     2000       0
                stringtext1                          7A       7A      800       F4       0
                idataBANK2                            2        2        2        0       0
                idataBANK1                         1742     1742        6     2E84       0
                idataBANK0                         16FC     16FC        3     2DF8       0

TOTAL           Name                               Link     Load   Length     Space
        CLASS   STACK          

        CLASS   CODE           
                end_init                             34       34        2         0
                cinit                                36       36       44         0
                intentry                              4        4       30         0
                reset_vec                             0        0        2         0
                text63                             170C     170C        6         0
                text62                             1712     1712        6         0
                text61                              8CB      8CB       16         0
                text60                              B0D      B0D       52         0
                text59                              A08      A08       2F         0
                text58                              CBD      CBD      124         0
                text57                             16ED     16ED        1         0
                text56                             17F3     17F3        D         0
                text55                              8F7      8F7       18         0
                text54                             16F0     16F0        3         0
                text53                             16EE     16EE        1         0
                text52                             16FF     16FF        4         0
                text51                              AD3      AD3       3A         0
                text50                              97C      97C       20         0
                text49                             1718     1718        6         0
                text48                             16EF     16EF        1         0
                text47                             17A2     17A2        B         0
                text46                              888      888        F         0
                text45                              87B      87B        D         0
                text44                              B5F      B5F       59         0
                text43                              87A      87A        1         0
                text42                             17AD     17AD        B         0
                text41                             1707     1707        5         0
                text39                              99C      99C       20         0
                text38                             1750     1750        9         0
                text37                              8A7      8A7       12         0
                text36                             1759     1759        9         0
                text35                             1762     1762        9         0
                text34                             176B     176B        9         0
                text33                             1774     1774        9         0
                text32                              A37      A37       33         0
                text31                             1748     1748        8         0
                text30                              9DC      9DC       2C         0
                text29                             17B8     17B8        B         0
                text28                             177D     177D        9         0
                text27                              90F      90F       1A         0
                text26                             1786     1786        9         0
                text25                              8B9      8B9       12         0
                text24                             1798     1798        A         0
                text23                             1703     1703        4         0
                text22                              929      929       1B         0
                text21                              8E1      8E1       16         0
                text20                             171E     171E        6         0
                text19                             1724     1724        6         0
                text18                             172A     172A        6         0
                text17                             1730     1730        6         0
                text16                             178F     178F        9         0
                text15                             16F3     16F3        3         0
                text14                              9BC      9BC       20         0
                text13                              BB8      BB8       67         0
                text12                              A9D      A9D       36         0
                text11                              95F      95F       1D         0
                text10                             17C3     17C3        C         0
                text9                              17CF     17CF        C         0
                text8                              17DB     17DB        C         0
                text7                               944      944       1B         0
                text6                               897      897       10         0
                text5                              16F6     16F6        3         0
                text4                              16F9     16F9        3         0
                text3                               A6A      A6A       33         0
                text2                              17E7     17E7        C         0
                text1                               DE1      DE1      21F         0
                maintext                            C1F      C1F       9E         0
                clrtext                            1736     1736        6         0
                inittext                           173C     173C        6         0
                idataBANK2                            2        2        2         0
                idataBANK1                         1742     1742        6         0
                idataBANK0                         16FC     16FC        3         0

        CLASS   STRCODE        
                stringtext20                       1817     1817        5         0
                stringtext19                       1812     1812        5         0
                stringtext18                       180C     180C        6         0
                stringtext17                       1806     1806        6         0
                stringtext16                       1800     1800        6         0
                stringtext15                       112D     112D        F         0
                stringtext14                       111D     111D       10         0
                stringtext13                       110B     110B       12         0
                stringtext12                       10F5     10F5       16         0
                stringtext11                       10DF     10DF       16         0
                stringtext10                       109C     109C       17         0
                stringtext9                        1085     1085       17         0
                stringtext8                        106D     106D       18         0
                stringtext7                        1054     1054       19         0
                stringtext6                        103B     103B       19         0
                stringtext5                        1022     1022       19         0
                stringtext4                        1000     1000       22         0
                stringtext3                        10C9     10C9       16         0
                stringtext2                        10B3     10B3       16         0
                stringtext1                          7A       7A      800         0

        CLASS   STRING         

        CLASS   CONST          

        CLASS   ENTRY          

        CLASS   COMMON         
                cstackCOMMON                         70       70        E         1

        CLASS   BANK0          
                cstackBANK0                          46       46       1C         1
                dataBANK0                            62       62        3         1
                bssBANK0                             20       20       26         1

        CLASS   BANK1          
                cstackBANK1                          A0       A0       40         1
                dataBANK1                            E8       E8        6         1
                bssBANK1                             E0       E0        8         1
                nvBANK1                              EE       EE        2         1

        CLASS   BANK2          
                dataBANK2                           169      169        2         1
                bssBANK2                            120      120       3B         1
                nvBANK2                             15B      15B        E         1

        CLASS   BANK3          
                cstackBANK3                         1B0      1B0        A         1
                bssBANK3                            1A0      1A0       10         1

        CLASS   BANK4          

        CLASS   BANK5          

        CLASS   BANK6          

        CLASS   BANK7          

        CLASS   BANK8          

        CLASS   BANK9          

        CLASS   BANK10         

        CLASS   BANK11         

        CLASS   BANK12         

        CLASS   BIGRAM         

        CLASS   RAM            

        CLASS   ABS1           
                abs_s1                               7E       7E        2         1

        CLASS   SFR0           

        CLASS   SFR1           

        CLASS   SFR2           

        CLASS   SFR3           

        CLASS   SFR4           

        CLASS   SFR5           

        CLASS   SFR6           

        CLASS   SFR7           

        CLASS   SFR8           

        CLASS   SFR9           

        CLASS   SFR10          

        CLASS   SFR11          

        CLASS   SFR12          

        CLASS   SFR13          

        CLASS   SFR14          

        CLASS   SFR15          

        CLASS   SFR16          

        CLASS   SFR17          

        CLASS   SFR18          

        CLASS   SFR19          

        CLASS   SFR20          

        CLASS   SFR21          

        CLASS   SFR22          

        CLASS   SFR23          

        CLASS   SFR24          

        CLASS   SFR25          

        CLASS   SFR26          

        CLASS   SFR27          

        CLASS   SFR28          

        CLASS   SFR29          

        CLASS   SFR30          

        CLASS   SFR31          

        CLASS   CONFIG         
                config                             8007     8007        2         0

        CLASS   IDLOC          

        CLASS   BANK31         

        CLASS   BANK30         

        CLASS   BANK29         

        CLASS   BANK28         

        CLASS   BANK27         

        CLASS   BANK26         

        CLASS   BANK25         

        CLASS   BANK24         

        CLASS   BANK23         

        CLASS   BANK22         

        CLASS   BANK21         

        CLASS   BANK20         

        CLASS   BANK19         

        CLASS   BANK18         

        CLASS   BANK17         

        CLASS   BANK16         

        CLASS   BANK15         

        CLASS   BANK14         

        CLASS   BANK13         

        CLASS   EEDATA         



SEGMENTS        Name                           Load    Length   Top    Selector   Space  Class     Delta

                reset_vec                      000000  000004  000004         0       0  CODE        2
                intentry                       000004  000076  00007A         8       0  CODE        2
                bssBANK0                       000020  000045  000065        20       1  BANK0       1
                cstackCOMMON                   000070  00000E  00007E        70       1  COMMON      1
                cstackBANK1                    0000A0  000050  0000F0        A0       1  BANK1       1
                stringtext1                    00007A  000800  00087A        F4       0  STRCODE     2
                bssBANK2                       000120  00004B  00016B       120       1  BANK2       1
                bssBANK3                       0001A0  00001A  0001BA       1A0       1  BANK3       1
                text43                         00087A  000001  00087B      10F4       0  CODE        2
                text45                         00087B  00000D  000888      10F6       0  CODE        2
                text46                         000888  00000F  000897      1110       0  CODE        2
                text6                          000897  000010  0008A7      112E       0  CODE        2
                text37                         0008A7  000012  0008B9      114E       0  CODE        2
                text25                         0008B9  000012  0008CB      1172       0  CODE        2
                text61                         0008CB  000016  0008E1      1196       0  CODE        2
                text21                         0008E1  000016  0008F7      11C2       0  CODE        2
                text55                         0008F7  000018  00090F      11EE       0  CODE        2
                text27                         00090F  00001A  000929      121E       0  CODE        2
                text22                         000929  00001B  000944      1252       0  CODE        2
                text7                          000944  00001B  00095F      1288       0  CODE        2
                text11                         00095F  00001D  00097C      12BE       0  CODE        2
                text50                         00097C  000020  00099C      12F8       0  CODE        2
                text39                         00099C  000020  0009BC      1338       0  CODE        2
                text14                         0009BC  000020  0009DC      1378       0  CODE        2
                text30                         0009DC  00002C  000A08      13B8       0  CODE        2
                text59                         000A08  00002F  000A37      1410       0  CODE        2
                text32                         000A37  000033  000A6A      146E       0  CODE        2
                text3                          000A6A  000033  000A9D      14D4       0  CODE        2
                text12                         000A9D  000036  000AD3      153A       0  CODE        2
                text51                         000AD3  00003A  000B0D      15A6       0  CODE        2
                text60                         000B0D  000052  000B5F      161A       0  CODE        2
                text44                         000B5F  000059  000BB8      16BE       0  CODE        2
                text13                         000BB8  000067  000C1F      1770       0  CODE        2
                maintext                       000C1F  00009E  000CBD      183E       0  CODE        2
                text58                         000CBD  000124  000DE1      197A       0  CODE        2
                text1                          000DE1  00021F  001000      1BC2       0  CODE        2
                stringtext4                    001000  00013C  00113C      2000       0  STRCODE     2
                text57                         0016ED  000001  0016EE      2DDA       0  CODE        2
                text53                         0016EE  000001  0016EF      2DDC       0  CODE        2
                text48                         0016EF  000001  0016F0      2DDE       0  CODE        2
                text54                         0016F0  000003  0016F3      2DE0       0  CODE        2
                text15                         0016F3  000003  0016F6      2DE6       0  CODE        2
                text5                          0016F6  000003  0016F9      2DEC       0  CODE        2
                text4                          0016F9  000003  0016FC      2DF2       0  CODE        2
                idataBANK0                     0016FC  000003  0016FF      2DF8       0  CODE        2
                text52                         0016FF  000004  001703      2DFE       0  CODE        2
                text23                         001703  000004  001707      2E06       0  CODE        2
                text41                         001707  000005  00170C      2E0E       0  CODE        2
                text63                         00170C  000006  001712      2E18       0  CODE        2
                text62                         001712  000006  001718      2E24       0  CODE        2
                text49                         001718  000006  00171E      2E30       0  CODE        2
                text20                         00171E  000006  001724      2E3C       0  CODE        2
                text19                         001724  000006  00172A      2E48       0  CODE        2
                text18                         00172A  000006  001730      2E54       0  CODE        2
                text17                         001730  000006  001736      2E60       0  CODE        2
                clrtext                        001736  000006  00173C      2E6C       0  CODE        2
                inittext                       00173C  000006  001742      2E78       0  CODE        2
                idataBANK1                     001742  000006  001748      2E84       0  CODE        2
                text31                         001748  000008  001750      2E90       0  CODE        2
                text38                         001750  000009  001759      2EA0       0  CODE        2
                text36                         001759  000009  001762      2EB2       0  CODE        2
                text35                         001762  000009  00176B      2EC4       0  CODE        2
                text34                         00176B  000009  001774      2ED6       0  CODE        2
                text33                         001774  000009  00177D      2EE8       0  CODE        2
                text28                         00177D  000009  001786      2EFA       0  CODE        2
                text26                         001786  000009  00178F      2F0C       0  CODE        2
                text16                         00178F  000009  001798      2F1E       0  CODE        2
                text24                         001798  00000A  0017A2      2F30       0  CODE        2
                text47                         0017A2  00000B  0017AD      2F44       0  CODE        2
                text42                         0017AD  00000B  0017B8      2F5A       0  CODE        2
                text29                         0017B8  00000B  0017C3      2F70       0  CODE        2
                text10                         0017C3  00000C  0017CF      2F86       0  CODE        2
                text9                          0017CF  00000C  0017DB      2F9E       0  CODE        2
                text8                          0017DB  00000C  0017E7      2FB6       0  CODE        2
                text2                          0017E7  00000C  0017F3      2FCE       0  CODE        2
                text56                         0017F3  00000D  001800      2FE6       0  CODE        2
                stringtext16                   001800  00001C  00181C      3000       0  STRCODE     2
                config                         008007  000002  008009     1000E       0  CONFIG      2


UNUSED ADDRESS RANGES

        Name                Unused          Largest block    Delta
        BANK0            00065-0006F               B           1
        BANK10           00520-0056F              50           1
        BANK11           005A0-005EF              50           1
        BANK12           00620-0064F              30           1
        BANK2            0016B-0016F               5           1
        BANK3            001BA-001EF              36           1
        BANK4            00220-0026F              50           1
        BANK5            002A0-002EF              50           1
        BANK6            00320-0036F              50           1
        BANK7            003A0-003EF              50           1
        BANK8            00420-0046F              50           1
        BANK9            004A0-004EF              50           1
        BIGRAM           02000-023EF             3F0           1
        CODE             0113C-016EC             5B1           2
                         0181C-01FFF             7E4
        CONST            0113C-016EC             100           2
                         0181C-01FFF             100
        ENTRY            0113C-016EC             100           2
                         0181C-01FFF             100
        IDLOC            08000-08003               4           2
        RAM              00065-0006F               B           1
                         0016B-0016F               5
                         001BA-001EF              36
                         00220-0026F              50
                         002A0-002EF              50
                         00320-0036F              50
                         003A0-003EF              50
                         00420-0046F              50
                         004A0-004EF              50
                         00520-0056F              50
                         005A0-005EF              50
                         00620-0064F              30
        SFR0             00000-0001F              20           1
        SFR1             00080-0009F              20           1
        SFR10            00500-0051F              20           1
        SFR11            00580-0059F              20           1
        SFR12            00600-0061F              20           1
        SFR13            00680-006EF              70           1
        SFR14            00700-0076F              70           1
        SFR15            00780-007EF              70           1
        SFR16            00800-0086F              70           1
        SFR17            00880-008EF              70           1
        SFR18            00900-0096F              70           1
        SFR19            00980-009EF              70           1
        SFR2             00100-0011F              20           1
        SFR20            00A00-00A6F              70           1
        SFR21            00A80-00AEF              70           1
        SFR22            00B00-00B6F              70           1
        SFR23            00B80-00BEF              70           1
        SFR24            00C00-00C6F              70           1
        SFR25            00C80-00CEF              70           1
        SFR26            00D00-00D6F              70           1
        SFR27            00D80-00DEF              70           1
        SFR28            00E00-00E6F              70           1
        SFR29            00E80-00EEF              70           1
        SFR3             00180-0019F              20           1
        SFR30            00F00-00F6F              70           1
        SFR31            00F80-00FEF              70           1
        SFR4             00200-0021F              20           1
        SFR5             00280-0029F              20           1
        SFR6             00300-0031F              20           1
        SFR7             00380-0039F              20           1
        SFR8             00400-0041F              20           1
        SFR9             00480-0049F              20           1
        STACK            0210A-023EF             2E6           1
        STRCODE          0113C-016EC             5B1           2
                         0181C-01FFF             7E4
        STRING           0113C-016EC             100           2
                         0181C-01FFF             100

                                  Symbol Table

?_ADC_GetConversionResult                      cstackCOMMON 00070
?_FLASH_ReadWord                               cstackBANK0  0004E
?___lldiv                                      cstackCOMMON 00070
?___lmul                                       cstackCOMMON 00070
?_get_vdc                                      cstackBANK0  0004E
?_get_vdc_critic                               cstackBANK0  0004E
?_get_vdc_max                                  cstackBANK0  0004E
?_get_vdc_min                                  cstackBANK0  0004E
?_get_vdc_speed                                cstackBANK0  0004E
ADC_SelectChannel@channel                      cstackBANK0  0004F
ADC_SetInterruptHandler@InterruptHandler       cstackBANK0  0004E
ADC_VoltageControlHandler_ISR@pwm              cstackBANK0  0004A
EUSART_CommandHandler_ISR@rx_data              cstackCOMMON 00071
EUSART_SetErrorHandler@interruptHandler        cstackBANK0  0004E
EUSART_SetFramingErrorHandler@interruptHandler cstackBANK0  0004E
EUSART_SetOverrunErrorHandler@interruptHandler cstackBANK0  0004E
EUSART_SetRxInterruptHandler@interruptHandler  cstackBANK0  0004E
FLASH_EraseBlock@GIEBitValue                   cstackBANK0  00050
FLASH_EraseBlock@startAddr                     cstackBANK0  0004E
FLASH_ReadWord@GIEBitValue                     cstackBANK0  00050
FLASH_ReadWord@flashAddr                       cstackBANK0  0004E
FLASH_WriteBlock@GIEBitValue                   cstackBANK0  00059
FLASH_WriteBlock@blockStartAddr                cstackBANK0  00057
FLASH_WriteBlock@flashWordArray                cstackBANK0  00053
FLASH_WriteBlock@i                             cstackBANK0  0005A
FLASH_WriteBlock@writeAddr                     cstackBANK0  00051
LoadDutyValue@duty                             cstackCOMMON 00070
PWM3_LoadDutyValue@dutyValue                   cstackCOMMON 00070
TMR1_SetInterruptHandler@InterruptHandler      cstackBANK0  0004E
TMR1_WriteTimer@timerVal                       cstackCOMMON 00070
TMR2_SetInterruptHandler@InterruptHandler      cstackBANK0  0004E
UartParser@rx_buffer                           bssBANK2     00120
UartParser@rx_idx                              bssBANK0     0002D
UartParser@st                                  bssBANK0     0002B
UartParser@tx_idx                              bssBANK0     0002A
_ADCON0                                        (abs)        0009D
_ADCON0bits                                    (abs)        0009D
_ADCON1                                        (abs)        0009E
_ADCON2                                        (abs)        0009F
_ADC_DefaultInterruptHandler                   text57       016ED
_ADC_GetConversionResult                       text63       0170C
_ADC_ISR                                       text56       017F3
_ADC_Initialize                                text37       008A7
_ADC_InterruptHandler                          nvBANK2      0015D
_ADC_SelectChannel                             text6        00897
_ADC_SetInterruptHandler                       text38       01750
_ADC_StartConversion                           text5        016F6
_ADC_VoltageControlHandler_ISR                 text58       00CBD
_ADRESH                                        (abs)        0009C
_ADRESL                                        (abs)        0009B
_ANSELA                                        (abs)        0018C
_ANSELC                                        (abs)        0018E
_BAUD1CON                                      (abs)        0019F
_BORCON                                        (abs)        00116
_CCPTMRSbits                                   (abs)        0029E
_DeltaT                                        bssBANK1     000E6
_EUSART_CommandHandler_ISR                     text50       0097C
_EUSART_DefaultErrorHandler                    text54       016F0
_EUSART_DefaultFramingErrorHandler             text53       016EE
_EUSART_DefaultOverrunErrorHandler             text52       016FF
_EUSART_ErrorHandler                           nvBANK2      00161
_EUSART_FramingErrorHandler                    nvBANK2      00165
_EUSART_Initialize                             text32       00A37
_EUSART_OverrunErrorHandler                    nvBANK2      00163
_EUSART_Receive_ISR                            text51       00AD3
_EUSART_RxDataHandler                          text55       008F7
_EUSART_RxDefaultInterruptHandler              nvBANK2      00167
_EUSART_SetErrorHandler                        text36       01759
_EUSART_SetFramingErrorHandler                 text35       01762
_EUSART_SetOverrunErrorHandler                 text34       0176B
_EUSART_SetRxInterruptHandler                  text33       01774
_FLASH_EraseBlock                              text14       009BC
_FLASH_ReadWord                                text39       0099C
_FLASH_WriteBlock                              text13       00BB8
_INLVLA                                        (abs)        0038C
_INLVLC                                        (abs)        0038E
_INTCONbits                                    (abs)        0000B
_INTERRUPT_InterruptManager                    intentry     00004
_LATA                                          (abs)        0010C
_LATAbits                                      (abs)        0010C
_LATC                                          (abs)        0010E
_LATCbits                                      (abs)        0010E
_LoadDutyValue                                 text62       01712
_ODCONA                                        (abs)        0028C
_ODCONC                                        (abs)        0028E
_OPTION_REGbits                                (abs)        00095
_OSCCON                                        (abs)        00099
_OSCILLATOR_Initialize                         text31       01748
_OSCSTAT                                       (abs)        0009A
_OSCTUNE                                       (abs)        00098
_PIE1bits                                      (abs)        00091
_PIN_MANAGER_Initialize                        text30       009DC
_PIR1bits                                      (abs)        00011
_PIR2bits                                      (abs)        00012
_PMADRH                                        (abs)        00192
_PMADRL                                        (abs)        00191
_PMCON1bits                                    (abs)        00195
_PMCON2                                        (abs)        00196
_PMDATH                                        (abs)        00194
_PMDATL                                        (abs)        00193
_PR2                                           (abs)        0001B
_PR4                                           (abs)        00416
_PWM3CON                                       (abs)        00619
_PWM3DCH                                       (abs)        00618
_PWM3DCL                                       (abs)        00617
_PWM3_Initialize                               text29       017B8
_PWM3_LoadDutyValue                            text61       008CB
_RC0PPS                                        (abs)        00EA0
_RC1PPS                                        (abs)        00EA1
_RC1REG                                        (abs)        00199
_RC1STA                                        (abs)        0019D
_RC1STAbits                                    (abs)        0019D
_RC2PPS                                        (abs)        00EA2
_RXPPS                                         (abs)        00E24
_SLRCONA                                       (abs)        0030C
_SLRCONC                                       (abs)        0030E
_SP1BRGH                                       (abs)        0019C
_SP1BRGL                                       (abs)        0019B
_SYSTEM_Initialize                             text22       00929
_T1CON                                         (abs)        00018
_T1CONbits                                     (abs)        00018
_T1GCON                                        (abs)        00019
_T1GCONbits                                    (abs)        00019
_T2CON                                         (abs)        0001C
_T2CONbits                                     (abs)        0001C
_T4CON                                         (abs)        00417
_T4CONbits                                     (abs)        00417
_TMR1H                                         (abs)        00017
_TMR1L                                         (abs)        00016
_TMR1_CallBack                                 text47       017A2
_TMR1_DefaultInterruptHandler                  text48       016EF
_TMR1_ISR                                      text45       0087B
_TMR1_Initialize                               text27       0090F
_TMR1_InterruptHandler                         nvBANK2      0015B
_TMR1_SetInterruptHandler                      text28       0177D
_TMR1_SystemTimer_ISR                          text49       01718
_TMR1_WriteTimer                               text46       00888
_TMR2                                          (abs)        0001A
_TMR2_CallBack                                 text42       017AD
_TMR2_DefaultInterruptHandler                  text43       0087A
_TMR2_DutyControlHandler_ISR                   text44       00B5F
_TMR2_ISR                                      text41       01707
_TMR2_Initialize                               text25       008B9
_TMR2_InterruptHandler                         nvBANK2      0015F
_TMR2_SetInterruptHandler                      text26       01786
_TMR2_StartTimer                               text4        016F9
_TMR4                                          (abs)        00415
_TMR4_Initialize                               text24       01798
_TRISA                                         (abs)        0008C
_TRISAbits                                     (abs)        0008C
_TRISC                                         (abs)        0008E
_TX1REG                                        (abs)        0019A
_TX1STA                                        (abs)        0019E
_TX1STAbits                                    (abs)        0019E
_VoltageHigh                                   bssBANK1     000E4
_VoltageLow                                    bssBANK1     000E2
_WDTCON                                        (abs)        00097
_WDT_Initialize                                text23       01703
_WPUA                                          (abs)        0020C
_WPUC                                          (abs)        0020E
__CFG_BOREN$ON                                 (abs)        00000
__CFG_BORV$LO                                  (abs)        00000
__CFG_CLKOUTEN$OFF                             (abs)        00000
__CFG_CP$OFF                                   (abs)        00000
__CFG_FCMEN$ON                                 (abs)        00000
__CFG_FOSC$INTOSC                              (abs)        00000
__CFG_IESO$ON                                  (abs)        00000
__CFG_LPBOR$OFF                                (abs)        00000
__CFG_LVP$ON                                   (abs)        00000
__CFG_MCLRE$ON                                 (abs)        00000
__CFG_PLLEN$OFF                                (abs)        00000
__CFG_PPS1WAY$ON                               (abs)        00000
__CFG_PWRTE$OFF                                (abs)        00000
__CFG_STVREN$ON                                (abs)        00000
__CFG_WDTE$ON                                  (abs)        00000
__CFG_WRT$OFF                                  (abs)        00000
__CFG_ZCDDIS$ON                                (abs)        00000
__Habs1                                        abs1         00000
__Hbank0                                       bank0        00000
__Hbank1                                       bank1        00000
__Hbank10                                      bank10       00000
__Hbank11                                      bank11       00000
__Hbank12                                      bank12       00000
__Hbank13                                      bank13       00000
__Hbank14                                      bank14       00000
__Hbank15                                      bank15       00000
__Hbank16                                      bank16       00000
__Hbank17                                      bank17       00000
__Hbank18                                      bank18       00000
__Hbank19                                      bank19       00000
__Hbank2                                       bank2        00000
__Hbank20                                      bank20       00000
__Hbank21                                      bank21       00000
__Hbank22                                      bank22       00000
__Hbank23                                      bank23       00000
__Hbank24                                      bank24       00000
__Hbank25                                      bank25       00000
__Hbank26                                      bank26       00000
__Hbank27                                      bank27       00000
__Hbank28                                      bank28       00000
__Hbank29                                      bank29       00000
__Hbank3                                       bank3        00000
__Hbank30                                      bank30       00000
__Hbank31                                      bank31       00000
__Hbank4                                       bank4        00000
__Hbank5                                       bank5        00000
__Hbank6                                       bank6        00000
__Hbank7                                       bank7        00000
__Hbank8                                       bank8        00000
__Hbank9                                       bank9        00000
__Hbigram                                      bigram       00000
__HbssBANK0                                    bssBANK0     00000
__HbssBANK1                                    bssBANK1     00000
__HbssBANK2                                    bssBANK2     00000
__HbssBANK3                                    bssBANK3     00000
__Hcinit                                       cinit        0007A
__Hclrtext                                     clrtext      00000
__Hcode                                        code         00000
__Hcommon                                      common       00000
__Hconfig                                      config       08009
__HcstackBANK0                                 cstackBANK0  00000
__HcstackBANK1                                 cstackBANK1  00000
__HcstackBANK3                                 cstackBANK3  00000
__HcstackCOMMON                                cstackCOMMON 00000
__HdataBANK0                                   dataBANK0    00000
__HdataBANK1                                   dataBANK1    00000
__HdataBANK2                                   dataBANK2    00000
__Heeprom_data                                 eeprom_data  00000
__Hend_init                                    end_init     00036
__Hfunctab                                     functab      00000
__HidataBANK0                                  idataBANK0   00000
__HidataBANK1                                  idataBANK1   00000
__HidataBANK2                                  idataBANK2   00000
__Hidloc                                       idloc        00000
__Hinit                                        init         00034
__Hinittext                                    inittext     00000
__Hintentry                                    intentry     00034
__Hmaintext                                    maintext     00000
__HnvBANK1                                     nvBANK1      00000
__HnvBANK2                                     nvBANK2      00000
__Hpowerup                                     powerup      00000
__Hram                                         ram          00000
__Hreset_vec                                   reset_vec    00002
__Hsfr0                                        sfr0         00000
__Hsfr1                                        sfr1         00000
__Hsfr10                                       sfr10        00000
__Hsfr11                                       sfr11        00000
__Hsfr12                                       sfr12        00000
__Hsfr13                                       sfr13        00000
__Hsfr14                                       sfr14        00000
__Hsfr15                                       sfr15        00000
__Hsfr16                                       sfr16        00000
__Hsfr17                                       sfr17        00000
__Hsfr18                                       sfr18        00000
__Hsfr19                                       sfr19        00000
__Hsfr2                                        sfr2         00000
__Hsfr20                                       sfr20        00000
__Hsfr21                                       sfr21        00000
__Hsfr22                                       sfr22        00000
__Hsfr23                                       sfr23        00000
__Hsfr24                                       sfr24        00000
__Hsfr25                                       sfr25        00000
__Hsfr26                                       sfr26        00000
__Hsfr27                                       sfr27        00000
__Hsfr28                                       sfr28        00000
__Hsfr29                                       sfr29        00000
__Hsfr3                                        sfr3         00000
__Hsfr30                                       sfr30        00000
__Hsfr31                                       sfr31        00000
__Hsfr4                                        sfr4         00000
__Hsfr5                                        sfr5         00000
__Hsfr6                                        sfr6         00000
__Hsfr7                                        sfr7         00000
__Hsfr8                                        sfr8         00000
__Hsfr9                                        sfr9         00000
__Hspace_0                                     (abs)        08009
__Hspace_1                                     (abs)        001BA
__Hspace_2                                     (abs)        00000
__Hspace_3                                     (abs)        00000
__Hstack                                       stack        00000
__Hstrings                                     strings      00000
__Hstringtext1                                 stringtext1  00000
__Hstringtext10                                stringtext10 00000
__Hstringtext11                                stringtext11 00000
__Hstringtext12                                stringtext12 00000
__Hstringtext13                                stringtext13 00000
__Hstringtext14                                stringtext14 00000
__Hstringtext15                                stringtext15 00000
__Hstringtext16                                stringtext16 00000
__Hstringtext17                                stringtext17 00000
__Hstringtext18                                stringtext18 00000
__Hstringtext19                                stringtext19 00000
__Hstringtext2                                 stringtext2  00000
__Hstringtext20                                stringtext20 00000
__Hstringtext21                                stringtext21 00000
__Hstringtext3                                 stringtext3  00000
__Hstringtext4                                 stringtext4  00000
__Hstringtext5                                 stringtext5  00000
__Hstringtext6                                 stringtext6  00000
__Hstringtext7                                 stringtext7  00000
__Hstringtext8                                 stringtext8  00000
__Hstringtext9                                 stringtext9  00000
__Htext                                        text         00000
__Labs1                                        abs1         00000
__Lbank0                                       bank0        00000
__Lbank1                                       bank1        00000
__Lbank10                                      bank10       00000
__Lbank11                                      bank11       00000
__Lbank12                                      bank12       00000
__Lbank13                                      bank13       00000
__Lbank14                                      bank14       00000
__Lbank15                                      bank15       00000
__Lbank16                                      bank16       00000
__Lbank17                                      bank17       00000
__Lbank18                                      bank18       00000
__Lbank19                                      bank19       00000
__Lbank2                                       bank2        00000
__Lbank20                                      bank20       00000
__Lbank21                                      bank21       00000
__Lbank22                                      bank22       00000
__Lbank23                                      bank23       00000
__Lbank24                                      bank24       00000
__Lbank25                                      bank25       00000
__Lbank26                                      bank26       00000
__Lbank27                                      bank27       00000
__Lbank28                                      bank28       00000
__Lbank29                                      bank29       00000
__Lbank3                                       bank3        00000
__Lbank30                                      bank30       00000
__Lbank31                                      bank31       00000
__Lbank4                                       bank4        00000
__Lbank5                                       bank5        00000
__Lbank6                                       bank6        00000
__Lbank7                                       bank7        00000
__Lbank8                                       bank8        00000
__Lbank9                                       bank9        00000
__Lbigram                                      bigram       00000
__LbssBANK0                                    bssBANK0     00000
__LbssBANK1                                    bssBANK1     00000
__LbssBANK2                                    bssBANK2     00000
__LbssBANK3                                    bssBANK3     00000
__Lcinit                                       cinit        00036
__Lclrtext                                     clrtext      00000
__Lcode                                        code         00000
__Lcommon                                      common       00000
__Lconfig                                      config       08007
__LcstackBANK0                                 cstackBANK0  00000
__LcstackBANK1                                 cstackBANK1  00000
__LcstackBANK3                                 cstackBANK3  00000
__LcstackCOMMON                                cstackCOMMON 00000
__LdataBANK0                                   dataBANK0    00000
__LdataBANK1                                   dataBANK1    00000
__LdataBANK2                                   dataBANK2    00000
__Leeprom_data                                 eeprom_data  00000
__Lend_init                                    end_init     00034
__Lfunctab                                     functab      00000
__LidataBANK0                                  idataBANK0   00000
__LidataBANK1                                  idataBANK1   00000
__LidataBANK2                                  idataBANK2   00000
__Lidloc                                       idloc        00000
__Linit                                        init         00034
__Linittext                                    inittext     00000
__Lintentry                                    intentry     00004
__Lmaintext                                    maintext     00000
__LnvBANK1                                     nvBANK1      00000
__LnvBANK2                                     nvBANK2      00000
__Lpowerup                                     powerup      00000
__Lram                                         ram          00000
__Lreset_vec                                   reset_vec    00000
__Lsfr0                                        sfr0         00000
__Lsfr1                                        sfr1         00000
__Lsfr10                                       sfr10        00000
__Lsfr11                                       sfr11        00000
__Lsfr12                                       sfr12        00000
__Lsfr13                                       sfr13        00000
__Lsfr14                                       sfr14        00000
__Lsfr15                                       sfr15        00000
__Lsfr16                                       sfr16        00000
__Lsfr17                                       sfr17        00000
__Lsfr18                                       sfr18        00000
__Lsfr19                                       sfr19        00000
__Lsfr2                                        sfr2         00000
__Lsfr20                                       sfr20        00000
__Lsfr21                                       sfr21        00000
__Lsfr22                                       sfr22        00000
__Lsfr23                                       sfr23        00000
__Lsfr24                                       sfr24        00000
__Lsfr25                                       sfr25        00000
__Lsfr26                                       sfr26        00000
__Lsfr27                                       sfr27        00000
__Lsfr28                                       sfr28        00000
__Lsfr29                                       sfr29        00000
__Lsfr3                                        sfr3         00000
__Lsfr30                                       sfr30        00000
__Lsfr31                                       sfr31        00000
__Lsfr4                                        sfr4         00000
__Lsfr5                                        sfr5         00000
__Lsfr6                                        sfr6         00000
__Lsfr7                                        sfr7         00000
__Lsfr8                                        sfr8         00000
__Lsfr9                                        sfr9         00000
__Lspace_0                                     (abs)        00000
__Lspace_1                                     (abs)        00000
__Lspace_2                                     (abs)        00000
__Lspace_3                                     (abs)        00000
__Lstack                                       stack        00000
__Lstrings                                     strings      00000
__Lstringtext1                                 stringtext1  00000
__Lstringtext10                                stringtext10 00000
__Lstringtext11                                stringtext11 00000
__Lstringtext12                                stringtext12 00000
__Lstringtext13                                stringtext13 00000
__Lstringtext14                                stringtext14 00000
__Lstringtext15                                stringtext15 00000
__Lstringtext16                                stringtext16 00000
__Lstringtext17                                stringtext17 00000
__Lstringtext18                                stringtext18 00000
__Lstringtext19                                stringtext19 00000
__Lstringtext2                                 stringtext2  00000
__Lstringtext20                                stringtext20 00000
__Lstringtext21                                stringtext21 00000
__Lstringtext3                                 stringtext3  00000
__Lstringtext4                                 stringtext4  00000
__Lstringtext5                                 stringtext5  00000
__Lstringtext6                                 stringtext6  00000
__Lstringtext7                                 stringtext7  00000
__Lstringtext8                                 stringtext8  00000
__Lstringtext9                                 stringtext9  00000
__Ltext                                        text         00000
__S0                                           (abs)        08009
__S1                                           (abs)        001BA
__S2                                           (abs)        00000
___int_sp                                      stack        00000
___latbits                                     (abs)        00002
___lldiv                                       text60       00B0D
___lldiv@counter                               cstackCOMMON 0007D
___lldiv@dividend                              cstackCOMMON 00074
___lldiv@divisor                               cstackCOMMON 00070
___lldiv@quotient                              cstackCOMMON 00079
___lmul                                        text59       00A08
___lmul@multiplicand                           cstackCOMMON 00074
___lmul@multiplier                             cstackCOMMON 00070
___lmul@product                                cstackCOMMON 00078
___sp                                          stack        00000
___stackhi                                     (abs)        023EF
___stacklo                                     (abs)        0210A
__end_of_ADC_DefaultInterruptHandler           text57       016EE
__end_of_ADC_GetConversionResult               text63       01712
__end_of_ADC_ISR                               text56       01800
__end_of_ADC_Initialize                        text37       008B9
__end_of_ADC_SelectChannel                     text6        008A7
__end_of_ADC_SetInterruptHandler               text38       01759
__end_of_ADC_StartConversion                   text5        016F9
__end_of_ADC_VoltageControlHandler_ISR         text58       00DE1
__end_of_EUSART_CommandHandler_ISR             text50       0099C
__end_of_EUSART_DefaultErrorHandler            text54       016F3
__end_of_EUSART_DefaultFramingErrorHandler     text53       016EF
__end_of_EUSART_DefaultOverrunErrorHandler     text52       01703
__end_of_EUSART_Initialize                     text32       00A6A
__end_of_EUSART_Receive_ISR                    text51       00B0D
__end_of_EUSART_RxDataHandler                  text55       0090F
__end_of_EUSART_SetErrorHandler                text36       01762
__end_of_EUSART_SetFramingErrorHandler         text35       0176B
__end_of_EUSART_SetOverrunErrorHandler         text34       01774
__end_of_EUSART_SetRxInterruptHandler          text33       0177D
__end_of_FLASH_EraseBlock                      text14       009DC
__end_of_FLASH_ReadWord                        text39       009BC
__end_of_FLASH_WriteBlock                      text13       00C1F
__end_of_INTERRUPT_InterruptManager            intentry     00034
__end_of_LoadDutyValue                         text62       01718
__end_of_OSCILLATOR_Initialize                 text31       01750
__end_of_PIN_MANAGER_Initialize                text30       00A08
__end_of_PWM3_Initialize                       text29       017C3
__end_of_PWM3_LoadDutyValue                    text61       008E1
__end_of_SYSTEM_Initialize                     text22       00944
__end_of_TMR1_CallBack                         text47       017AD
__end_of_TMR1_DefaultInterruptHandler          text48       016F0
__end_of_TMR1_ISR                              text45       00888
__end_of_TMR1_Initialize                       text27       00929
__end_of_TMR1_SetInterruptHandler              text28       01786
__end_of_TMR1_SystemTimer_ISR                  text49       0171E
__end_of_TMR1_WriteTimer                       text46       00897
__end_of_TMR2_CallBack                         text42       017B8
__end_of_TMR2_DefaultInterruptHandler          text43       0087B
__end_of_TMR2_DutyControlHandler_ISR           text44       00BB8
__end_of_TMR2_ISR                              text41       0170C
__end_of_TMR2_Initialize                       text25       008CB
__end_of_TMR2_SetInterruptHandler              text26       0178F
__end_of_TMR2_StartTimer                       text4        016FC
__end_of_TMR4_Initialize                       text24       017A2
__end_of_WDT_Initialize                        text23       01707
__end_of___lldiv                               text60       00B5F
__end_of___lmul                                text59       00A37
__end_of__initialization                       cinit        00076
__end_of_get_vdc                               text20       01724
__end_of_get_vdc_critic                        text19       0172A
__end_of_get_vdc_max                           text18       01730
__end_of_get_vdc_min                           text17       01736
__end_of_get_vdc_speed                         text16       01798
__end_of_invalid_arg                           stringtext2  010C9
__end_of_invalid_com                           stringtext3  010DF
__end_of_is_chopper_active                     text15       016F6
__end_of_main                                  maintext     00CBD
__end_of_save_to_flash                         text12       00AD3
__end_of_set_vdc_critic                        text10       017CF
__end_of_set_vdc_max                           text9        017DB
__end_of_set_vdc_min                           text8        017E7
__end_of_set_vdc_speed                         text7        0095F
__end_of_set_vdc_threshold                     text11       0097C
__end_of_start_chopper                         text3        00A9D
__end_of_stop_chopper                          text2        017F3
__end_of_uart_start                            text21       008F7
__end_of_uart_task                             text1        01000
__end_of_v_table                               stringtext1  0087A
__initialization                               cinit        00036
__pbssBANK0                                    bssBANK0     00020
__pbssBANK1                                    bssBANK1     000E0
__pbssBANK2                                    bssBANK2     00120
__pbssBANK3                                    bssBANK3     001A0
__pcstackBANK0                                 cstackBANK0  00046
__pcstackBANK1                                 cstackBANK1  000A0
__pcstackBANK3                                 cstackBANK3  001B0
__pcstackCOMMON                                cstackCOMMON 00070
__pdataBANK0                                   dataBANK0    00062
__pdataBANK1                                   dataBANK1    000E8
__pdataBANK2                                   dataBANK2    00169
__pidataBANK0                                  idataBANK0   016FC
__pidataBANK1                                  idataBANK1   01742
__pidataBANK2                                  idataBANK2   00002
__pintentry                                    intentry     00004
__pmaintext                                    maintext     00C1F
__pnvBANK1                                     nvBANK1      000EE
__pnvBANK2                                     nvBANK2      0015B
__pstringtext1                                 stringtext1  0007A
__pstringtext10                                stringtext10 0109C
__pstringtext11                                stringtext11 010DF
__pstringtext12                                stringtext12 010F5
__pstringtext13                                stringtext13 0110B
__pstringtext14                                stringtext14 0111D
__pstringtext15                                stringtext15 0112D
__pstringtext16                                stringtext16 01800
__pstringtext17                                stringtext17 01806
__pstringtext18                                stringtext18 0180C
__pstringtext19                                stringtext19 01812
__pstringtext2                                 stringtext2  010B3
__pstringtext20                                stringtext20 01817
__pstringtext21                                stringtext21 00000
__pstringtext3                                 stringtext3  010C9
__pstringtext4                                 stringtext4  01000
__pstringtext5                                 stringtext5  01022
__pstringtext6                                 stringtext6  0103B
__pstringtext7                                 stringtext7  01054
__pstringtext8                                 stringtext8  0106D
__pstringtext9                                 stringtext9  01085
__ptext1                                       text1        00DE1
__ptext10                                      text10       017C3
__ptext11                                      text11       0095F
__ptext12                                      text12       00A9D
__ptext13                                      text13       00BB8
__ptext14                                      text14       009BC
__ptext15                                      text15       016F3
__ptext16                                      text16       0178F
__ptext17                                      text17       01730
__ptext18                                      text18       0172A
__ptext19                                      text19       01724
__ptext2                                       text2        017E7
__ptext20                                      text20       0171E
__ptext21                                      text21       008E1
__ptext22                                      text22       00929
__ptext23                                      text23       01703
__ptext24                                      text24       01798
__ptext25                                      text25       008B9
__ptext26                                      text26       01786
__ptext27                                      text27       0090F
__ptext28                                      text28       0177D
__ptext29                                      text29       017B8
__ptext3                                       text3        00A6A
__ptext30                                      text30       009DC
__ptext31                                      text31       01748
__ptext32                                      text32       00A37
__ptext33                                      text33       01774
__ptext34                                      text34       0176B
__ptext35                                      text35       01762
__ptext36                                      text36       01759
__ptext37                                      text37       008A7
__ptext38                                      text38       01750
__ptext39                                      text39       0099C
__ptext4                                       text4        016F9
__ptext41                                      text41       01707
__ptext42                                      text42       017AD
__ptext43                                      text43       0087A
__ptext44                                      text44       00B5F
__ptext45                                      text45       0087B
__ptext46                                      text46       00888
__ptext47                                      text47       017A2
__ptext48                                      text48       016EF
__ptext49                                      text49       01718
__ptext5                                       text5        016F6
__ptext50                                      text50       0097C
__ptext51                                      text51       00AD3
__ptext52                                      text52       016FF
__ptext53                                      text53       016EE
__ptext54                                      text54       016F0
__ptext55                                      text55       008F7
__ptext56                                      text56       017F3
__ptext57                                      text57       016ED
__ptext58                                      text58       00CBD
__ptext59                                      text59       00A08
__ptext6                                       text6        00897
__ptext60                                      text60       00B0D
__ptext61                                      text61       008CB
__ptext62                                      text62       01712
__ptext63                                      text63       0170C
__ptext7                                       text7        00944
__ptext8                                       text8        017DB
__ptext9                                       text9        017CF
__size_of_ADC_DefaultInterruptHandler          (abs)        00000
__size_of_ADC_GetConversionResult              (abs)        00000
__size_of_ADC_ISR                              (abs)        00000
__size_of_ADC_Initialize                       (abs)        00000
__size_of_ADC_SelectChannel                    (abs)        00000
__size_of_ADC_SetInterruptHandler              (abs)        00000
__size_of_ADC_StartConversion                  (abs)        00000
__size_of_ADC_VoltageControlHandler_ISR        (abs)        00000
__size_of_EUSART_CommandHandler_ISR            (abs)        00000
__size_of_EUSART_DefaultErrorHandler           (abs)        00000
__size_of_EUSART_DefaultFramingErrorHandler    (abs)        00000
__size_of_EUSART_DefaultOverrunErrorHandler    (abs)        00000
__size_of_EUSART_Initialize                    (abs)        00000
__size_of_EUSART_Receive_ISR                   (abs)        00000
__size_of_EUSART_RxDataHandler                 (abs)        00000
__size_of_EUSART_SetErrorHandler               (abs)        00000
__size_of_EUSART_SetFramingErrorHandler        (abs)        00000
__size_of_EUSART_SetOverrunErrorHandler        (abs)        00000
__size_of_EUSART_SetRxInterruptHandler         (abs)        00000
__size_of_FLASH_EraseBlock                     (abs)        00000
__size_of_FLASH_ReadWord                       (abs)        00000
__size_of_FLASH_WriteBlock                     (abs)        00000
__size_of_INTERRUPT_InterruptManager           (abs)        00000
__size_of_LoadDutyValue                        (abs)        00000
__size_of_OSCILLATOR_Initialize                (abs)        00000
__size_of_PIN_MANAGER_Initialize               (abs)        00000
__size_of_PWM3_Initialize                      (abs)        00000
[...]
 Defined at:
		line 209 in file "mcc_generated_files/eusart.c"
 Parameters:    Size  Location     Type
		None
 Auto vars:     Size  Location     Type
		None
 Return value:  Size  Location     Type
                  1    wreg      void 
 Registers used:
		None
 Tracked objects:
		On entry : 
		On exit  : 
		Unchanged: 
 Data sizes:     COMMON   BANK0   BANK1   BANK2   BANK3   BANK4   BANK5   BANK6   BANK7   BANK8   BANK9  BANK10  BANK11  BANK12
      Params:         0       0       0       0       0       0       0       0       0       0       0       0       0       0
      Locals:         0       0       0       0       0       0       0       0       0       0       0       0       0       0
      Temps:          0       0       0       0       0       0       0       0       0       0       0       0       0       0
      Totals:         0       0       0       0       0       0       0       0       0       0       0       0       0       0
Total ram usage:        0 bytes
 Hardware stack levels used:    1
 This function calls:
		Nothing
 This function is called by:
		_EUSART_Initialize
		_EUSART_Receive_ISR
 This function uses a non-reentrant model


 *************** function _EUSART_DefaultErrorHandler *****************
 Defined at:
		line 219 in file "mcc_generated_files/eusart.c"
 Parameters:    Size  Location     Type
		None
 Auto vars:     Size  Location     Type
		None
 Return value:  Size  Location     Type
                  1    wreg      void 
 Registers used:
		wreg, fsr1l, fsr1h, status,2, status,0, pclath, cstack
 Tracked objects:
		On entry : 
		On exit  : 
		Unchanged: 
 Data sizes:     COMMON   BANK0   BANK1   BANK2   BANK3   BANK4   BANK5   BANK6   BANK7   BANK8   BANK9  BANK10  BANK11  BANK12
      Params:         0       0       0       0       0       0       0       0       0       0       0       0       0       0
      Locals:         0       0       0       0       0       0       0       0       0       0       0       0       0       0
      Temps:          0       0       0       0       0       0       0       0       0       0       0       0       0       0
      Totals:         0       0       0       0       0       0       0       0       0       0       0       0       0       0
Total ram usage:        0 bytes
 Hardware stack levels used:    1
 Hardware stack levels required when called:    1
 This function calls:
		_EUSART_RxDataHandler
 This function is called by:
		_EUSART_Initialize
		_EUSART_Receive_ISR
 This function uses a non-reentrant model


 *************** function _EUSART_RxDataHandler *****************
 Defined at:
		line 199 in file "mcc_generated_files/eusart.c"
 Parameters:    Size  Location     Type
		None
 Auto vars:     Size  Location     Type
		None
 Return value:  Size  Location     Type
                  1    wreg      void 
 Registers used:
		wreg, fsr1l, fsr1h, status,2, status,0
 Tracked objects:
		On entry : 
		On exit  : 
		Unchanged: 
 Data sizes:     COMMON   BANK0   BANK1   BANK2   BANK3   BANK4   BANK5   BANK6   BANK7   BANK8   BANK9  BANK10  BANK11  BANK12
      Params:         0       0       0       0       0       0       0       0       0       0       0       0       0       0
      Locals:         0       0       0       0       0       0       0       0       0       0       0       0       0       0
      Temps:          1       0       0       0       0       0       0       0       0       0       0       0       0       0
      Totals:         1       0       0       0       0       0       0       0       0       0       0       0       0       0
Total ram usage:        1 bytes
 Hardware stack levels used:    1
 This function calls:
		Nothing
 This function is called by:
		_EUSART_Receive_ISR
		_EUSART_DefaultErrorHandler
 This function uses a non-reentrant model


 *************** function _ADC_ISR *****************
 Defined at:
		line 149 in file "mcc_generated_files/adc.c"
 Parameters:    Size  Location     Type
		None
 Auto vars:     Size  Location     Type
		None
 Return value:  Size  Location     Type
                  1    wreg      void 
 Registers used:
		wreg, fsr0l, fsr0h, status,2, status,0, pclath, cstack
 Tracked objects:
		On entry : 
		On exit  : 
		Unchanged: 
 Data sizes:     COMMON   BANK0   BANK1   BANK2   BANK3   BANK4   BANK5   BANK6   BANK7   BANK8   BANK9  BANK10  BANK11  BANK12
      Params:         0       0       0       0       0       0       0       0       0       0       0       0       0       0
      Locals:         0       0       0       0       0       0       0       0       0       0       0       0       0       0
      Temps:          0       0       0       0       0       0       0       0       0       0       0       0       0       0
      Totals:         0       0       0       0       0       0       0       0       0       0       0       0       0       0
Total ram usage:        0 bytes
 Hardware stack levels used:    1
 Hardware stack levels required when called:    2
 This function calls:
		Absolute function
		_ADC_DefaultInterruptHandler
		_ADC_VoltageControlHandler_ISR
 This function is called by:
		_INTERRUPT_InterruptManager
 This function uses a non-reentrant model


 *************** function _ADC_DefaultInterruptHandler *****************
 Defined at:
		line 164 in file "mcc_generated_files/adc.c"
 Parameters:    Size  Location     Type
		None
 Auto vars:     Size  Location     Type
		None
 Return value:  Size  Location     Type
                  1    wreg      void 
 Registers used:
		None
 Tracked objects:
		On entry : 
		On exit  : 
		Unchanged: 
 Data sizes:     COMMON   BANK0   BANK1   BANK2   BANK3   BANK4   BANK5   BANK6   BANK7   BANK8   BANK9  BANK10  BANK11  BANK12
      Params:         0       0       0       0       0       0       0       0       0       0       0       0       0       0
      Locals:         0       0       0       0       0       0       0       0       0       0       0       0       0       0
      Temps:          0       0       0       0       0       0       0       0       0       0       0       0       0       0
      Totals:         0       0       0       0       0       0       0       0       0       0       0       0       0       0
Total ram usage:        0 bytes
 Hardware stack levels used:    1
 This function calls:
		Nothing
 This function is called by:
		_ADC_Initialize
		_ADC_ISR
 This function uses a non-reentrant model


 *************** function _ADC_VoltageControlHandler_ISR *****************
 Defined at:
		line 302 in file "vcontrol.c"
 Parameters:    Size  Location     Type
		None
 Auto vars:     Size  Location     Type
  pwm             4    4[BANK0 ] unsigned long 
 Return value:  Size  Location     Type
                  1    wreg      void 
 Registers used:
		wreg, fsr0l, fsr0h, status,2, status,0, pclath, cstack
 Tracked objects:
		On entry : 
		On exit  : 
		Unchanged: 
 Data sizes:     COMMON   BANK0   BANK1   BANK2   BANK3   BANK4   BANK5   BANK6   BANK7   BANK8   BANK9  BANK10  BANK11  BANK12
      Params:         0       0       0       0       0       0       0       0       0       0       0       0       0       0
      Locals:         0       4       0       0       0       0       0       0       0       0       0       0       0       0
      Temps:          0       4       0       0       0       0       0       0       0       0       0       0       0       0
      Totals:         0       8       0       0       0       0       0       0       0       0       0       0       0       0
Total ram usage:        8 bytes
 Hardware stack levels used:    1
 Hardware stack levels required when called:    1
 This function calls:
		_ADC_GetConversionResult
		_LoadDutyValue
		_PWM3_LoadDutyValue
		___lldiv
		___lmul
 This function is called by:
		_start_chopper
		_ADC_ISR
 This function uses a non-reentrant model


 *************** function ___lmul *****************
 Defined at:
		line 15 in file "C:\Program Files (x86)\Microchip\xc8\v2.05\pic\sources\c99\common\Umul32.c"
 Parameters:    Size  Location     Type
  multiplier      4    0[COMMON] unsigned long 
  multiplicand    4    4[COMMON] unsigned long 
 Auto vars:     Size  Location     Type
  product         4    8[COMMON] unsigned long 
 Return value:  Size  Location     Type
                  4    0[COMMON] unsigned long 
 Registers used:
		wreg, status,2, status,0
 Tracked objects:
		On entry : 
		On exit  : 
		Unchanged: 
 Data sizes:     COMMON   BANK0   BANK1   BANK2   BANK3   BANK4   BANK5   BANK6   BANK7   BANK8   BANK9  BANK10  BANK11  BANK12
      Params:         8       0       0       0       0       0       0       0       0       0       0       0       0       0
      Locals:         4       0       0       0       0       0       0       0       0       0       0       0       0       0
      Temps:          0       0       0       0       0       0       0       0       0       0       0       0       0       0
      Totals:        12       0       0       0       0       0       0       0       0       0       0       0       0       0
Total ram usage:       12 bytes
 Hardware stack levels used:    1
 This function calls:
		Nothing
 This function is called by:
		_ADC_VoltageControlHandler_ISR
 This function uses a non-reentrant model


 *************** function ___lldiv *****************
 Defined at:
		line 5 in file "C:\Program Files (x86)\Microchip\xc8\v2.05\pic\sources\c99\common\__lldiv.c"
 Parameters:    Size  Location     Type
  divisor         4    0[COMMON] unsigned long 
  dividend        4    4[COMMON] unsigned long 
 Auto vars:     Size  Location     Type
  quotient        4    9[COMMON] unsigned long 
  counter         1   13[COMMON] unsigned char 
 Return value:  Size  Location     Type
                  4    0[COMMON] unsigned long 
 Registers used:
		wreg, status,2, status,0
 Tracked objects:
		On entry : 
		On exit  : 
		Unchanged: 
 Data sizes:     COMMON   BANK0   BANK1   BANK2   BANK3   BANK4   BANK5   BANK6   BANK7   BANK8   BANK9  BANK10  BANK11  BANK12
      Params:         8       0       0       0       0       0       0       0       0       0       0       0       0       0
      Locals:         5       0       0       0       0       0       0       0       0       0       0       0       0       0
      Temps:          1       0       0       0       0       0       0       0       0       0       0       0       0       0
      Totals:        14       0       0       0       0       0       0       0       0       0       0       0       0       0
Total ram usage:       14 bytes
 Hardware stack levels used:    1
 This function calls:
		Nothing
 This function is called by:
		_ADC_VoltageControlHandler_ISR
 This function uses a non-reentrant model


 *************** function _PWM3_LoadDutyValue *****************
 Defined at:
		line 74 in file "mcc_generated_files/pwm3.c"
 Parameters:    Size  Location     Type
  dutyValue       2    0[COMMON] unsigned short 
 Auto vars:     Size  Location     Type
		None
 Return value:  Size  Location     Type
                  1    wreg      void 
 Registers used:
		wreg, status,2, status,0
 Tracked objects:
		On entry : 
		On exit  : 
		Unchanged: 
 Data sizes:     COMMON   BANK0   BANK1   BANK2   BANK3   BANK4   BANK5   BANK6   BANK7   BANK8   BANK9  BANK10  BANK11  BANK12
      Params:         2       0       0       0       0       0       0       0       0       0       0       0       0       0
      Locals:         0       0       0       0       0       0       0       0       0       0       0       0       0       0
      Temps:          2       0       0       0       0       0       0       0       0       0       0       0       0       0
      Totals:         4       0       0       0       0       0       0       0       0       0       0       0       0       0
Total ram usage:        4 bytes
 Hardware stack levels used:    1
 This function calls:
		Nothing
 This function is called by:
		_ADC_VoltageControlHandler_ISR
		_TMR2_DutyControlHandler_ISR
 This function uses a non-reentrant model


 *************** function _LoadDutyValue *****************
 Defined at:
		line 197 in file "vcontrol.c"
 Parameters:    Size  Location     Type
  duty            2    0[COMMON] unsigned short 
 Auto vars:     Size  Location     Type
		None
 Return value:  Size  Location     Type
                  1    wreg      void 
 Registers used:
		wreg
 Tracked objects:
		On entry : 
		On exit  : 
		Unchanged: 
 Data sizes:     COMMON   BANK0   BANK1   BANK2   BANK3   BANK4   BANK5   BANK6   BANK7   BANK8   BANK9  BANK10  BANK11  BANK12
      Params:         2       0       0       0       0       0       0       0       0       0       0       0       0       0
      Locals:         0       0       0       0       0       0       0       0       0       0       0       0       0       0
      Temps:          0       0       0       0       0       0       0       0       0       0       0       0       0       0
      Totals:         2       0       0       0       0       0       0       0       0       0       0       0       0       0
Total ram usage:        2 bytes
 Hardware stack levels used:    1
 This function calls:
		Nothing
 This function is called by:
		_ADC_VoltageControlHandler_ISR
 This function uses a non-reentrant model


 *************** function _ADC_GetConversionResult *****************
 Defined at:
		line 114 in file "mcc_generated_files/adc.c"
 Parameters:    Size  Location     Type
		None
 Auto vars:     Size  Location     Type
		None
 Return value:  Size  Location     Type
                  2    0[COMMON] unsigned short 
 Registers used:
		wreg
 Tracked objects:
		On entry : 
		On exit  : 
		Unchanged: 
 Data sizes:     COMMON   BANK0   BANK1   BANK2   BANK3   BANK4   BANK5   BANK6   BANK7   BANK8   BANK9  BANK10  BANK11  BANK12
      Params:         2       0       0       0       0       0       0       0       0       0       0       0       0       0
      Locals:         0       0       0       0       0       0       0       0       0       0       0       0       0       0
      Temps:          0       0       0       0       0       0       0       0       0       0       0       0       0       0
      Totals:         2       0       0       0       0       0       0       0       0       0       0       0       0       0
Total ram usage:        2 bytes
 Hardware stack levels used:    1
 This function calls:
		Nothing
 This function is called by:
		_ADC_VoltageControlHandler_ISR
 This function uses a non-reentrant model



MODULE INFORMATION

Module		Function		Class		Link	Load	Size
C:\Program Files (x86)\Microchip\xc8\v2.05\pic\sources\c99\common\Umul32.c
		___lmul        		CODE           	0A08	0000	48

C:\Program Files (x86)\Microchip\xc8\v2.05\pic\sources\c99\common\Umul32.c estimated size: 48

mcc_generated_files/tmr4.c
		_TMR4_Initialize		CODE           	1798	0000	11

mcc_generated_files/tmr4.c estimated size: 11

SystemTimer.c
		_TMR1_SystemTimer_ISR		CODE           	1718	0000	7

SystemTimer.c estimated size: 7

mcc_generated_files/tmr2.c
		_TMR2_ISR      		CODE           	1707	0000	6
		_TMR2_Initialize		CODE           	08B9	0000	19
		_TMR2_SetInterruptHandler		CODE           	1786	0000	10
		_TMR2_DefaultInterruptHandler		CODE           	087A	0000	2
		_TMR2_CallBack 		CODE           	17AD	0000	12
		_TMR2_StartTimer		CODE           	16F9	0000	4

mcc_generated_files/tmr2.c estimated size: 53

mcc_generated_files/interrupt_manager.c
		_INTERRUPT_InterruptManager		CODE           	0004	0000	49

mcc_generated_files/interrupt_manager.c estimated size: 49

mcc_generated_files/pin_manager.c
		_PIN_MANAGER_Initialize		CODE           	09DC	0000	45

mcc_generated_files/pin_manager.c estimated size: 45

vcontrol.c
		_stop_chopper  		CODE           	17E7	0000	13
		_get_vdc       		CODE           	171E	0000	7
		_get_vdc_min   		CODE           	1730	0000	7
		_get_vdc_max   		CODE           	172A	0000	7
		_ADC_VoltageControlHandler_ISR		CODE           	0CBD	0000	293
		_get_vdc_speed 		CODE           	178F	0000	10
		_set_vdc_min   		CODE           	17DB	0000	13
		_set_vdc_max   		CODE           	17CF	0000	13
		_set_vdc_speed 		CODE           	0944	0000	28
		_get_vdc_critic		CODE           	1724	0000	7
		_start_chopper 		CODE           	0A6A	0000	52
		_set_vdc_threshold		CODE           	095F	0000	30
		_is_chopper_active		CODE           	16F3	0000	4
		_set_vdc_critic		CODE           	17C3	0000	13
		_TMR2_DutyControlHandler_ISR		CODE           	0B5F	0000	90
		_save_to_flash 		CODE           	0A9D	0000	55
		_LoadDutyValue 		CODE           	1712	0000	7

vcontrol.c estimated size: 649

mcc_generated_files/adc.c
		_ADC_DefaultInterruptHandler		CODE           	16ED	0000	2
		_ADC_Initialize		CODE           	08A7	0000	19
		_ADC_SetInterruptHandler		CODE           	1750	0000	10
		_ADC_GetConversionResult		CODE           	170C	0000	7
		_ADC_StartConversion		CODE           	16F6	0000	4
		_ADC_ISR       		CODE           	17F3	0000	14
		_ADC_SelectChannel		CODE           	0897	0000	17

mcc_generated_files/adc.c estimated size: 73

C:\Program Files (x86)\Microchip\xc8\v2.05\pic\sources\c99\common\__lldiv.c
		___lldiv       		CODE           	0B0D	0000	83

C:\Program Files (x86)\Microchip\xc8\v2.05\pic\sources\c99\common\__lldiv.c estimated size: 83

shared
		_v_table       		STRCODE        	007A	0000	2049
		__initialization		CODE           	0036	0000	65
		_invalid_arg   		STRCODE        	0000	0000	0
		_invalid_com   		STRCODE        	0000	0000	0

shared estimated size: 2114

mcc_generated_files/mcc.c
		_WDT_Initialize		CODE           	1703	0000	5
		_OSCILLATOR_Initialize		CODE           	1748	0000	9
		_SYSTEM_Initialize		CODE           	0929	0000	28

mcc_generated_files/mcc.c estimated size: 42

mcc_generated_files/pwm3.c
		_PWM3_Initialize		CODE           	17B8	0000	12
		_PWM3_LoadDutyValue		CODE           	08CB	0000	23

mcc_generated_files/pwm3.c estimated size: 35

mcc_generated_files/tmr1.c
		_TMR1_Initialize		CODE           	090F	0000	27
		_TMR1_SetInterruptHandler		CODE           	177D	0000	10
		_TMR1_DefaultInterruptHandler		CODE           	16EF	0000	2
		_TMR1_CallBack 		CODE           	17A2	0000	12
		_TMR1_WriteTimer		CODE           	0888	0000	16
		_TMR1_ISR      		CODE           	087B	0000	14

mcc_generated_files/tmr1.c estimated size: 81

UartParser.c
		_uart_start    		CODE           	08E1	0000	23
		_uart_task     		CODE           	0DE1	0000	544
		_EUSART_CommandHandler_ISR		CODE           	097C	0000	33

UartParser.c estimated size: 600

mcc_generated_files/memory.c
		_FLASH_EraseBlock		CODE           	09BC	0000	33
		_FLASH_ReadWord		CODE           	099C	0000	33
		_FLASH_WriteBlock		CODE           	0BB8	0000	104

mcc_generated_files/memory.c estimated size: 170

mcc_generated_files/eusart.c
		_EUSART_SetRxInterruptHandler		CODE           	1774	0000	10
		_EUSART_DefaultOverrunErrorHandler		CODE           	16FF	0000	5
		_EUSART_DefaultErrorHandler		CODE           	16F0	0000	4
		_EUSART_Initialize		CODE           	0A37	0000	52
		_EUSART_SetFramingErrorHandler		CODE           	1762	0000	10
		_EUSART_SetErrorHandler		CODE           	1759	0000	10
		_EUSART_SetOverrunErrorHandler		CODE           	176B	0000	10
		_EUSART_Receive_ISR		CODE           	0AD3	0000	59
		_EUSART_RxDataHandler		CODE           	08F7	0000	25
		_EUSART_DefaultFramingErrorHandler		CODE           	16EE	0000	2

mcc_generated_files/eusart.c estimated size: 187

main.c
		_main          		CODE           	0C1F	0000	159

main.c estimated size: 159

