Microchip MPLAB XC8 Compiler V2.05 ()

Linker command line:

-W-3 --edf=C:\Program Files (x86)\Microchip\xc8\v2.05\pic\dat\en_msgs.txt \
  -cs -h+dist/default/production\LinearChopper.X.production.sym \
  --cmf=dist/default/production\LinearChopper.X.production.cmf -z -Q16F1705 \
  -oC:\Users\Damian\AppData\Local\Temp\sask.2 --defsym=__MPLAB_BUILD=1 \
  -Mdist/default/production/LinearChopper.X.production.map -E1 -ver=XC8 \
  --acfsm=1493 -ASTACK=02124h-023EFh -pstack=STACK -ACODE=00h-07FFhx4 \
  -ASTRCODE=00h-01FFFh -ASTRING=00h-0FFhx32 -ACONST=00h-0FFhx32 \
  -AENTRY=00h-0FFhx32 -ACOMMON=070h-07Fh -ABANK0=020h-06Fh \
  -ABANK1=0A0h-0EFh -ABANK2=0120h-016Fh -ABANK3=01A0h-01EFh \
  -ABANK4=0220h-026Fh -ABANK5=02A0h-02EFh -ABANK6=0320h-036Fh \
  -ABANK7=03A0h-03EFh -ABANK8=0420h-046Fh -ABANK9=04A0h-04EFh \
  -ABANK10=0520h-056Fh -ABANK11=05A0h-05EFh -ABANK12=0620h-064Fh \
  -ABIGRAM=02000h-023EFh \
  -ARAM=020h-06Fh,0A0h-0EFh,0120h-016Fh,01A0h-01EFh,0220h-026Fh,02A0h-02EFh,0320h-036Fh,03A0h-03EFh,0420h-046Fh,04A0h-04EFh,0520h-056Fh,05A0h-05EFh,0620h-064Fh \
  -AABS1=020h-07Fh,0A0h-0EFh,0120h-016Fh,01A0h-01EFh,0220h-026Fh,02A0h-02EFh,0320h-036Fh,03A0h-03EFh,0420h-046Fh,04A0h-04EFh,0520h-056Fh,05A0h-05EFh,0620h-064Fh \
  -ASFR0=00h-01Fh -ASFR1=080h-09Fh -ASFR2=0100h-011Fh -ASFR3=0180h-019Fh \
  -ASFR4=0200h-021Fh -ASFR5=0280h-029Fh -ASFR6=0300h-031Fh \
  -ASFR7=0380h-039Fh -ASFR8=0400h-041Fh -ASFR9=0480h-049Fh \
  -ASFR10=0500h-051Fh -ASFR11=0580h-059Fh -ASFR12=0600h-061Fh \
  -ASFR13=0680h-06EFh -ASFR14=0700h-076Fh -ASFR15=0780h-07EFh \
  -ASFR16=0800h-086Fh -ASFR17=0880h-08EFh -ASFR18=0900h-096Fh \
  -ASFR19=0980h-09EFh -ASFR20=0A00h-0A6Fh -ASFR21=0A80h-0AEFh \
  -ASFR22=0B00h-0B6Fh -ASFR23=0B80h-0BEFh -ASFR24=0C00h-0C6Fh \
  -ASFR25=0C80h-0CEFh -ASFR26=0D00h-0D6Fh -ASFR27=0D80h-0DEFh \
  -ASFR28=0E00h-0E6Fh -ASFR29=0E80h-0EEFh -ASFR30=0F00h-0F6Fh \
  -ASFR31=0F80h-0FEFh -preset_vec=00h,intentry=04h,init,end_init \
  -ppowerup=CODE -pcinit=CODE -pfunctab=ENTRY -ACONFIG=08007h-08008h \
  -pconfig=CONFIG -DCONFIG=2 -AIDLOC=08000h-08003h -pidloc=IDLOC -DIDLOC=2 \
  -DCODE=2 -DSTRCODE=2 -DSTRING=2 -DCONST=2 -DENTRY=2 -k \
  C:\Users\Damian\AppData\Local\Temp\sask.o \
  dist/default/production\LinearChopper.X.production.o 

Object code version is 3.11

Machine type is 16F1705



                Name                               Link     Load   Length Selector   Space Scale
C:\Users\Damian\AppData\Local\Temp\sask.o
                end_init                             34       34        2        8       0
                reset_vec                             0        0        2        0       0
                config                             8007     8007        2    1000E       0
dist/default/production\LinearChopper.X.production.o
                cinit                                36       36       40        8       0
                intentry                              4        4       30        8       0
                text82                             12C7     12C7        6     258E       0
                text81                             12B3     12B3        5     2566       0
                text80                             1430     1430       16     2860       0
                text79                             17AE     17AE       52     2F5C       0
                text78                             1627     1627       2F     2C4E       0
                text77                             12B8     12B8        5     2570       0
                text76                              B70      B70      1A8     16E0       0
                text75                             1291     1291        1     2522       0
                text74                             1398     1398        C     2730       0
                text73                             145C     145C       18     28B8       0
                text72                             1293     1293        3     2526       0
                text71                             1292     1292        1     2524       0
                text70                             1296     1296        3     252C       0
                text69                             16EF     16EF       3A     2DDE       0
                text68                             152E     152E       1F     2A5C       0
                text67                             158B     158B       23     2B16       0
                text66                              876      876        1     10EC       0
                text65                             1361     1361        B     26C2       0
                text64                             13CB     13CB        F     2796       0
                text63                             13A4     13A4        C     2748       0
                text62                             176A     176A       44     2ED4       0
                text61                              877      877        1     10EE       0
                text60                             136C     136C        B     26D8       0
                text59                             12AB     12AB        4     2556       0
                text57                             154D     154D       1F     2A9A       0
                text56                             156C     156C       1F     2AD8       0
                text55                              88A      88A       66     1114       0
                text54                             13F9     13F9       11     27F2       0
                text53                             12CD     12CD        6     259A       0
                text52                             1331     1331        9     2662       0
                text51                             14C0     14C0       1B     2980       0
                text50                             141B     141B       15     2836       0
                text49                              8F0      8F0       6A     11E0       0
                text48                             13E9     13E9       10     27D2       0
                text47                             1343     1343        A     2686       0
                text46                             1474     1474       18     28E8       0
                text45                             16BB     16BB       34     2D76       0
                text44                             1688     1688       33     2D10       0
                text43                             14F6     14F6       1C     29EC       0
                text42                             1377     1377        B     26EE       0
                text41                             1382     1382        B     2704       0
                text40                             138D     138D        B     271A       0
                text39                             15AE     15AE       26     2B5C       0
                text38                             13DA     13DA        F     27B4       0
                text37                             12F1     12F1        8     25E2       0
                text36                             1299     1299        3     2532       0
                text35                             12F9     12F9        8     25F2       0
                text34                             129C     129C        3     2538       0
                text33                             15D4     15D4       27     2BA8       0
                text32                             133A     133A        9     2674       0
                text31                             148C     148C       1A     2918       0
                text30                              9D9      9D9      197     13B2       0
                text29                             140A     140A       11     2814       0
                text28                             1301     1301        8     2602       0
                text27                             1309     1309        8     2612       0
                text26                             1311     1311        8     2622       0
                text25                             1319     1319        8     2632       0
                text24                             1656     1656       32     2CAC       0
                text23                             1321     1321        8     2642       0
                text22                             15FB     15FB       2C     2BF6       0
                text21                             13B0     13B0        D     2760       0
                text20                             1329     1329        8     2652       0
                text19                             14A6     14A6       1A     294C       0
                text18                              878      878       12     10F0       0
                text17                             134D     134D        A     269A       0
                text16                             12AF     12AF        4     255E       0
                text15                             14DB     14DB       1B     29B6       0
                text14                                2        2        1        0       0
                text13                             1729     1729       41     2E52       0
                text12                             129F     129F        3     253E       0
                text11                             12BD     12BD        5     257A       0
                text10                             12A2     12A2        3     2544       0
                text9                               95A      95A       7F     12B4       0
                text8                              1446     1446       16     288C       0
                text7                              12D3     12D3        6     25A6       0
                text6                              12D9     12D9        6     25B2       0
                text5                              12C2     12C2        5     2584       0
                text4                              12A5     12A5        3     254A       0
                text3                              12DF     12DF        6     25BE       0
                text2                              13BD     13BD        E     277A       0
                text1                               D18      D18      2E8     1A30       0
                maintext                           1512     1512       1C     2A24       0
                cstackBANK0                          43       43       1B       20       1
                cstackCOMMON                         70       70        E       70       1
                cstackBANK1                          A0       A0       44       A0       1
                cstackBANK3                         1BD      1BD        F      1A0       1
                clrtext                            12E5     12E5        6     25CA       0
                inittext                           12EB     12EB        6     25D6       0
                bssBANK3                            1A0      1A0       1D      1A0       1
                dataBANK2                           15D      15D        A      120       1
                bssBANK2                            120      120       3D      120       1
                dataBANK1                            EF       EF        1       A0       1
                bssBANK1                             E4       E4        B       A0       1
                dataBANK0                            5E       5E        3       20       1
                bssBANK0                             20       20       23       20       1
                stringtext22                       1953     1953        5     3000       0
                stringtext21                       194E     194E        5     3000       0
                stringtext20                       1948     1948        6     3000       0
                stringtext19                       1942     1942        6     3000       0
                stringtext18                       193C     193C        6     3000       0
                stringtext17                       192D     192D        F     3000       0
                stringtext16                       191D     191D       10     3000       0
                stringtext15                       190B     190B       12     3000       0
                stringtext14                       18F5     18F5       16     3000       0
                stringtext13                       18DF     18DF       16     3000       0
                stringtext12                       189C     189C       17     3000       0
                stringtext11                       1885     1885       17     3000       0
                stringtext10                       186D     186D       18     3000       0
                stringtext9                        1854     1854       19     3000       0
                stringtext8                        183B     183B       19     3000       0
                stringtext7                        1822     1822       19     3000       0
                stringtext6                        1800     1800       22     3000       0
                nvBANK3                             1CC      1CC        8      1A0       1
                nvBANK2                             167      167        8      120       1
                stringtext5                        195A     195A        2     3000       0
                stringtext4                        1958     1958        2     3000       0
                stringtext3                        18C9     18C9       16     3000       0
                stringtext2                        18B3     18B3       16     3000       0
                stringtext1                          76       76      800       EC       0
                idataBANK2                         1357     1357        A     26AE       0
                idataBANK1                            3        3        1        6       0
                idataBANK0                         12A8     12A8        3     2550       0

TOTAL           Name                               Link     Load   Length     Space
        CLASS   STACK          

        CLASS   CODE           
                end_init                             34       34        2         0
                cinit                                36       36       40         0
                intentry                              4        4       30         0
                reset_vec                             0        0        2         0
                text82                             12C7     12C7        6         0
                text81                             12B3     12B3        5         0
                text80                             1430     1430       16         0
                text79                             17AE     17AE       52         0
                text78                             1627     1627       2F         0
                text77                             12B8     12B8        5         0
                text76                              B70      B70      1A8         0
                text75                             1291     1291        1         0
                text74                             1398     1398        C         0
                text73                             145C     145C       18         0
                text72                             1293     1293        3         0
                text71                             1292     1292        1         0
                text70                             1296     1296        3         0
                text69                             16EF     16EF       3A         0
                text68                             152E     152E       1F         0
                text67                             158B     158B       23         0
                text66                              876      876        1         0
                text65                             1361     1361        B         0
                text64                             13CB     13CB        F         0
                text63                             13A4     13A4        C         0
                text62                             176A     176A       44         0
                text61                              877      877        1         0
                text60                             136C     136C        B         0
                text59                             12AB     12AB        4         0
                text57                             154D     154D       1F         0
                text56                             156C     156C       1F         0
                text55                              88A      88A       66         0
                text54                             13F9     13F9       11         0
                text53                             12CD     12CD        6         0
                text52                             1331     1331        9         0
                text51                             14C0     14C0       1B         0
                text50                             141B     141B       15         0
                text49                              8F0      8F0       6A         0
                text48                             13E9     13E9       10         0
                text47                             1343     1343        A         0
                text46                             1474     1474       18         0
                text45                             16BB     16BB       34         0
                text44                             1688     1688       33         0
                text43                             14F6     14F6       1C         0
                text42                             1377     1377        B         0
                text41                             1382     1382        B         0
                text40                             138D     138D        B         0
                text39                             15AE     15AE       26         0
                text38                             13DA     13DA        F         0
                text37                             12F1     12F1        8         0
                text36                             1299     1299        3         0
                text35                             12F9     12F9        8         0
                text34                             129C     129C        3         0
                text33                             15D4     15D4       27         0
                text32                             133A     133A        9         0
                text31                             148C     148C       1A         0
                text30                              9D9      9D9      197         0
                text29                             140A     140A       11         0
                text28                             1301     1301        8         0
                text27                             1309     1309        8         0
                text26                             1311     1311        8         0
                text25                             1319     1319        8         0
                text24                             1656     1656       32         0
                text23                             1321     1321        8         0
                text22                             15FB     15FB       2C         0
                text21                             13B0     13B0        D         0
                text20                             1329     1329        8         0
                text19                             14A6     14A6       1A         0
                text18                              878      878       12         0
                text17                             134D     134D        A         0
                text16                             12AF     12AF        4         0
                text15                             14DB     14DB       1B         0
                text14                                2        2        1         0
                text13                             1729     1729       41         0
                text12                             129F     129F        3         0
                text11                             12BD     12BD        5         0
                text10                             12A2     12A2        3         0
                text9                               95A      95A       7F         0
                text8                              1446     1446       16         0
                text7                              12D3     12D3        6         0
                text6                              12D9     12D9        6         0
                text5                              12C2     12C2        5         0
                text4                              12A5     12A5        3         0
                text3                              12DF     12DF        6         0
                text2                              13BD     13BD        E         0
                text1                               D18      D18      2E8         0
                maintext                           1512     1512       1C         0
                clrtext                            12E5     12E5        6         0
                inittext                           12EB     12EB        6         0
                idataBANK2                         1357     1357        A         0
                idataBANK1                            3        3        1         0
                idataBANK0                         12A8     12A8        3         0

        CLASS   STRCODE        
                stringtext22                       1953     1953        5         0
                stringtext21                       194E     194E        5         0
                stringtext20                       1948     1948        6         0
                stringtext19                       1942     1942        6         0
                stringtext18                       193C     193C        6         0
                stringtext17                       192D     192D        F         0
                stringtext16                       191D     191D       10         0
                stringtext15                       190B     190B       12         0
                stringtext14                       18F5     18F5       16         0
                stringtext13                       18DF     18DF       16         0
                stringtext12                       189C     189C       17         0
                stringtext11                       1885     1885       17         0
                stringtext10                       186D     186D       18         0
                stringtext9                        1854     1854       19         0
                stringtext8                        183B     183B       19         0
                stringtext7                        1822     1822       19         0
                stringtext6                        1800     1800       22         0
                stringtext5                        195A     195A        2         0
                stringtext4                        1958     1958        2         0
                stringtext3                        18C9     18C9       16         0
                stringtext2                        18B3     18B3       16         0
                stringtext1                          76       76      800         0

        CLASS   STRING         

        CLASS   CONST          

        CLASS   ENTRY          

        CLASS   COMMON         
                cstackCOMMON                         70       70        E         1

        CLASS   BANK0          
                cstackBANK0                          43       43       1B         1
                dataBANK0                            5E       5E        3         1
                bssBANK0                             20       20       23         1

        CLASS   BANK1          
                cstackBANK1                          A0       A0       44         1
                dataBANK1                            EF       EF        1         1
                bssBANK1                             E4       E4        B         1

        CLASS   BANK2          
                dataBANK2                           15D      15D        A         1
                bssBANK2                            120      120       3D         1
                nvBANK2                             167      167        8         1

        CLASS   BANK3          
                cstackBANK3                         1BD      1BD        F         1
                bssBANK3                            1A0      1A0       1D         1
                nvBANK3                             1CC      1CC        8         1

        CLASS   BANK4          

        CLASS   BANK5          

        CLASS   BANK6          

        CLASS   BANK7          

        CLASS   BANK8          

        CLASS   BANK9          

        CLASS   BANK10         

        CLASS   BANK11         

        CLASS   BANK12         

        CLASS   BIGRAM         

        CLASS   RAM            

        CLASS   ABS1           
                abs_s1                               7E       7E        2         1

        CLASS   SFR0           

        CLASS   SFR1           

        CLASS   SFR2           

        CLASS   SFR3           

        CLASS   SFR4           

        CLASS   SFR5           

        CLASS   SFR6           

        CLASS   SFR7           

        CLASS   SFR8           

        CLASS   SFR9           

        CLASS   SFR10          

        CLASS   SFR11          

        CLASS   SFR12          

        CLASS   SFR13          

        CLASS   SFR14          

        CLASS   SFR15          

        CLASS   SFR16          

        CLASS   SFR17          

        CLASS   SFR18          

        CLASS   SFR19          

        CLASS   SFR20          

        CLASS   SFR21          

        CLASS   SFR22          

        CLASS   SFR23          

        CLASS   SFR24          

        CLASS   SFR25          

        CLASS   SFR26          

        CLASS   SFR27          

        CLASS   SFR28          

        CLASS   SFR29          

        CLASS   SFR30          

        CLASS   SFR31          

        CLASS   CONFIG         
                config                             8007     8007        2         0

        CLASS   IDLOC          

        CLASS   BANK31         

        CLASS   BANK30         

        CLASS   BANK29         

        CLASS   BANK28         

        CLASS   BANK27         

        CLASS   BANK26         

        CLASS   BANK25         

        CLASS   BANK24         

        CLASS   BANK23         

        CLASS   BANK22         

        CLASS   BANK21         

        CLASS   BANK20         

        CLASS   BANK19         

        CLASS   BANK18         

        CLASS   BANK17         

        CLASS   BANK16         

        CLASS   BANK15         

        CLASS   BANK14         

        CLASS   BANK13         

        CLASS   EEDATA         



SEGMENTS        Name                           Load    Length   Top    Selector   Space  Class     Delta

                reset_vec                      000000  000003  000003         0       0  CODE        2
                idataBANK1                     000003  000001  000004         6       0  CODE        2
                intentry                       000004  000072  000076         8       0  CODE        2
                bssBANK0                       000020  000041  000061        20       1  BANK0       1
                cstackCOMMON                   000070  00000E  00007E        70       1  COMMON      1
                cstackBANK1                    0000A0  000050  0000F0        A0       1  BANK1       1
                stringtext1                    000076  000800  000876        EC       0  STRCODE     2
                bssBANK2                       000120  00004F  00016F       120       1  BANK2       1
                bssBANK3                       0001A0  000034  0001D4       1A0       1  BANK3       1
                text66                         000876  000001  000877      10EC       0  CODE        2
                text61                         000877  000001  000878      10EE       0  CODE        2
                text18                         000878  000012  00088A      10F0       0  CODE        2
                text55                         00088A  000066  0008F0      1114       0  CODE        2
                text49                         0008F0  00006A  00095A      11E0       0  CODE        2
                text9                          00095A  00007F  0009D9      12B4       0  CODE        2
                text30                         0009D9  000197  000B70      13B2       0  CODE        2
                text76                         000B70  0001A8  000D18      16E0       0  CODE        2
                text1                          000D18  0002E8  001000      1A30       0  CODE        2
                text75                         001291  000001  001292      2522       0  CODE        2
                text71                         001292  000001  001293      2524       0  CODE        2
                text72                         001293  000003  001296      2526       0  CODE        2
                text70                         001296  000003  001299      252C       0  CODE        2
                text36                         001299  000003  00129C      2532       0  CODE        2
                text34                         00129C  000003  00129F      2538       0  CODE        2
                text12                         00129F  000003  0012A2      253E       0  CODE        2
                text10                         0012A2  000003  0012A5      2544       0  CODE        2
                text4                          0012A5  000003  0012A8      254A       0  CODE        2
                idataBANK0                     0012A8  000003  0012AB      2550       0  CODE        2
                text59                         0012AB  000004  0012AF      2556       0  CODE        2
                text16                         0012AF  000004  0012B3      255E       0  CODE        2
                text81                         0012B3  000005  0012B8      2566       0  CODE        2
                text77                         0012B8  000005  0012BD      2570       0  CODE        2
                text11                         0012BD  000005  0012C2      257A       0  CODE        2
                text5                          0012C2  000005  0012C7      2584       0  CODE        2
                text82                         0012C7  000006  0012CD      258E       0  CODE        2
                text53                         0012CD  000006  0012D3      259A       0  CODE        2
                text7                          0012D3  000006  0012D9      25A6       0  CODE        2
                text6                          0012D9  000006  0012DF      25B2       0  CODE        2
                text3                          0012DF  000006  0012E5      25BE       0  CODE        2
                clrtext                        0012E5  000006  0012EB      25CA       0  CODE        2
                inittext                       0012EB  000006  0012F1      25D6       0  CODE        2
                text37                         0012F1  000008  0012F9      25E2       0  CODE        2
                text35                         0012F9  000008  001301      25F2       0  CODE        2
                text28                         001301  000008  001309      2602       0  CODE        2
                text27                         001309  000008  001311      2612       0  CODE        2
                text26                         001311  000008  001319      2622       0  CODE        2
                text25                         001319  000008  001321      2632       0  CODE        2
                text23                         001321  000008  001329      2642       0  CODE        2
                text20                         001329  000008  001331      2652       0  CODE        2
                text52                         001331  000009  00133A      2662       0  CODE        2
                text32                         00133A  000009  001343      2674       0  CODE        2
                text47                         001343  00000A  00134D      2686       0  CODE        2
                text17                         00134D  00000A  001357      269A       0  CODE        2
                idataBANK2                     001357  00000A  001361      26AE       0  CODE        2
                text65                         001361  00000B  00136C      26C2       0  CODE        2
                text60                         00136C  00000B  001377      26D8       0  CODE        2
                text42                         001377  00000B  001382      26EE       0  CODE        2
                text41                         001382  00000B  00138D      2704       0  CODE        2
                text40                         00138D  00000B  001398      271A       0  CODE        2
                text74                         001398  00000C  0013A4      2730       0  CODE        2
                text63                         0013A4  00000C  0013B0      2748       0  CODE        2
                text21                         0013B0  00000D  0013BD      2760       0  CODE        2
                text2                          0013BD  00000E  0013CB      277A       0  CODE        2
                text64                         0013CB  00000F  0013DA      2796       0  CODE        2
                text38                         0013DA  00000F  0013E9      27B4       0  CODE        2
                text48                         0013E9  000010  0013F9      27D2       0  CODE        2
                text54                         0013F9  000011  00140A      27F2       0  CODE        2
                text29                         00140A  000011  00141B      2814       0  CODE        2
                text50                         00141B  000015  001430      2836       0  CODE        2
                text80                         001430  000016  001446      2860       0  CODE        2
                text8                          001446  000016  00145C      288C       0  CODE        2
                text73                         00145C  000018  001474      28B8       0  CODE        2
                text46                         001474  000018  00148C      28E8       0  CODE        2
                text31                         00148C  00001A  0014A6      2918       0  CODE        2
                text19                         0014A6  00001A  0014C0      294C       0  CODE        2
                text51                         0014C0  00001B  0014DB      2980       0  CODE        2
                text15                         0014DB  00001B  0014F6      29B6       0  CODE        2
                text43                         0014F6  00001C  001512      29EC       0  CODE        2
                maintext                       001512  00001C  00152E      2A24       0  CODE        2
                text68                         00152E  00001F  00154D      2A5C       0  CODE        2
                text57                         00154D  00001F  00156C      2A9A       0  CODE        2
                text56                         00156C  00001F  00158B      2AD8       0  CODE        2
                text67                         00158B  000023  0015AE      2B16       0  CODE        2
                text39                         0015AE  000026  0015D4      2B5C       0  CODE        2
                text33                         0015D4  000027  0015FB      2BA8       0  CODE        2
                text22                         0015FB  00002C  001627      2BF6       0  CODE        2
                text78                         001627  00002F  001656      2C4E       0  CODE        2
                text24                         001656  000032  001688      2CAC       0  CODE        2
                text44                         001688  000033  0016BB      2D10       0  CODE        2
                text45                         0016BB  000034  0016EF      2D76       0  CODE        2
                text69                         0016EF  00003A  001729      2DDE       0  CODE        2
                text13                         001729  000041  00176A      2E52       0  CODE        2
                text62                         00176A  000044  0017AE      2ED4       0  CODE        2
                text79                         0017AE  000052  001800      2F5C       0  CODE        2
                stringtext6                    001800  00015C  00195C      3000       0  STRCODE     2
                config                         008007  000002  008009     1000E       0  CONFIG      2


UNUSED ADDRESS RANGES

        Name                Unused          Largest block    Delta
        BANK0            00061-0006F               F           1
        BANK10           00520-0056F              50           1
        BANK11           005A0-005EF              50           1
        BANK12           00620-0064F              30           1
        BANK2            0016F-0016F               1           1
        BANK3            001D4-001EF              1C           1
        BANK4            00220-0026F              50           1
        BANK5            002A0-002EF              50           1
        BANK6            00320-0036F              50           1
        BANK7            003A0-003EF              50           1
        BANK8            00420-0046F              50           1
        BANK9            004A0-004EF              50           1
        BIGRAM           02000-023EF             3F0           1
        CODE             01000-01290             291           2
                         0195C-01FFF             6A4
        CONST            01000-01290             100           2
                         0195C-01FFF             100
        ENTRY            01000-01290             100           2
                         0195C-01FFF             100
        IDLOC            08000-08003               4           2
        RAM              00061-0006F               F           1
                         0016F-0016F               1
                         001D4-001EF              1C
                         00220-0026F              50
                         002A0-002EF              50
                         00320-0036F              50
                         003A0-003EF              50
                         00420-0046F              50
                         004A0-004EF              50
                         00520-0056F              50
                         005A0-005EF              50
                         00620-0064F              30
        SFR0             00000-0001F              20           1
        SFR1             00080-0009F              20           1
        SFR10            00500-0051F              20           1
        SFR11            00580-0059F              20           1
        SFR12            00600-0061F              20           1
        SFR13            00680-006EF              70           1
        SFR14            00700-0076F              70           1
        SFR15            00780-007EF              70           1
        SFR16            00800-0086F              70           1
        SFR17            00880-008EF              70           1
        SFR18            00900-0096F              70           1
        SFR19            00980-009EF              70           1
        SFR2             00100-0011F              20           1
        SFR20            00A00-00A6F              70           1
        SFR21            00A80-00AEF              70           1
        SFR22            00B00-00B6F              70           1
        SFR23            00B80-00BEF              70           1
        SFR24            00C00-00C6F              70           1
        SFR25            00C80-00CEF              70           1
        SFR26            00D00-00D6F              70           1
        SFR27            00D80-00DEF              70           1
        SFR28            00E00-00E6F              70           1
        SFR29            00E80-00EEF              70           1
        SFR3             00180-0019F              20           1
        SFR30            00F00-00F6F              70           1
        SFR31            00F80-00FEF              70           1
        SFR4             00200-0021F              20           1
        SFR5             00280-0029F              20           1
        SFR6             00300-0031F              20           1
        SFR7             00380-0039F              20           1
        SFR8             00400-0041F              20           1
        SFR9             00480-0049F              20           1
        STACK            02124-023EF             2CC           1
        STRCODE          01000-01290             291           2
                         0195C-01FFF             6A4
        STRING           01000-01290             100           2
                         0195C-01FFF             100

                                  Symbol Table

?_ADC_GetConversionResult                        cstackCOMMON 00070
?_FLASH_ReadWord                                 cstackBANK0  0004C
?___lldiv                                        cstackCOMMON 00070
?___lmul                                         cstackCOMMON 00070
?___lwdiv                                        cstackBANK0  0004C
?___wmul                                         cstackBANK0  0004C
?_get_relay_activation_counter                   cstackBANK0  0004C
?_get_relay_reset_voltage                        cstackBANK0  0004C
?_get_reset_duration                             cstackBANK0  0004C
?_get_vdc                                        cstackBANK0  0004C
?_get_vdc_critic                                 cstackBANK0  0004C
?_get_vdc_max                                    cstackBANK0  0004C
?_get_vdc_min                                    cstackBANK0  0004C
?_get_vdc_speed                                  cstackBANK0  00052
?i1_get_relay_reset_voltage                      cstackCOMMON 00070
ADC_SelectChannel@channel                        cstackBANK0  0004D
ADC_SetInterruptHandler@InterruptHandler         cstackBANK0  0004C
ADC_VoltageControlHandler_ISR@force_inc          cstackBANK0  00047
ADC_VoltageControlHandler_ISR@pwm                cstackBANK0  00048
ApplicationInit@act_counter                      cstackBANK3  001C0
ApplicationInit@chopper_state                    cstackBANK3  001BD
ApplicationInit@invalid_param                    cstackBANK3  001BF
ApplicationInit@val                              cstackBANK3  001C4
EUSART_CommandHandler_ISR@rx_data                cstackCOMMON 00071
EUSART_SetErrorHandler@interruptHandler          cstackBANK0  0004C
EUSART_SetFramingErrorHandler@interruptHandler   cstackBANK0  0004C
EUSART_SetOverrunErrorHandler@interruptHandler   cstackBANK0  0004C
EUSART_SetRxInterruptHandler@interruptHandler    cstackBANK0  0004C
FLASH_EraseBlock@GIEBitValue                     cstackBANK0  0004E
FLASH_EraseBlock@startAddr                       cstackBANK0  0004C
FLASH_ReadWord@GIEBitValue                       cstackBANK0  0004E
FLASH_ReadWord@flashAddr                         cstackBANK0  0004C
FLASH_WriteBlock@GIEBitValue                     cstackBANK0  00057
FLASH_WriteBlock@blockStartAddr                  cstackBANK0  00055
FLASH_WriteBlock@flashWordArray                  cstackBANK0  00051
FLASH_WriteBlock@i                               cstackBANK0  00058
FLASH_WriteBlock@writeAddr                       cstackBANK0  0004F
LoadDutyValue@duty                               cstackCOMMON 00070
PWM3_LoadDutyValue@dutyValue                     cstackCOMMON 00070
SolidStateRelay@st                               bssBANK0     0002B
TMR1_SetInterruptHandler@InterruptHandler        cstackBANK0  0004C
TMR1_WriteTimer@timerVal                         cstackCOMMON 00070
TMR2_SetInterruptHandler@InterruptHandler        cstackBANK0  0004C
UartParser@rx_buffer                             bssBANK2     00120
UartParser@rx_idx                                bssBANK0     00031
UartParser@st                                    bssBANK0     0002F
UartParser@tx_idx                                bssBANK0     0002E
_ADCON0                                          (abs)        0009D
_ADCON0bits                                      (abs)        0009D
_ADCON1                                          (abs)        0009E
_ADCON2                                          (abs)        0009F
_ADC_DefaultInterruptHandler                     text75       01291
_ADC_GetConversionResult                         text82       012C7
_ADC_ISR                                         text74       01398
_ADC_Initialize                                  text29       0140A
_ADC_InterruptHandler                            nvBANK2      0016B
_ADC_SelectChannel                               text38       013DA
_ADC_SetInterruptHandler                         text37       012F1
_ADC_StartConversion                             text36       01299
_ADC_VoltageControlHandler_ISR                   text76       00B70
_ADRESH                                          (abs)        0009C
_ADRESL                                          (abs)        0009B
_ANSELA                                          (abs)        0018C
_ANSELC                                          (abs)        0018E
_ApplicationInit                                 text30       009D9
_BAUD1CON                                        (abs)        0019F
_BORCON                                          (abs)        00116
_CCPTMRSbits                                     (abs)        0029E
_EUSART_CommandHandler_ISR                       text68       0152E
_EUSART_DefaultErrorHandler                      text72       01293
_EUSART_DefaultFramingErrorHandler               text71       01292
_EUSART_DefaultOverrunErrorHandler               text70       01296
_EUSART_ErrorHandler                             nvBANK3      001CC
_EUSART_FramingErrorHandler                      nvBANK3      001D0
_EUSART_Initialize                               text24       01656
_EUSART_OverrunErrorHandler                      nvBANK3      001CE
_EUSART_Receive_ISR                              text69       016EF
_EUSART_RxDataHandler                            text73       0145C
_EUSART_RxDefaultInterruptHandler                nvBANK3      001D2
_EUSART_SetErrorHandler                          text28       01301
_EUSART_SetFramingErrorHandler                   text27       01309
_EUSART_SetOverrunErrorHandler                   text26       01311
_EUSART_SetRxInterruptHandler                    text25       01319
_FLASH_EraseBlock                                text56       0156C
_FLASH_ReadWord                                  text57       0154D
_FLASH_WriteBlock                                text55       0088A
_INLVLA                                          (abs)        0038C
_INLVLC                                          (abs)        0038E
_INTCONbits                                      (abs)        0000B
_INTERRUPT_InterruptManager                      intentry     00004
_LATA                                            (abs)        0010C
_LATAbits                                        (abs)        0010C
_LATC                                            (abs)        0010E
_LATCbits                                        (abs)        0010E
_LoadDutyValue                                   text81       012B3
_ODCONA                                          (abs)        0028C
_ODCONC                                          (abs)        0028E
_OPTION_REGbits                                  (abs)        00095
_OSCCON                                          (abs)        00099
_OSCILLATOR_Initialize                           text23       01321
_OSCSTAT                                         (abs)        0009A
_OSCTUNE                                         (abs)        00098
_PIE1bits                                        (abs)        00091
_PIN_MANAGER_Initialize                          text22       015FB
_PIR1bits                                        (abs)        00011
_PIR2bits                                        (abs)        00012
_PMADRH                                          (abs)        00192
_PMADRL                                          (abs)        00191
_PMCON1bits                                      (abs)        00195
_PMCON2                                          (abs)        00196
_PMDATH                                          (abs)        00194
_PMDATL                                          (abs)        00193
_PR2                                             (abs)        0001B
_PR4                                             (abs)        00416
_PWM3CON                                         (abs)        00619
_PWM3DCH                                         (abs)        00618
_PWM3DCL                                         (abs)        00617
_PWM3_Initialize                                 text21       013B0
_PWM3_LoadDutyValue                              text80       01430
_RC0PPS                                          (abs)        00EA0
_RC1PPS                                          (abs)        00EA1
_RC1REG                                          (abs)        00199
_RC1STA                                          (abs)        0019D
_RC1STAbits                                      (abs)        0019D
_RC2PPS                                          (abs)        00EA2
_RXPPS                                           (abs)        00E24
_SLRCONA                                         (abs)        0030C
_SLRCONC                                         (abs)        0030E
_SP1BRGH                                         (abs)        0019C
_SP1BRGL                                         (abs)        0019B
_SYSTEM_Initialize                               text15       014DB
_T1CON                                           (abs)        00018
_T1CONbits                                       (abs)        00018
_T1GCON                                          (abs)        00019
_T2CON                                           (abs)        0001C
_T2CONbits                                       (abs)        0001C
_T4CON                                           (abs)        00417
_TMR1H                                           (abs)        00017
_TMR1L                                           (abs)        00016
_TMR1_CallBack                                   text65       01361
_TMR1_DefaultInterruptHandler                    text66       00876
_TMR1_ISR                                        text63       013A4
_TMR1_Initialize                                 text19       014A6
_TMR1_InterruptHandler                           nvBANK2      00167
_TMR1_SetInterruptHandler                        text20       01329
_TMR1_SystemTimer_ISR                            text67       0158B
_TMR1_WriteTimer                                 text64       013CB
_TMR2                                            (abs)        0001A
_TMR2_CallBack                                   text60       0136C
_TMR2_DefaultInterruptHandler                    text61       00877
_TMR2_DutyControlHandler_ISR                     text62       0176A
_TMR2_ISR                                        text59       012AB
_TMR2_Initialize                                 text18       00878
_TMR2_InterruptHandler                           nvBANK2      0016D
_TMR2_SetInterruptHandler                        text35       012F9
_TMR2_StartTimer                                 text34       0129C
_TMR4                                            (abs)        00415
_TMR4_Initialize                                 text17       0134D
_TRISA                                           (abs)        0008C
_TRISAbits                                       (abs)        0008C
_TRISC                                           (abs)        0008E
_TX1REG                                          (abs)        0019A
_TX1STA                                          (abs)        0019E
_TX1STAbits                                      (abs)        0019E
_WDTCON                                          (abs)        00097
_WDT_Initialize                                  text16       012AF
_WPUA                                            (abs)        0020C
_WPUC                                            (abs)        0020E
__1000ms_counter                                 bssBANK0     0002C
__100ms_counter                                  bssBANK0     0002D
__CFG_BOREN$ON                                   (abs)        00000
__CFG_BORV$LO                                    (abs)        00000
__CFG_CLKOUTEN$OFF                               (abs)        00000
__CFG_CP$OFF                                     (abs)        00000
__CFG_FCMEN$ON                                   (abs)        00000
__CFG_FOSC$INTOSC                                (abs)        00000
__CFG_IESO$ON                                    (abs)        00000
__CFG_LPBOR$OFF                                  (abs)        00000
__CFG_LVP$ON                                     (abs)        00000
__CFG_MCLRE$ON                                   (abs)        00000
__CFG_PLLEN$OFF                                  (abs)        00000
__CFG_PPS1WAY$ON                                 (abs)        00000
__CFG_PWRTE$OFF                                  (abs)        00000
__CFG_STVREN$ON                                  (abs)        00000
__CFG_WDTE$ON                                    (abs)        00000
__CFG_WRT$OFF                                    (abs)        00000
__CFG_ZCDDIS$ON                                  (abs)        00000
__Habs1                                          abs1         00000
__Hbank0                                         bank0        00000
__Hbank1                                         bank1        00000
__Hbank10                                        bank10       00000
__Hbank11                                        bank11       00000
__Hbank12                                        bank12       00000
__Hbank13                                        bank13       00000
__Hbank14                                        bank14       00000
__Hbank15                                        bank15       00000
__Hbank16                                        bank16       00000
__Hbank17                                        bank17       00000
__Hbank18                                        bank18       00000
__Hbank19                                        bank19       00000
__Hbank2                                         bank2        00000
__Hbank20                                        bank20       00000
__Hbank21                                        bank21       00000
__Hbank22                                        bank22       00000
__Hbank23                                        bank23       00000
__Hbank24                                        bank24       00000
__Hbank25                                        bank25       00000
__Hbank26                                        bank26       00000
__Hbank27                                        bank27       00000
__Hbank28                                        bank28       00000
__Hbank29                                        bank29       00000
__Hbank3                                         bank3        00000
__Hbank30                                        bank30       00000
__Hbank31                                        bank31       00000
__Hbank4                                         bank4        00000
__Hbank5                                         bank5        00000
__Hbank6                                         bank6        00000
__Hbank7                                         bank7        00000
__Hbank8                                         bank8        00000
__Hbank9                                         bank9        00000
__Hbigram                                        bigram       00000
__HbssBANK0                                      bssBANK0     00000
__HbssBANK1                                      bssBANK1     00000
__HbssBANK2                                      bssBANK2     00000
__HbssBANK3                                      bssBANK3     00000
__Hcinit                                         cinit        00076
__Hclrtext                                       clrtext      00000
__Hcode                                          code         00000
__Hcommon                                        common       00000
__Hconfig                                        config       08009
__HcstackBANK0                                   cstackBANK0  00000
__HcstackBANK1                                   cstackBANK1  00000
__HcstackBANK3                                   cstackBANK3  00000
__HcstackCOMMON                                  cstackCOMMON 00000
__HdataBANK0                                     dataBANK0    00000
__HdataBANK1                                     dataBANK1    00000
__HdataBANK2                                     dataBANK2    00000
__Heeprom_data                                   eeprom_data  00000
__Hend_init                                      end_init     00036
__Hfunctab                                       functab      00000
__HidataBANK0                                    idataBANK0   00000
__HidataBANK1                                    idataBANK1   00000
__HidataBANK2                                    idataBANK2   00000
__Hidloc                                         idloc        00000
__Hinit                                          init         00034
__Hinittext                                      inittext     00000
__Hintentry                                      intentry     00034
__Hmaintext                                      maintext     00000
__HnvBANK2                                       nvBANK2      00000
__HnvBANK3                                       nvBANK3      00000
__Hpowerup                                       powerup      00000
__Hram                                           ram          00000
__Hreset_vec                                     reset_vec    00002
__Hsfr0                                          sfr0         00000
__Hsfr1                                          sfr1         00000
__Hsfr10                                         sfr10        00000
__Hsfr11                                         sfr11        00000
__Hsfr12                                         sfr12        00000
__Hsfr13                                         sfr13        00000
__Hsfr14                                         sfr14        00000
__Hsfr15                                         sfr15        00000
__Hsfr16                                         sfr16        00000
__Hsfr17                                         sfr17        00000
__Hsfr18                                         sfr18        00000
__Hsfr19                                         sfr19        00000
__Hsfr2                                          sfr2         00000
__Hsfr20                                         sfr20        00000
__Hsfr21                                         sfr21        00000
__Hsfr22                                         sfr22        00000
__Hsfr23                                         sfr23        00000
__Hsfr24                                         sfr24        00000
__Hsfr25                                         sfr25        00000
__Hsfr26                                         sfr26        00000
__Hsfr27                                         sfr27        00000
__Hsfr28                                         sfr28        00000
__Hsfr29                                         sfr29        00000
__Hsfr3                                          sfr3         00000
__Hsfr30                                         sfr30        00000
__Hsfr31                                         sfr31        00000
__Hsfr4                                          sfr4         00000
__Hsfr5                                          sfr5         00000
__Hsfr6                                          sfr6         00000
__Hsfr7                                          sfr7         00000
__Hsfr8                                          sfr8         00000
__Hsfr9                                          sfr9         00000
__Hspace_0                                       (abs)        08009
__Hspace_1                                       (abs)        001D4
__Hspace_2                                       (abs)        00000
__Hspace_3                                       (abs)        00000
__Hstack                                         stack        00000
__Hstrings                                       strings      00000
__Hstringtext1                                   stringtext1  00000
__Hstringtext10                                  stringtext10 00000
__Hstringtext11                                  stringtext11 00000
__Hstringtext12                                  stringtext12 00000
__Hstringtext13                                  stringtext13 00000
__Hstringtext14                                  stringtext14 00000
__Hstringtext15                                  stringtext15 00000
__Hstringtext16                                  stringtext16 00000
__Hstringtext17                                  stringtext17 00000
__Hstringtext18                                  stringtext18 00000
__Hstringtext19                                  stringtext19 00000
__Hstringtext2                                   stringtext2  00000
__Hstringtext20                                  stringtext20 00000
__Hstringtext21                                  stringtext21 00000
__Hstringtext22                                  stringtext22 00000
__Hstringtext23                                  stringtext23 00000
__Hstringtext3                                   stringtext3  00000
__Hstringtext4                                   stringtext4  00000
__Hstringtext5                                   stringtext5  00000
__Hstringtext6                                   stringtext6  00000
__Hstringtext7                                   stringtext7  00000
__Hstringtext8                                   stringtext8  00000
__Hstringtext9                                   stringtext9  00000
__Htext                                          text         00000
__Labs1                                          abs1         00000
__Lbank0                                         bank0        00000
__Lbank1                                         bank1        00000
__Lbank10                                        bank10       00000
__Lbank11                                        bank11       00000
__Lbank12                                        bank12       00000
__Lbank13                                        bank13       00000
__Lbank14                                        bank14       00000
__Lbank15                                        bank15       00000
__Lbank16                                        bank16       00000
__Lbank17                                        bank17       00000
__Lbank18                                        bank18       00000
__Lbank19                                        bank19       00000
__Lbank2                                         bank2        00000
__Lbank20                                        bank20       00000
__Lbank21                                        bank21       00000
__Lbank22                                        bank22       00000
__Lbank23                                        bank23       00000
__Lbank24                                        bank24       00000
__Lbank25                                        bank25       00000
__Lbank26                                        bank26       00000
__Lbank27                                        bank27       00000
__Lbank28                                        bank28       00000
__Lbank29                                        bank29       00000
__Lbank3                                         bank3        00000
__Lbank30                                        bank30       00000
__Lbank31                                        bank31       00000
__Lbank4                                         bank4        00000
__Lbank5                                         bank5        00000
__Lbank6                                         bank6        00000
__Lbank7                                         bank7        00000
__Lbank8                                         bank8        00000
__Lbank9                                         bank9        00000
__Lbigram                                        bigram       00000
__LbssBANK0                                      bssBANK0     00000
__LbssBANK1                                      bssBANK1     00000
__LbssBANK2                                      bssBANK2     00000
__LbssBANK3                                      bssBANK3     00000
__Lcinit                                         cinit        00036
__Lclrtext                                       clrtext      00000
__Lcode                                          code         00000
__Lcommon                                        common       00000
__Lconfig                                        config       08007
__LcstackBANK0                                   cstackBANK0  00000
__LcstackBANK1                                   cstackBANK1  00000
__LcstackBANK3                                   cstackBANK3  00000
__LcstackCOMMON                                  cstackCOMMON 00000
__LdataBANK0                                     dataBANK0    00000
__LdataBANK1                                     dataBANK1    00000
__LdataBANK2                                     dataBANK2    00000
__Leeprom_data                                   eeprom_data  00000
__Lend_init                                      end_init     00034
__Lfunctab                                       functab      00000
__LidataBANK0                                    idataBANK0   00000
__LidataBANK1                                    idataBANK1   00000
__LidataBANK2                                    idataBANK2   00000
__Lidloc                                         idloc        00000
__Linit                                          init         00034
__Linittext                                      inittext     00000
__Lintentry                                      intentry     00004
__Lmaintext                                      maintext     00000
__LnvBANK2                                       nvBANK2      00000
__LnvBANK3                                       nvBANK3      00000
__Lpowerup                                       powerup      00000
__Lram                                           ram          00000
__Lreset_vec                                     reset_vec    00000
__Lsfr0                                          sfr0         00000
__Lsfr1                                          sfr1         00000
__Lsfr10                                         sfr10        00000
__Lsfr11                                         sfr11        00000
__Lsfr12                                         sfr12        00000
__Lsfr13                                         sfr13        00000
__Lsfr14                                         sfr14        00000
__Lsfr15                                         sfr15        00000
__Lsfr16                                         sfr16        00000
__Lsfr17                                         sfr17        00000
__Lsfr18                                         sfr18        00000
__Lsfr19                                         sfr19        00000
__Lsfr2                                          sfr2         00000
__Lsfr20                                         sfr20        00000
__Lsfr21                                         sfr21        00000
__Lsfr22                                         sfr22        00000
__Lsfr23                                         sfr23        00000
__Lsfr24                                         sfr24        00000
__Lsfr25                                         sfr25        00000
__Lsfr26                                         sfr26        00000
__Lsfr27                                         sfr27        00000
__Lsfr28                                         sfr28        00000
__Lsfr29                                         sfr29        00000
__Lsfr3                                          sfr3         00000
__Lsfr30                                         sfr30        00000
__Lsfr31                                         sfr31        00000
__Lsfr4                                          sfr4         00000
__Lsfr5                                          sfr5         00000
__Lsfr6                                          sfr6         00000
__Lsfr7                                          sfr7         00000
__Lsfr8                                          sfr8         00000
__Lsfr9                                          sfr9         00000
__Lspace_0                                       (abs)        00000
__Lspace_1                                       (abs)        00000
__Lspace_2                                       (abs)        00000
__Lspace_3                                       (abs)        00000
__Lstack                                         stack        00000
__Lstrings                                       strings      00000
__Lstringtext1                                   stringtext1  00000
__Lstringtext10                                  stringtext10 00000
__Lstringtext11                                  stringtext11 00000
__Lstringtext12                                  stringtext12 00000
__Lstringtext13                                  stringtext13 00000
__Lstringtext14                                  stringtext14 00000
__Lstringtext15                                  stringtext15 00000
__Lstringtext16                                  stringtext16 00000
__Lstringtext17                                  stringtext17 00000
__Lstringtext18                                  stringtext18 00000
__Lstringtext19                                  stringtext19 00000
__Lstringtext2                                   stringtext2  00000
__Lstringtext20                                  stringtext20 00000
__Lstringtext21                                  stringtext21 00000
__Lstringtext22                                  stringtext22 00000
__Lstringtext23                                  stringtext23 00000
__Lstringtext3                                   stringtext3  00000
__Lstringtext4                                   stringtext4  00000
__Lstringtext5                                   stringtext5  00000
__Lstringtext6                                   stringtext6  00000
__Lstringtext7                                   stringtext7  00000
__Lstringtext8                                   stringtext8  00000
__Lstringtext9                                   stringtext9  00000
__Ltext                                          text         00000
__S0                                             (abs)        08009
__S1                                             (abs)        001D4
__S2                                             (abs)        00000
___int_sp                                        stack        00000
___latbits                                       (abs)        00002
___lldiv                                         text79       017AE
___lldiv@counter                                 cstackCOMMON 0007D
___lldiv@dividend                                cstackCOMMON 00074
___lldiv@divisor                                 cstackCOMMON 00070
___lldiv@quotient                                cstackCOMMON 00079
___lmul                                          text78       01627
___lmul@multiplicand                             cstackCOMMON 00074
___lmul@multiplier                               cstackCOMMON 00070
___lmul@product                                  cstackCOMMON 00078
___lwdiv                                         text45       016BB
___lwdiv@counter                                 cstackBANK0  00051
___lwdiv@dividend                                cstackBANK0  0004E
___lwdiv@divisor                                 cstackBANK0  0004C
___lwdiv@quotient                                cstackBANK0  00052
___sp                                            stack        00000
___stackhi                                       (abs)        023EF
___stacklo                                       (abs)        02124
___wmul                                          text51       014C0
___wmul@multiplicand                             cstackBANK0  0004E
___wmul@multiplier                               cstackBANK0  0004C
___wmul@product                                  cstackBANK0  00050
__end_of_ADC_DefaultInterruptHandler             text75       01292
__end_of_ADC_GetConversionResult                 text82       012CD
__end_of_ADC_ISR                                 text74       013A4
__end_of_ADC_Initialize                          text29       0141B
__end_of_ADC_SelectChannel                       text38       013E9
__end_of_ADC_SetInterruptHandler                 text37       012F9
__end_of_ADC_StartConversion                     text36       0129C
__end_of_ADC_VoltageControlHandler_ISR           text76       00D18
__end_of_ApplicationInit                         text30       00B70
__end_of_EUSART_CommandHandler_ISR               text68       0154D
__end_of_EUSART_DefaultErrorHandler              text72       01296
__end_of_EUSART_DefaultFramingErrorHandler       text71       01293
__end_of_EUSART_DefaultOverrunErrorHandler       text70       01299
__end_of_EUSART_Initialize                       text24       01688
__end_of_EUSART_Receive_ISR                      text69       01729
__end_of_EUSART_RxDataHandler                    text73       01474
__end_of_EUSART_SetErrorHandler                  text28       01309
__end_of_EUSART_SetFramingErrorHandler           text27       01311
__end_of_EUSART_SetOverrunErrorHandler           text26       01319
__end_of_EUSART_SetRxInterruptHandler            text25       01321
__end_of_FLASH_EraseBlock                        text56       0158B
__end_of_FLASH_ReadWord                          text57       0156C
__end_of_FLASH_WriteBlock                        text55       008F0
__end_of_INTERRUPT_InterruptManager              intentry     00034
__end_of_LoadDutyValue                           text81       012B8
__end_of_OSCILLATOR_Initialize                   text23       01329
__end_of_PIN_MANAGER_Initialize                  text22       01627
__end_of_PWM3_Initialize                         text21       013BD
__end_of_PWM3_LoadDutyValue                      text80       01446
__end_of_SYSTEM_Initialize                       text15       014F6
__end_of_TMR1_CallBack                           text65       0136C
__end_of_TMR1_DefaultInterruptHandler            text66       00877
__end_of_TMR1_ISR                                text63       013B0
__end_of_TMR1_Initialize                         text19       014C0
__end_of_TMR1_SetInterruptHandler                text20       01331
__end_of_TMR1_SystemTimer_ISR                    text67       015AE
__end_of_TMR1_WriteTimer                         text64       013DA
__end_of_TMR2_CallBack                           text60       01377
__end_of_TMR2_DefaultInterruptHandler            text61       00878
__end_of_TMR2_DutyControlHandler_ISR             text62       017AE
__end_of_TMR2_ISR                                text59       012AF
__end_of_TMR2_Initialize                         text18       0088A
__end_of_TMR2_SetInterruptHandler                text35       01301
__end_of_TMR2_StartTimer                         text34       0129F
__end_of_TMR4_Initialize                         text17       01357
__end_of_WDT_Initialize                          text16       012B3
__end_of___lldiv                                 text79       01800
__end_of___lmul                                  text78       01656
__end_of___lwdiv                                 text45       016EF
__end_of___wmul                                  text51       014DB
__end_of__initialization                         cinit        00072
__end_of_close_relay                             text12       012A2
__end_of_duty_inc                                stringtext4  0195A
__end_of_duty_pwm_inc                            stringtext5  0195C
__end_of_get_relay_activation_counter            text54       0140A
__end_of_get_relay_reset_voltage                 text53       012D3
__end_of_get_reset_duration                      text52       0133A
__end_of_get_vdc                                 text11       012C2
__end_of_get_vdc_critic                          text7        012D9
__end_of_get_vdc_max                             text6        012DF
__end_of_get_vdc_min                             text5        012C7
__end_of_get_vdc_speed                           text50       01430
__end_of_init_chopper                            text33       015FB
__end_of_init_relay_watchdog                     text14       00003
__end_of_invalid_arg                             stringtext2  018C9
__end_of_invalid_com                             stringtext3  018DF
__end_of_is_chopper_active                       text4        012A8
__end_of_main                                    maintext     0152E
__end_of_open_relay                              text10       012A5
__end_of_relay_watchdog_record_activations_task  text13       0176A
__end_of_relay_watchdog_task                     text9        009D9
__end_of_restart_relay_watchdog                  text47       0134D
__end_of_save_to_flash                           text49       0095A
__end_of_set_relay_activation_counter            text48       013F9
[...]
 Tracked objects:
		On entry : 
		On exit  : 
		Unchanged: 
 Data sizes:     COMMON   BANK0   BANK1   BANK2   BANK3   BANK4   BANK5   BANK6   BANK7   BANK8   BANK9  BANK10  BANK11  BANK12
      Params:         0       0       0       0       0       0       0       0       0       0       0       0       0       0
      Locals:         0       0       0       0       0       0       0       0       0       0       0       0       0       0
      Temps:          1       0       0       0       0       0       0       0       0       0       0       0       0       0
      Totals:         1       0       0       0       0       0       0       0       0       0       0       0       0       0
Total ram usage:        1 bytes
 Hardware stack levels used:    1
 This function calls:
		Nothing
 This function is called by:
		_EUSART_Receive_ISR
		_EUSART_DefaultErrorHandler
 This function uses a non-reentrant model


 *************** function _ADC_ISR *****************
 Defined at:
		line 149 in file "mcc_generated_files/adc.c"
 Parameters:    Size  Location     Type
		None
 Auto vars:     Size  Location     Type
		None
 Return value:  Size  Location     Type
                  1    wreg      void 
 Registers used:
		wreg, fsr0l, fsr0h, status,2, status,0, pclath, cstack
 Tracked objects:
		On entry : 
		On exit  : 
		Unchanged: 
 Data sizes:     COMMON   BANK0   BANK1   BANK2   BANK3   BANK4   BANK5   BANK6   BANK7   BANK8   BANK9  BANK10  BANK11  BANK12
      Params:         0       0       0       0       0       0       0       0       0       0       0       0       0       0
      Locals:         0       0       0       0       0       0       0       0       0       0       0       0       0       0
      Temps:          0       0       0       0       0       0       0       0       0       0       0       0       0       0
      Totals:         0       0       0       0       0       0       0       0       0       0       0       0       0       0
Total ram usage:        0 bytes
 Hardware stack levels used:    1
 Hardware stack levels required when called:    2
 This function calls:
		Absolute function
		_ADC_DefaultInterruptHandler
		_ADC_VoltageControlHandler_ISR
 This function is called by:
		_INTERRUPT_InterruptManager
 This function uses a non-reentrant model


 *************** function _ADC_DefaultInterruptHandler *****************
 Defined at:
		line 164 in file "mcc_generated_files/adc.c"
 Parameters:    Size  Location     Type
		None
 Auto vars:     Size  Location     Type
		None
 Return value:  Size  Location     Type
                  1    wreg      void 
 Registers used:
		None
 Tracked objects:
		On entry : 
		On exit  : 
		Unchanged: 
 Data sizes:     COMMON   BANK0   BANK1   BANK2   BANK3   BANK4   BANK5   BANK6   BANK7   BANK8   BANK9  BANK10  BANK11  BANK12
      Params:         0       0       0       0       0       0       0       0       0       0       0       0       0       0
      Locals:         0       0       0       0       0       0       0       0       0       0       0       0       0       0
      Temps:          0       0       0       0       0       0       0       0       0       0       0       0       0       0
      Totals:         0       0       0       0       0       0       0       0       0       0       0       0       0       0
Total ram usage:        0 bytes
 Hardware stack levels used:    1
 This function calls:
		Nothing
 This function is called by:
		_ADC_Initialize
		_ADC_ISR
 This function uses a non-reentrant model


 *************** function _ADC_VoltageControlHandler_ISR *****************
 Defined at:
		line 354 in file "vcontrol.c"
 Parameters:    Size  Location     Type
		None
 Auto vars:     Size  Location     Type
  pwm             4    5[BANK0 ] unsigned long 
  force_inc       1    4[BANK0 ] _Bool 
 Return value:  Size  Location     Type
                  1    wreg      void 
 Registers used:
		wreg, fsr0l, fsr0h, status,2, status,0, pclath, cstack
 Tracked objects:
		On entry : 
		On exit  : 
		Unchanged: 
 Data sizes:     COMMON   BANK0   BANK1   BANK2   BANK3   BANK4   BANK5   BANK6   BANK7   BANK8   BANK9  BANK10  BANK11  BANK12
      Params:         0       0       0       0       0       0       0       0       0       0       0       0       0       0
      Locals:         0       5       0       0       0       0       0       0       0       0       0       0       0       0
      Temps:          0       4       0       0       0       0       0       0       0       0       0       0       0       0
      Totals:         0       9       0       0       0       0       0       0       0       0       0       0       0       0
Total ram usage:        9 bytes
 Hardware stack levels used:    1
 Hardware stack levels required when called:    1
 This function calls:
		_ADC_GetConversionResult
		_LoadDutyValue
		_PWM3_LoadDutyValue
		___lldiv
		___lmul
		i1_get_relay_reset_voltage
 This function is called by:
		_init_chopper
		_ADC_ISR
 This function uses a non-reentrant model


 *************** function i1_get_relay_reset_voltage *****************
 Defined at:
		line 96 in file "SolidStateRelay.c"
 Parameters:    Size  Location     Type
		None
 Auto vars:     Size  Location     Type
		None
 Return value:  Size  Location     Type
                  2    0[COMMON] unsigned short 
 Registers used:
		wreg
 Tracked objects:
		On entry : 
		On exit  : 
		Unchanged: 
 Data sizes:     COMMON   BANK0   BANK1   BANK2   BANK3   BANK4   BANK5   BANK6   BANK7   BANK8   BANK9  BANK10  BANK11  BANK12
      Params:         2       0       0       0       0       0       0       0       0       0       0       0       0       0
      Locals:         0       0       0       0       0       0       0       0       0       0       0       0       0       0
      Temps:          0       0       0       0       0       0       0       0       0       0       0       0       0       0
      Totals:         2       0       0       0       0       0       0       0       0       0       0       0       0       0
Total ram usage:        2 bytes
 Hardware stack levels used:    1
 This function calls:
		Nothing
 This function is called by:
		_ADC_VoltageControlHandler_ISR
 This function uses a non-reentrant model


 *************** function ___lmul *****************
 Defined at:
		line 15 in file "C:\Program Files (x86)\Microchip\xc8\v2.05\pic\sources\c99\common\Umul32.c"
 Parameters:    Size  Location     Type
  multiplier      4    0[COMMON] unsigned long 
  multiplicand    4    4[COMMON] unsigned long 
 Auto vars:     Size  Location     Type
  product         4    8[COMMON] unsigned long 
 Return value:  Size  Location     Type
                  4    0[COMMON] unsigned long 
 Registers used:
		wreg, status,2, status,0
 Tracked objects:
		On entry : 
		On exit  : 
		Unchanged: 
 Data sizes:     COMMON   BANK0   BANK1   BANK2   BANK3   BANK4   BANK5   BANK6   BANK7   BANK8   BANK9  BANK10  BANK11  BANK12
      Params:         8       0       0       0       0       0       0       0       0       0       0       0       0       0
      Locals:         4       0       0       0       0       0       0       0       0       0       0       0       0       0
      Temps:          0       0       0       0       0       0       0       0       0       0       0       0       0       0
      Totals:        12       0       0       0       0       0       0       0       0       0       0       0       0       0
Total ram usage:       12 bytes
 Hardware stack levels used:    1
 This function calls:
		Nothing
 This function is called by:
		_ADC_VoltageControlHandler_ISR
 This function uses a non-reentrant model


 *************** function ___lldiv *****************
 Defined at:
		line 5 in file "C:\Program Files (x86)\Microchip\xc8\v2.05\pic\sources\c99\common\__lldiv.c"
 Parameters:    Size  Location     Type
  divisor         4    0[COMMON] unsigned long 
  dividend        4    4[COMMON] unsigned long 
 Auto vars:     Size  Location     Type
  quotient        4    9[COMMON] unsigned long 
  counter         1   13[COMMON] unsigned char 
 Return value:  Size  Location     Type
                  4    0[COMMON] unsigned long 
 Registers used:
		wreg, status,2, status,0
 Tracked objects:
		On entry : 
		On exit  : 
		Unchanged: 
 Data sizes:     COMMON   BANK0   BANK1   BANK2   BANK3   BANK4   BANK5   BANK6   BANK7   BANK8   BANK9  BANK10  BANK11  BANK12
      Params:         8       0       0       0       0       0       0       0       0       0       0       0       0       0
      Locals:         5       0       0       0       0       0       0       0       0       0       0       0       0       0
      Temps:          1       0       0       0       0       0       0       0       0       0       0       0       0       0
      Totals:        14       0       0       0       0       0       0       0       0       0       0       0       0       0
Total ram usage:       14 bytes
 Hardware stack levels used:    1
 This function calls:
		Nothing
 This function is called by:
		_ADC_VoltageControlHandler_ISR
 This function uses a non-reentrant model


 *************** function _PWM3_LoadDutyValue *****************
 Defined at:
		line 74 in file "mcc_generated_files/pwm3.c"
 Parameters:    Size  Location     Type
  dutyValue       2    0[COMMON] unsigned short 
 Auto vars:     Size  Location     Type
		None
 Return value:  Size  Location     Type
                  1    wreg      void 
 Registers used:
		wreg, status,2, status,0
 Tracked objects:
		On entry : 
		On exit  : 
		Unchanged: 
 Data sizes:     COMMON   BANK0   BANK1   BANK2   BANK3   BANK4   BANK5   BANK6   BANK7   BANK8   BANK9  BANK10  BANK11  BANK12
      Params:         2       0       0       0       0       0       0       0       0       0       0       0       0       0
      Locals:         0       0       0       0       0       0       0       0       0       0       0       0       0       0
      Temps:          2       0       0       0       0       0       0       0       0       0       0       0       0       0
      Totals:         4       0       0       0       0       0       0       0       0       0       0       0       0       0
Total ram usage:        4 bytes
 Hardware stack levels used:    1
 This function calls:
		Nothing
 This function is called by:
		_ADC_VoltageControlHandler_ISR
		_TMR2_DutyControlHandler_ISR
 This function uses a non-reentrant model


 *************** function _LoadDutyValue *****************
 Defined at:
		line 213 in file "vcontrol.c"
 Parameters:    Size  Location     Type
  duty            2    0[COMMON] unsigned short 
 Auto vars:     Size  Location     Type
		None
 Return value:  Size  Location     Type
                  1    wreg      void 
 Registers used:
		wreg
 Tracked objects:
		On entry : 
		On exit  : 
		Unchanged: 
 Data sizes:     COMMON   BANK0   BANK1   BANK2   BANK3   BANK4   BANK5   BANK6   BANK7   BANK8   BANK9  BANK10  BANK11  BANK12
      Params:         2       0       0       0       0       0       0       0       0       0       0       0       0       0
      Locals:         0       0       0       0       0       0       0       0       0       0       0       0       0       0
      Temps:          0       0       0       0       0       0       0       0       0       0       0       0       0       0
      Totals:         2       0       0       0       0       0       0       0       0       0       0       0       0       0
Total ram usage:        2 bytes
 Hardware stack levels used:    1
 This function calls:
		Nothing
 This function is called by:
		_ADC_VoltageControlHandler_ISR
 This function uses a non-reentrant model


 *************** function _ADC_GetConversionResult *****************
 Defined at:
		line 114 in file "mcc_generated_files/adc.c"
 Parameters:    Size  Location     Type
		None
 Auto vars:     Size  Location     Type
		None
 Return value:  Size  Location     Type
                  2    0[COMMON] unsigned short 
 Registers used:
		wreg
 Tracked objects:
		On entry : 
		On exit  : 
		Unchanged: 
 Data sizes:     COMMON   BANK0   BANK1   BANK2   BANK3   BANK4   BANK5   BANK6   BANK7   BANK8   BANK9  BANK10  BANK11  BANK12
      Params:         2       0       0       0       0       0       0       0       0       0       0       0       0       0
      Locals:         0       0       0       0       0       0       0       0       0       0       0       0       0       0
      Temps:          0       0       0       0       0       0       0       0       0       0       0       0       0       0
      Totals:         2       0       0       0       0       0       0       0       0       0       0       0       0       0
Total ram usage:        2 bytes
 Hardware stack levels used:    1
 This function calls:
		Nothing
 This function is called by:
		_ADC_VoltageControlHandler_ISR
 This function uses a non-reentrant model



MODULE INFORMATION

Module		Function		Class		Link	Load	Size
C:\Program Files (x86)\Microchip\xc8\v2.05\pic\sources\c99\common\Umul32.c
		___lmul        		CODE           	1627	0000	48

C:\Program Files (x86)\Microchip\xc8\v2.05\pic\sources\c99\common\Umul32.c estimated size: 48

mcc_generated_files/tmr4.c
		_TMR4_Initialize		CODE           	134D	0000	11

mcc_generated_files/tmr4.c estimated size: 11

SystemTimer.c
		_TMR1_SystemTimer_ISR		CODE           	158B	0000	36

SystemTimer.c estimated size: 36

mcc_generated_files/tmr2.c
		_TMR2_ISR      		CODE           	12AB	0000	5
		_TMR2_Initialize		CODE           	0878	0000	19
		_TMR2_SetInterruptHandler		CODE           	12F9	0000	9
		_TMR2_DefaultInterruptHandler		CODE           	0877	0000	2
		_TMR2_CallBack 		CODE           	136C	0000	12
		_TMR2_StartTimer		CODE           	129C	0000	4

mcc_generated_files/tmr2.c estimated size: 51

mcc_generated_files/interrupt_manager.c
		_INTERRUPT_InterruptManager		CODE           	0004	0000	49

mcc_generated_files/interrupt_manager.c estimated size: 49

mcc_generated_files/pin_manager.c
		_PIN_MANAGER_Initialize		CODE           	15FB	0000	45

mcc_generated_files/pin_manager.c estimated size: 45

SolidStateRelay.c
		_relay_watchdog_task		CODE           	095A	0000	128
		_init_relay_watchdog		CODE           	0002	0000	2
		_get_relay_reset_voltage		CODE           	12CD	0000	7
		_restart_relay_watchdog		CODE           	1343	0000	11
		_stop_relay_watchdog		CODE           	12DF	0000	7
		_set_relay_reset_voltage		CODE           	1474	0000	25
		_open_relay    		CODE           	12A2	0000	4
		_close_relay   		CODE           	129F	0000	4
		_get_reset_duration		CODE           	1331	0000	10
		_relay_watchdog_record_activations_task		CODE           	1729	0000	66
		_set_reset_duration		CODE           	1688	0000	52
		_get_relay_activation_counter		CODE           	13F9	0000	18
		_start_relay_watchdog		CODE           	133A	0000	10
		_set_relay_activation_counter		CODE           	13E9	0000	17

SolidStateRelay.c estimated size: 361

vcontrol.c
		_init_chopper  		CODE           	15D4	0000	40
		_stop_chopper  		CODE           	13BD	0000	15
		_get_vdc       		CODE           	12BD	0000	6
		_get_vdc_min   		CODE           	12C2	0000	6
		_get_vdc_max   		CODE           	12D9	0000	7
		_ADC_VoltageControlHandler_ISR		CODE           	0B70	0000	425
		_get_vdc_speed 		CODE           	141B	0000	22
		_set_vdc_min   		CODE           	138D	0000	12
		_set_vdc_max   		CODE           	1382	0000	12
		_set_vdc_speed 		CODE           	15AE	0000	39
		_get_vdc_critic		CODE           	12D3	0000	7
		_start_chopper 		CODE           	148C	0000	27
		_set_vdc_threshold		CODE           	14F6	0000	29
		_is_chopper_active		CODE           	12A5	0000	4
		_set_vdc_critic		CODE           	1377	0000	12
		_TMR2_DutyControlHandler_ISR		CODE           	176A	0000	69
		_save_to_flash 		CODE           	08F0	0000	107
		_LoadDutyValue 		CODE           	12B3	0000	6

vcontrol.c estimated size: 845

GlobalSystem.c
		_ApplicationInit		CODE           	09D9	0000	408

GlobalSystem.c estimated size: 408

mcc_generated_files/adc.c
		_ADC_DefaultInterruptHandler		CODE           	1291	0000	2
		_ADC_Initialize		CODE           	140A	0000	18
		_ADC_SetInterruptHandler		CODE           	12F1	0000	9
		_ADC_GetConversionResult		CODE           	12C7	0000	7
		_ADC_StartConversion		CODE           	1299	0000	4
		_ADC_ISR       		CODE           	1398	0000	13
		_ADC_SelectChannel		CODE           	13DA	0000	16

mcc_generated_files/adc.c estimated size: 69

C:\Program Files (x86)\Microchip\xc8\v2.05\pic\sources\c99\common\lwdiv.c
		___lwdiv       		CODE           	16BB	0000	53

C:\Program Files (x86)\Microchip\xc8\v2.05\pic\sources\c99\common\lwdiv.c estimated size: 53

C:\Program Files (x86)\Microchip\xc8\v2.05\pic\sources\c99\common\__lldiv.c
		___lldiv       		CODE           	17AE	0000	83

C:\Program Files (x86)\Microchip\xc8\v2.05\pic\sources\c99\common\__lldiv.c estimated size: 83

shared
		i1_get_relay_reset_voltage		CODE           	12B8	0000	6
		_duty_inc      		STRCODE        	0000	0000	0
		_v_table       		STRCODE        	0076	0000	2049
		__initialization		CODE           	0036	0000	61
		_invalid_arg   		STRCODE        	0000	0000	0
		_invalid_com   		STRCODE        	0000	0000	0
		_duty_pwm_inc  		STRCODE        	0000	0000	0

shared estimated size: 2116

mcc_generated_files/mcc.c
		_WDT_Initialize		CODE           	12AF	0000	5
		_OSCILLATOR_Initialize		CODE           	1321	0000	9
		_SYSTEM_Initialize		CODE           	14DB	0000	28

mcc_generated_files/mcc.c estimated size: 42

mcc_generated_files/pwm3.c
		_PWM3_Initialize		CODE           	13B0	0000	14
		_PWM3_LoadDutyValue		CODE           	1430	0000	23

mcc_generated_files/pwm3.c estimated size: 37

C:\Program Files (x86)\Microchip\xc8\v2.05\pic\sources\c99\common\Umul16.c
		___wmul        		CODE           	14C0	0000	28

C:\Program Files (x86)\Microchip\xc8\v2.05\pic\sources\c99\common\Umul16.c estimated size: 28

mcc_generated_files/tmr1.c
		_TMR1_Initialize		CODE           	14A6	0000	27
		_TMR1_SetInterruptHandler		CODE           	1329	0000	9
		_TMR1_DefaultInterruptHandler		CODE           	0876	0000	2
		_TMR1_CallBack 		CODE           	1361	0000	12
		_TMR1_WriteTimer		CODE           	13CB	0000	16
		_TMR1_ISR      		CODE           	13A4	0000	13

mcc_generated_files/tmr1.c estimated size: 79

UartParser.c
		_uart_start    		CODE           	1446	0000	23
		_uart_task     		CODE           	0D18	0000	745
		_EUSART_CommandHandler_ISR		CODE           	152E	0000	32

UartParser.c estimated size: 800

mcc_generated_files/memory.c
		_FLASH_EraseBlock		CODE           	156C	0000	32
		_FLASH_ReadWord		CODE           	154D	0000	32
		_FLASH_WriteBlock		CODE           	088A	0000	103

mcc_generated_files/memory.c estimated size: 167

mcc_generated_files/eusart.c
		_EUSART_SetRxInterruptHandler		CODE           	1319	0000	9
		_EUSART_DefaultOverrunErrorHandler		CODE           	1296	0000	4
		_EUSART_DefaultErrorHandler		CODE           	1293	0000	4
		_EUSART_Initialize		CODE           	1656	0000	51
		_EUSART_SetFramingErrorHandler		CODE           	1309	0000	9
		_EUSART_SetErrorHandler		CODE           	1301	0000	9
		_EUSART_SetOverrunErrorHandler		CODE           	1311	0000	9
		_EUSART_Receive_ISR		CODE           	16EF	0000	59
		_EUSART_RxDataHandler		CODE           	145C	0000	25
		_EUSART_DefaultFramingErrorHandler		CODE           	1292	0000	2

mcc_generated_files/eusart.c estimated size: 181

main.c
		_main          		CODE           	1512	0000	29

main.c estimated size: 29

