Microchip MPLAB XC8 Compiler V2.05 ()

Linker command line:

-W-3 --edf=C:\Program Files (x86)\Microchip\xc8\v2.05\pic\dat\en_msgs.txt \
  -cs -h+dist/default/production\LinearChopper.X.production.sym \
  --cmf=dist/default/production\LinearChopper.X.production.cmf -z -Q16F1705 \
  -oC:\Users\Damian\AppData\Local\Temp\se1s.2 --defsym=__MPLAB_BUILD=1 \
  -Mdist/default/production/LinearChopper.X.production.map -E1 -ver=XC8 \
  --acfsm=1493 -ASTACK=0210Ah-023EFh -pstack=STACK -ACODE=00h-07FFhx4 \
  -ASTRCODE=00h-01FFFh -ASTRING=00h-0FFhx32 -ACONST=00h-0FFhx32 \
  -AENTRY=00h-0FFhx32 -ACOMMON=070h-07Fh -ABANK0=020h-06Fh \
  -ABANK1=0A0h-0EFh -ABANK2=0120h-016Fh -ABANK3=01A0h-01EFh \
  -ABANK4=0220h-026Fh -ABANK5=02A0h-02EFh -ABANK6=0320h-036Fh \
  -ABANK7=03A0h-03EFh -ABANK8=0420h-046Fh -ABANK9=04A0h-04EFh \
  -ABANK10=0520h-056Fh -ABANK11=05A0h-05EFh -ABANK12=0620h-064Fh \
  -ABIGRAM=02000h-023EFh \
  -ARAM=020h-06Fh,0A0h-0EFh,0120h-016Fh,01A0h-01EFh,0220h-026Fh,02A0h-02EFh,0320h-036Fh,03A0h-03EFh,0420h-046Fh,04A0h-04EFh,0520h-056Fh,05A0h-05EFh,0620h-064Fh \
  -AABS1=020h-07Fh,0A0h-0EFh,0120h-016Fh,01A0h-01EFh,0220h-026Fh,02A0h-02EFh,0320h-036Fh,03A0h-03EFh,0420h-046Fh,04A0h-04EFh,0520h-056Fh,05A0h-05EFh,0620h-064Fh \
  -ASFR0=00h-01Fh -ASFR1=080h-09Fh -ASFR2=0100h-011Fh -ASFR3=0180h-019Fh \
  -ASFR4=0200h-021Fh -ASFR5=0280h-029Fh -ASFR6=0300h-031Fh \
  -ASFR7=0380h-039Fh -ASFR8=0400h-041Fh -ASFR9=0480h-049Fh \
  -ASFR10=0500h-051Fh -ASFR11=0580h-059Fh -ASFR12=0600h-061Fh \
  -ASFR13=0680h-06EFh -ASFR14=0700h-076Fh -ASFR15=0780h-07EFh \
  -ASFR16=0800h-086Fh -ASFR17=0880h-08EFh -ASFR18=0900h-096Fh \
  -ASFR19=0980h-09EFh -ASFR20=0A00h-0A6Fh -ASFR21=0A80h-0AEFh \
  -ASFR22=0B00h-0B6Fh -ASFR23=0B80h-0BEFh -ASFR24=0C00h-0C6Fh \
  -ASFR25=0C80h-0CEFh -ASFR26=0D00h-0D6Fh -ASFR27=0D80h-0DEFh \
  -ASFR28=0E00h-0E6Fh -ASFR29=0E80h-0EEFh -ASFR30=0F00h-0F6Fh \
  -ASFR31=0F80h-0FEFh -preset_vec=00h,intentry=04h,init,end_init \
  -ppowerup=CODE -pcinit=CODE -pfunctab=ENTRY -ACONFIG=08007h-08008h \
  -pconfig=CONFIG -DCONFIG=2 -AIDLOC=08000h-08003h -pidloc=IDLOC -DIDLOC=2 \
  -DCODE=2 -DSTRCODE=2 -DSTRING=2 -DCONST=2 -DENTRY=2 -k \
  C:\Users\Damian\AppData\Local\Temp\se1s.o \
  dist/default/production\LinearChopper.X.production.o 

Object code version is 3.11

Machine type is 16F1705



                Name                               Link     Load   Length Selector   Space Scale
C:\Users\Damian\AppData\Local\Temp\se1s.o
                end_init                             34       34        2        8       0
                reset_vec                             0        0        2        0       0
                config                             8007     8007        2    1000E       0
dist/default/production\LinearChopper.X.production.o
                cinit                                36       36       3B        8       0
                intentry                              4        4       30        8       0
                text76                             1515     1515        6     2A2A       0
                text75                             1506     1506        5     2A0C       0
                text74                             165C     165C       16     2CB8       0
                text73                              A2C      A2C       52     1458       0
                text72                              89F      89F       2F     113E       0
                text71                              C30      C30      12D     1860       0
                text70                             14E4     14E4        1     29C8       0
                text69                             15D5     15D5        C     2BAA       0
                text68                             16B5     16B5       18     2D6A       0
                text67                             14E5     14E5        3     29CA       0
                text66                              871      871        1     10E2       0
                text65                             14FA     14FA        4     29F4       0
                text64                              965      965       3A     12CA       0
                text63                             1793     1793       20     2F26       0
                text62                             151B     151B        6     2A36       0
                text61                              872      872        1     10E4       0
                text60                             159E     159E        B     2B3C       0
                text59                             1606     1606        F     2C0C       0
                text58                             15E1     15E1        C     2BC2       0
                text57                              99F      99F       44     133E       0
                text56                                2        2        1        0       0
                text55                             15A9     15A9        B     2B52       0
                text54                             14FE     14FE        4     29FC       0
                text52                             1755     1755       1F     2EAA       0
                text51                             1672     1672       16     2CE4       0
                text50                              931      931       34     1262       0
                text49                              8CE      8CE       30     119C       0
                text48                             171D     171D       1C     2E3A       0
                text47                             15B4     15B4        B     2B68       0
                text46                             15BF     15BF        B     2B7E       0
                text45                             15CA     15CA        B     2B94       0
                text44                             17B3     17B3       26     2F66       0
                text43                             1615     1615        F     2C2A       0
                text42                             154B     154B        8     2A96       0
                text41                             14E8     14E8        3     29D0       0
                text40                             1553     1553        8     2AA6       0
                text39                             14EB     14EB        3     29D6       0
                text38                             17D9     17D9       27     2FB2       0
                text37                             169E     169E       17     2D3C       0
                text36                              B39      B39       F7     1672       0
                text35                             1624     1624       11     2C48       0
                text34                             155B     155B        8     2AB6       0
                text33                             1563     1563        8     2AC6       0
                text32                             156B     156B        8     2AD6       0
                text31                             1573     1573        8     2AE6       0
                text30                              8FE      8FE       33     11FC       0
                text29                             157B     157B        8     2AF6       0
                text28                              873      873       2C     10E6       0
                text27                             15F9     15F9        D     2BF2       0
                text26                             1583     1583        8     2B06       0
                text25                             16CD     16CD       1A     2D9A       0
                text24                             1635     1635       12     2C6A       0
                text23                             1594     1594        A     2B28       0
                text22                             1502     1502        4     2A04       0
                text21                             16E7     16E7       1B     2DCE       0
                text20                                3        3        1        6       0
                text19                             14EE     14EE        3     29DC       0
                text18                             150B     150B        5     2A16       0
                text17                             14F1     14F1        3     29E2       0
                text16                              A7E      A7E       55     14FC       0
                text15                             1521     1521        6     2A42       0
                text14                             1688     1688       16     2D10       0
                text13                             1527     1527        6     2A4E       0
                text12                             152D     152D        6     2A5A       0
                text11                             1510     1510        5     2A20       0
                text10                             1702     1702       1B     2E04       0
                text9                              1647     1647       15     2C8E       0
                text8                              14F4     14F4        3     29E8       0
                text7                              1774     1774       1F     2EE8       0
                text6                               AD3      AD3       66     15A6       0
                text5                              1533     1533        6     2A66       0
                text4                              158B     158B        9     2B16       0
                text3                               9E3      9E3       49     13C6       0
                text2                              15ED     15ED        C     2BDA       0
                text1                               D5D      D5D      2A3     1ABA       0
                maintext                           1739     1739       1C     2E72       0
                cstackBANK0                          48       48       1B       20       1
                cstackCOMMON                         70       70        E       70       1
                cstackBANK1                          A0       A0       40       A0       1
                cstackBANK3                         1B0      1B0        A      1A0       1
                clrtext                            1539     1539        6     2A72       0
                inittext                           153F     153F        6     2A7E       0
                bssBANK3                            1A0      1A0       10      1A0       1
                bssBANK2                            120      120       3F      120       1
                dataBANK1                            EA       EA        6       A0       1
                bssBANK1                             E0       E0        A       A0       1
                dataBANK0                            63       63        3       20       1
                bssBANK0                             20       20       28       20       1
                stringtext22                       1953     1953        5     3000       0
                stringtext21                       194E     194E        5     3000       0
                stringtext20                       1948     1948        6     3000       0
                stringtext19                       1942     1942        6     3000       0
                stringtext18                       193C     193C        6     3000       0
                stringtext17                       192D     192D        F     3000       0
                stringtext16                       191D     191D       10     3000       0
                stringtext15                       190B     190B       12     3000       0
                stringtext14                       18F5     18F5       16     3000       0
                stringtext13                       18DF     18DF       16     3000       0
                stringtext12                       189C     189C       17     3000       0
                stringtext11                       1885     1885       17     3000       0
                stringtext10                       186D     186D       18     3000       0
                stringtext9                        1854     1854       19     3000       0
                stringtext8                        183B     183B       19     3000       0
                stringtext7                        1822     1822       19     3000       0
                stringtext6                        1800     1800       22     3000       0
                nvBANK2                             15F      15F       10      120       1
                stringtext5                        195A     195A        2     3000       0
                stringtext4                        1958     1958        2     3000       0
                stringtext3                        18C9     18C9       16     3000       0
                stringtext2                        18B3     18B3       16     3000       0
                stringtext1                          71       71      800       E2       0
                idataBANK1                         1545     1545        6     2A8A       0
                idataBANK0                         14F7     14F7        3     29EE       0

TOTAL           Name                               Link     Load   Length     Space
        CLASS   STACK          

        CLASS   CODE           
                end_init                             34       34        2         0
                cinit                                36       36       3B         0
                intentry                              4        4       30         0
                reset_vec                             0        0        2         0
                text76                             1515     1515        6         0
                text75                             1506     1506        5         0
                text74                             165C     165C       16         0
                text73                              A2C      A2C       52         0
                text72                              89F      89F       2F         0
                text71                              C30      C30      12D         0
                text70                             14E4     14E4        1         0
                text69                             15D5     15D5        C         0
                text68                             16B5     16B5       18         0
                text67                             14E5     14E5        3         0
                text66                              871      871        1         0
                text65                             14FA     14FA        4         0
                text64                              965      965       3A         0
                text63                             1793     1793       20         0
                text62                             151B     151B        6         0
                text61                              872      872        1         0
                text60                             159E     159E        B         0
                text59                             1606     1606        F         0
                text58                             15E1     15E1        C         0
                text57                              99F      99F       44         0
                text56                                2        2        1         0
                text55                             15A9     15A9        B         0
                text54                             14FE     14FE        4         0
                text52                             1755     1755       1F         0
                text51                             1672     1672       16         0
                text50                              931      931       34         0
                text49                              8CE      8CE       30         0
                text48                             171D     171D       1C         0
                text47                             15B4     15B4        B         0
                text46                             15BF     15BF        B         0
                text45                             15CA     15CA        B         0
                text44                             17B3     17B3       26         0
                text43                             1615     1615        F         0
                text42                             154B     154B        8         0
                text41                             14E8     14E8        3         0
                text40                             1553     1553        8         0
                text39                             14EB     14EB        3         0
                text38                             17D9     17D9       27         0
                text37                             169E     169E       17         0
                text36                              B39      B39       F7         0
                text35                             1624     1624       11         0
                text34                             155B     155B        8         0
                text33                             1563     1563        8         0
                text32                             156B     156B        8         0
                text31                             1573     1573        8         0
                text30                              8FE      8FE       33         0
                text29                             157B     157B        8         0
                text28                              873      873       2C         0
                text27                             15F9     15F9        D         0
                text26                             1583     1583        8         0
                text25                             16CD     16CD       1A         0
                text24                             1635     1635       12         0
                text23                             1594     1594        A         0
                text22                             1502     1502        4         0
                text21                             16E7     16E7       1B         0
                text20                                3        3        1         0
                text19                             14EE     14EE        3         0
                text18                             150B     150B        5         0
                text17                             14F1     14F1        3         0
                text16                              A7E      A7E       55         0
                text15                             1521     1521        6         0
                text14                             1688     1688       16         0
                text13                             1527     1527        6         0
                text12                             152D     152D        6         0
                text11                             1510     1510        5         0
                text10                             1702     1702       1B         0
                text9                              1647     1647       15         0
                text8                              14F4     14F4        3         0
                text7                              1774     1774       1F         0
                text6                               AD3      AD3       66         0
                text5                              1533     1533        6         0
                text4                              158B     158B        9         0
                text3                               9E3      9E3       49         0
                text2                              15ED     15ED        C         0
                text1                               D5D      D5D      2A3         0
                maintext                           1739     1739       1C         0
                clrtext                            1539     1539        6         0
                inittext                           153F     153F        6         0
                idataBANK1                         1545     1545        6         0
                idataBANK0                         14F7     14F7        3         0

        CLASS   STRCODE        
                stringtext22                       1953     1953        5         0
                stringtext21                       194E     194E        5         0
                stringtext20                       1948     1948        6         0
                stringtext19                       1942     1942        6         0
                stringtext18                       193C     193C        6         0
                stringtext17                       192D     192D        F         0
                stringtext16                       191D     191D       10         0
                stringtext15                       190B     190B       12         0
                stringtext14                       18F5     18F5       16         0
                stringtext13                       18DF     18DF       16         0
                stringtext12                       189C     189C       17         0
                stringtext11                       1885     1885       17         0
                stringtext10                       186D     186D       18         0
                stringtext9                        1854     1854       19         0
                stringtext8                        183B     183B       19         0
                stringtext7                        1822     1822       19         0
                stringtext6                        1800     1800       22         0
                stringtext5                        195A     195A        2         0
                stringtext4                        1958     1958        2         0
                stringtext3                        18C9     18C9       16         0
                stringtext2                        18B3     18B3       16         0
                stringtext1                          71       71      800         0

        CLASS   STRING         

        CLASS   CONST          

        CLASS   ENTRY          

        CLASS   COMMON         
                cstackCOMMON                         70       70        E         1

        CLASS   BANK0          
                cstackBANK0                          48       48       1B         1
                dataBANK0                            63       63        3         1
                bssBANK0                             20       20       28         1

        CLASS   BANK1          
                cstackBANK1                          A0       A0       40         1
                dataBANK1                            EA       EA        6         1
                bssBANK1                             E0       E0        A         1

        CLASS   BANK2          
                bssBANK2                            120      120       3F         1
                nvBANK2                             15F      15F       10         1

        CLASS   BANK3          
                cstackBANK3                         1B0      1B0        A         1
                bssBANK3                            1A0      1A0       10         1

        CLASS   BANK4          

        CLASS   BANK5          

        CLASS   BANK6          

        CLASS   BANK7          

        CLASS   BANK8          

        CLASS   BANK9          

        CLASS   BANK10         

        CLASS   BANK11         

        CLASS   BANK12         

        CLASS   BIGRAM         

        CLASS   RAM            

        CLASS   ABS1           
                abs_s1                               7E       7E        2         1

        CLASS   SFR0           

        CLASS   SFR1           

        CLASS   SFR2           

        CLASS   SFR3           

        CLASS   SFR4           

        CLASS   SFR5           

        CLASS   SFR6           

        CLASS   SFR7           

        CLASS   SFR8           

        CLASS   SFR9           

        CLASS   SFR10          

        CLASS   SFR11          

        CLASS   SFR12          

        CLASS   SFR13          

        CLASS   SFR14          

        CLASS   SFR15          

        CLASS   SFR16          

        CLASS   SFR17          

        CLASS   SFR18          

        CLASS   SFR19          

        CLASS   SFR20          

        CLASS   SFR21          

        CLASS   SFR22          

        CLASS   SFR23          

        CLASS   SFR24          

        CLASS   SFR25          

        CLASS   SFR26          

        CLASS   SFR27          

        CLASS   SFR28          

        CLASS   SFR29          

        CLASS   SFR30          

        CLASS   SFR31          

        CLASS   CONFIG         
                config                             8007     8007        2         0

        CLASS   IDLOC          

        CLASS   BANK31         

        CLASS   BANK30         

        CLASS   BANK29         

        CLASS   BANK28         

        CLASS   BANK27         

        CLASS   BANK26         

        CLASS   BANK25         

        CLASS   BANK24         

        CLASS   BANK23         

        CLASS   BANK22         

        CLASS   BANK21         

        CLASS   BANK20         

        CLASS   BANK19         

        CLASS   BANK18         

        CLASS   BANK17         

        CLASS   BANK16         

        CLASS   BANK15         

        CLASS   BANK14         

        CLASS   BANK13         

        CLASS   EEDATA         



SEGMENTS        Name                           Load    Length   Top    Selector   Space  Class     Delta

                reset_vec                      000000  000003  000003         0       0  CODE        2
                text20                         000003  000001  000004         6       0  CODE        2
                intentry                       000004  00006D  000071         8       0  CODE        2
                bssBANK0                       000020  000046  000066        20       1  BANK0       1
                cstackCOMMON                   000070  00000E  00007E        70       1  COMMON      1
                cstackBANK1                    0000A0  000050  0000F0        A0       1  BANK1       1
                stringtext1                    000071  000800  000871        E2       0  STRCODE     2
                bssBANK2                       000120  00004F  00016F       120       1  BANK2       1
                bssBANK3                       0001A0  00001A  0001BA       1A0       1  BANK3       1
                text66                         000871  000001  000872      10E2       0  CODE        2
                text61                         000872  000001  000873      10E4       0  CODE        2
                text28                         000873  00002C  00089F      10E6       0  CODE        2
                text72                         00089F  00002F  0008CE      113E       0  CODE        2
                text49                         0008CE  000030  0008FE      119C       0  CODE        2
                text30                         0008FE  000033  000931      11FC       0  CODE        2
                text50                         000931  000034  000965      1262       0  CODE        2
                text64                         000965  00003A  00099F      12CA       0  CODE        2
                text57                         00099F  000044  0009E3      133E       0  CODE        2
                text3                          0009E3  000049  000A2C      13C6       0  CODE        2
                text73                         000A2C  000052  000A7E      1458       0  CODE        2
                text16                         000A7E  000055  000AD3      14FC       0  CODE        2
                text6                          000AD3  000066  000B39      15A6       0  CODE        2
                text36                         000B39  0000F7  000C30      1672       0  CODE        2
                text71                         000C30  00012D  000D5D      1860       0  CODE        2
                text1                          000D5D  0002A3  001000      1ABA       0  CODE        2
                text70                         0014E4  000001  0014E5      29C8       0  CODE        2
                text67                         0014E5  000003  0014E8      29CA       0  CODE        2
                text41                         0014E8  000003  0014EB      29D0       0  CODE        2
                text39                         0014EB  000003  0014EE      29D6       0  CODE        2
                text19                         0014EE  000003  0014F1      29DC       0  CODE        2
                text17                         0014F1  000003  0014F4      29E2       0  CODE        2
                text8                          0014F4  000003  0014F7      29E8       0  CODE        2
                idataBANK0                     0014F7  000003  0014FA      29EE       0  CODE        2
                text65                         0014FA  000004  0014FE      29F4       0  CODE        2
                text54                         0014FE  000004  001502      29FC       0  CODE        2
                text22                         001502  000004  001506      2A04       0  CODE        2
                text75                         001506  000005  00150B      2A0C       0  CODE        2
                text18                         00150B  000005  001510      2A16       0  CODE        2
                text11                         001510  000005  001515      2A20       0  CODE        2
                text76                         001515  000006  00151B      2A2A       0  CODE        2
                text62                         00151B  000006  001521      2A36       0  CODE        2
                text15                         001521  000006  001527      2A42       0  CODE        2
                text13                         001527  000006  00152D      2A4E       0  CODE        2
                text12                         00152D  000006  001533      2A5A       0  CODE        2
                text5                          001533  000006  001539      2A66       0  CODE        2
                clrtext                        001539  000006  00153F      2A72       0  CODE        2
                inittext                       00153F  000006  001545      2A7E       0  CODE        2
                idataBANK1                     001545  000006  00154B      2A8A       0  CODE        2
                text42                         00154B  000008  001553      2A96       0  CODE        2
                text40                         001553  000008  00155B      2AA6       0  CODE        2
                text34                         00155B  000008  001563      2AB6       0  CODE        2
                text33                         001563  000008  00156B      2AC6       0  CODE        2
                text32                         00156B  000008  001573      2AD6       0  CODE        2
                text31                         001573  000008  00157B      2AE6       0  CODE        2
                text29                         00157B  000008  001583      2AF6       0  CODE        2
                text26                         001583  000008  00158B      2B06       0  CODE        2
                text4                          00158B  000009  001594      2B16       0  CODE        2
                text23                         001594  00000A  00159E      2B28       0  CODE        2
                text60                         00159E  00000B  0015A9      2B3C       0  CODE        2
                text55                         0015A9  00000B  0015B4      2B52       0  CODE        2
                text47                         0015B4  00000B  0015BF      2B68       0  CODE        2
                text46                         0015BF  00000B  0015CA      2B7E       0  CODE        2
                text45                         0015CA  00000B  0015D5      2B94       0  CODE        2
                text69                         0015D5  00000C  0015E1      2BAA       0  CODE        2
                text58                         0015E1  00000C  0015ED      2BC2       0  CODE        2
                text2                          0015ED  00000C  0015F9      2BDA       0  CODE        2
                text27                         0015F9  00000D  001606      2BF2       0  CODE        2
                text59                         001606  00000F  001615      2C0C       0  CODE        2
                text43                         001615  00000F  001624      2C2A       0  CODE        2
                text35                         001624  000011  001635      2C48       0  CODE        2
                text24                         001635  000012  001647      2C6A       0  CODE        2
                text9                          001647  000015  00165C      2C8E       0  CODE        2
                text74                         00165C  000016  001672      2CB8       0  CODE        2
                text51                         001672  000016  001688      2CE4       0  CODE        2
                text14                         001688  000016  00169E      2D10       0  CODE        2
                text37                         00169E  000017  0016B5      2D3C       0  CODE        2
                text68                         0016B5  000018  0016CD      2D6A       0  CODE        2
                text25                         0016CD  00001A  0016E7      2D9A       0  CODE        2
                text21                         0016E7  00001B  001702      2DCE       0  CODE        2
                text10                         001702  00001B  00171D      2E04       0  CODE        2
                text48                         00171D  00001C  001739      2E3A       0  CODE        2
                maintext                       001739  00001C  001755      2E72       0  CODE        2
                text52                         001755  00001F  001774      2EAA       0  CODE        2
                text7                          001774  00001F  001793      2EE8       0  CODE        2
                text63                         001793  000020  0017B3      2F26       0  CODE        2
                text44                         0017B3  000026  0017D9      2F66       0  CODE        2
                text38                         0017D9  000027  001800      2FB2       0  CODE        2
                stringtext6                    001800  00015C  00195C      3000       0  STRCODE     2
                config                         008007  000002  008009     1000E       0  CONFIG      2


UNUSED ADDRESS RANGES

        Name                Unused          Largest block    Delta
        BANK0            00066-0006F               A           1
        BANK10           00520-0056F              50           1
        BANK11           005A0-005EF              50           1
        BANK12           00620-0064F              30           1
        BANK2            0016F-0016F               1           1
        BANK3            001BA-001EF              36           1
        BANK4            00220-0026F              50           1
        BANK5            002A0-002EF              50           1
        BANK6            00320-0036F              50           1
        BANK7            003A0-003EF              50           1
        BANK8            00420-0046F              50           1
        BANK9            004A0-004EF              50           1
        BIGRAM           02000-023EF             3F0           1
        CODE             01000-014E3             4E4           2
                         0195C-01FFF             6A4
        CONST            01000-014E3             100           2
                         0195C-01FFF             100
        ENTRY            01000-014E3             100           2
                         0195C-01FFF             100
        IDLOC            08000-08003               4           2
        RAM              00066-0006F               A           1
                         0016F-0016F               1
                         001BA-001EF              36
                         00220-0026F              50
                         002A0-002EF              50
                         00320-0036F              50
                         003A0-003EF              50
                         00420-0046F              50
                         004A0-004EF              50
                         00520-0056F              50
                         005A0-005EF              50
                         00620-0064F              30
        SFR0             00000-0001F              20           1
        SFR1             00080-0009F              20           1
        SFR10            00500-0051F              20           1
        SFR11            00580-0059F              20           1
        SFR12            00600-0061F              20           1
        SFR13            00680-006EF              70           1
        SFR14            00700-0076F              70           1
        SFR15            00780-007EF              70           1
        SFR16            00800-0086F              70           1
        SFR17            00880-008EF              70           1
        SFR18            00900-0096F              70           1
        SFR19            00980-009EF              70           1
        SFR2             00100-0011F              20           1
        SFR20            00A00-00A6F              70           1
        SFR21            00A80-00AEF              70           1
        SFR22            00B00-00B6F              70           1
        SFR23            00B80-00BEF              70           1
        SFR24            00C00-00C6F              70           1
        SFR25            00C80-00CEF              70           1
        SFR26            00D00-00D6F              70           1
        SFR27            00D80-00DEF              70           1
        SFR28            00E00-00E6F              70           1
        SFR29            00E80-00EEF              70           1
        SFR3             00180-0019F              20           1
        SFR30            00F00-00F6F              70           1
        SFR31            00F80-00FEF              70           1
        SFR4             00200-0021F              20           1
        SFR5             00280-0029F              20           1
        SFR6             00300-0031F              20           1
        SFR7             00380-0039F              20           1
        SFR8             00400-0041F              20           1
        SFR9             00480-0049F              20           1
        STACK            0210A-023EF             2E6           1
        STRCODE          01000-014E3             4E4           2
                         0195C-01FFF             6A4
        STRING           01000-014E3             100           2
                         0195C-01FFF             100

                                  Symbol Table

?_ADC_GetConversionResult                      cstackCOMMON 00070
?_FLASH_ReadWord                               cstackBANK0  00051
?___lldiv                                      cstackCOMMON 00070
?___lmul                                       cstackCOMMON 00070
?___lwdiv                                      cstackBANK0  00051
?___wmul                                       cstackBANK0  00051
?_get_relay_reset_voltage                      cstackBANK0  00051
?_get_reset_duration                           cstackBANK0  00051
?_get_vdc                                      cstackBANK0  00051
?_get_vdc_critic                               cstackBANK0  00051
?_get_vdc_max                                  cstackBANK0  00051
?_get_vdc_min                                  cstackBANK0  00051
?_get_vdc_speed                                cstackBANK0  00057
ADC_SelectChannel@channel                      cstackBANK0  00052
ADC_SetInterruptHandler@InterruptHandler       cstackBANK0  00051
ADC_VoltageControlHandler_ISR@force_inc        cstackBANK0  0004C
ADC_VoltageControlHandler_ISR@pwm              cstackBANK0  0004D
ApplicationInit@chopper_state                  cstackBANK0  0005B
ApplicationInit@invalid_param                  cstackBANK0  0005D
ApplicationInit@val                            cstackBANK0  0005E
EUSART_CommandHandler_ISR@rx_data              cstackCOMMON 00071
EUSART_SetErrorHandler@interruptHandler        cstackBANK0  00051
EUSART_SetFramingErrorHandler@interruptHandler cstackBANK0  00051
EUSART_SetOverrunErrorHandler@interruptHandler cstackBANK0  00051
EUSART_SetRxInterruptHandler@interruptHandler  cstackBANK0  00051
FLASH_EraseBlock@GIEBitValue                   cstackBANK0  00053
FLASH_EraseBlock@startAddr                     cstackBANK0  00051
FLASH_ReadWord@GIEBitValue                     cstackBANK0  00053
FLASH_ReadWord@flashAddr                       cstackBANK0  00051
FLASH_WriteBlock@GIEBitValue                   cstackBANK0  0005C
FLASH_WriteBlock@blockStartAddr                cstackBANK0  0005A
FLASH_WriteBlock@flashWordArray                cstackBANK0  00056
FLASH_WriteBlock@i                             cstackBANK0  0005D
FLASH_WriteBlock@writeAddr                     cstackBANK0  00054
LoadDutyValue@duty                             cstackCOMMON 00070
PWM3_LoadDutyValue@dutyValue                   cstackCOMMON 00070
SolidStateRelay@st                             bssBANK0     0002B
TMR1_SetInterruptHandler@InterruptHandler      cstackBANK0  00051
TMR1_WriteTimer@timerVal                       cstackCOMMON 00070
TMR2_SetInterruptHandler@InterruptHandler      cstackBANK0  00051
UartParser@rx_buffer                           bssBANK2     00120
UartParser@rx_idx                              bssBANK0     0002F
UartParser@st                                  bssBANK0     0002D
UartParser@tx_idx                              bssBANK0     0002C
_ADCON0                                        (abs)        0009D
_ADCON0bits                                    (abs)        0009D
_ADCON1                                        (abs)        0009E
_ADCON2                                        (abs)        0009F
_ADC_DefaultInterruptHandler                   text70       014E4
_ADC_GetConversionResult                       text76       01515
_ADC_ISR                                       text69       015D5
_ADC_Initialize                                text35       01624
_ADC_InterruptHandler                          nvBANK2      00163
_ADC_SelectChannel                             text43       01615
_ADC_SetInterruptHandler                       text42       0154B
_ADC_StartConversion                           text41       014E8
_ADC_VoltageControlHandler_ISR                 text71       00C30
_ADRESH                                        (abs)        0009C
_ADRESL                                        (abs)        0009B
_ANSELA                                        (abs)        0018C
_ANSELC                                        (abs)        0018E
_ApplicationInit                               text36       00B39
_BAUD1CON                                      (abs)        0019F
_BORCON                                        (abs)        00116
_CCPTMRSbits                                   (abs)        0029E
_EUSART_CommandHandler_ISR                     text63       01793
_EUSART_DefaultErrorHandler                    text67       014E5
_EUSART_DefaultFramingErrorHandler             text66       00871
_EUSART_DefaultOverrunErrorHandler             text65       014FA
_EUSART_ErrorHandler                           nvBANK2      00167
_EUSART_FramingErrorHandler                    nvBANK2      0016B
_EUSART_Initialize                             text30       008FE
_EUSART_OverrunErrorHandler                    nvBANK2      00169
_EUSART_Receive_ISR                            text64       00965
_EUSART_RxDataHandler                          text68       016B5
_EUSART_RxDefaultInterruptHandler              nvBANK2      0016D
_EUSART_SetErrorHandler                        text34       0155B
_EUSART_SetFramingErrorHandler                 text33       01563
_EUSART_SetOverrunErrorHandler                 text32       0156B
_EUSART_SetRxInterruptHandler                  text31       01573
_FLASH_EraseBlock                              text7        01774
_FLASH_ReadWord                                text52       01755
_FLASH_WriteBlock                              text6        00AD3
_INLVLA                                        (abs)        0038C
_INLVLC                                        (abs)        0038E
_INTCONbits                                    (abs)        0000B
_INTERRUPT_InterruptManager                    intentry     00004
_LATA                                          (abs)        0010C
_LATAbits                                      (abs)        0010C
_LATC                                          (abs)        0010E
_LATCbits                                      (abs)        0010E
_LoadDutyValue                                 text75       01506
_ODCONA                                        (abs)        0028C
_ODCONC                                        (abs)        0028E
_OPTION_REGbits                                (abs)        00095
_OSCCON                                        (abs)        00099
_OSCILLATOR_Initialize                         text29       0157B
_OSCSTAT                                       (abs)        0009A
_OSCTUNE                                       (abs)        00098
_PIE1bits                                      (abs)        00091
_PIN_MANAGER_Initialize                        text28       00873
_PIR1bits                                      (abs)        00011
_PIR2bits                                      (abs)        00012
_PMADRH                                        (abs)        00192
_PMADRL                                        (abs)        00191
_PMCON1bits                                    (abs)        00195
_PMCON2                                        (abs)        00196
_PMDATH                                        (abs)        00194
_PMDATL                                        (abs)        00193
_PR2                                           (abs)        0001B
_PR4                                           (abs)        00416
_PWM3CON                                       (abs)        00619
_PWM3DCH                                       (abs)        00618
_PWM3DCL                                       (abs)        00617
_PWM3_Initialize                               text27       015F9
_PWM3_LoadDutyValue                            text74       0165C
_RC0PPS                                        (abs)        00EA0
_RC1PPS                                        (abs)        00EA1
_RC1REG                                        (abs)        00199
_RC1STA                                        (abs)        0019D
_RC1STAbits                                    (abs)        0019D
_RC2PPS                                        (abs)        00EA2
_RXPPS                                         (abs)        00E24
_SLRCONA                                       (abs)        0030C
_SLRCONC                                       (abs)        0030E
_SP1BRGH                                       (abs)        0019C
_SP1BRGL                                       (abs)        0019B
_SYSTEM_Initialize                             text21       016E7
_T1CON                                         (abs)        00018
_T1CONbits                                     (abs)        00018
_T1GCON                                        (abs)        00019
_T2CON                                         (abs)        0001C
_T2CONbits                                     (abs)        0001C
_T4CON                                         (abs)        00417
_TMR1H                                         (abs)        00017
_TMR1L                                         (abs)        00016
_TMR1_CallBack                                 text60       0159E
_TMR1_DefaultInterruptHandler                  text61       00872
_TMR1_ISR                                      text58       015E1
_TMR1_Initialize                               text25       016CD
_TMR1_InterruptHandler                         nvBANK2      0015F
_TMR1_SetInterruptHandler                      text26       01583
_TMR1_SystemTimer_ISR                          text62       0151B
_TMR1_WriteTimer                               text59       01606
_TMR2                                          (abs)        0001A
_TMR2_CallBack                                 text55       015A9
_TMR2_DefaultInterruptHandler                  text56       00002
_TMR2_DutyControlHandler_ISR                   text57       0099F
_TMR2_ISR                                      text54       014FE
_TMR2_Initialize                               text24       01635
_TMR2_InterruptHandler                         nvBANK2      00165
_TMR2_SetInterruptHandler                      text40       01553
_TMR2_StartTimer                               text39       014EB
_TMR4                                          (abs)        00415
_TMR4_Initialize                               text23       01594
_TRISA                                         (abs)        0008C
_TRISAbits                                     (abs)        0008C
_TRISC                                         (abs)        0008E
_TX1REG                                        (abs)        0019A
_TX1STA                                        (abs)        0019E
_TX1STAbits                                    (abs)        0019E
_WDTCON                                        (abs)        00097
_WDT_Initialize                                text22       01502
_WPUA                                          (abs)        0020C
_WPUC                                          (abs)        0020E
__CFG_BOREN$ON                                 (abs)        00000
__CFG_BORV$LO                                  (abs)        00000
__CFG_CLKOUTEN$OFF                             (abs)        00000
__CFG_CP$OFF                                   (abs)        00000
__CFG_FCMEN$ON                                 (abs)        00000
__CFG_FOSC$INTOSC                              (abs)        00000
__CFG_IESO$ON                                  (abs)        00000
__CFG_LPBOR$OFF                                (abs)        00000
__CFG_LVP$ON                                   (abs)        00000
__CFG_MCLRE$ON                                 (abs)        00000
__CFG_PLLEN$OFF                                (abs)        00000
__CFG_PPS1WAY$ON                               (abs)        00000
__CFG_PWRTE$OFF                                (abs)        00000
__CFG_STVREN$ON                                (abs)        00000
__CFG_WDTE$ON                                  (abs)        00000
__CFG_WRT$OFF                                  (abs)        00000
__CFG_ZCDDIS$ON                                (abs)        00000
__Habs1                                        abs1         00000
__Hbank0                                       bank0        00000
__Hbank1                                       bank1        00000
__Hbank10                                      bank10       00000
__Hbank11                                      bank11       00000
__Hbank12                                      bank12       00000
__Hbank13                                      bank13       00000
__Hbank14                                      bank14       00000
__Hbank15                                      bank15       00000
__Hbank16                                      bank16       00000
__Hbank17                                      bank17       00000
__Hbank18                                      bank18       00000
__Hbank19                                      bank19       00000
__Hbank2                                       bank2        00000
__Hbank20                                      bank20       00000
__Hbank21                                      bank21       00000
__Hbank22                                      bank22       00000
__Hbank23                                      bank23       00000
__Hbank24                                      bank24       00000
__Hbank25                                      bank25       00000
__Hbank26                                      bank26       00000
__Hbank27                                      bank27       00000
__Hbank28                                      bank28       00000
__Hbank29                                      bank29       00000
__Hbank3                                       bank3        00000
__Hbank30                                      bank30       00000
__Hbank31                                      bank31       00000
__Hbank4                                       bank4        00000
__Hbank5                                       bank5        00000
__Hbank6                                       bank6        00000
__Hbank7                                       bank7        00000
__Hbank8                                       bank8        00000
__Hbank9                                       bank9        00000
__Hbigram                                      bigram       00000
__HbssBANK0                                    bssBANK0     00000
__HbssBANK1                                    bssBANK1     00000
__HbssBANK2                                    bssBANK2     00000
__HbssBANK3                                    bssBANK3     00000
__Hcinit                                       cinit        00071
__Hclrtext                                     clrtext      00000
__Hcode                                        code         00000
__Hcommon                                      common       00000
__Hconfig                                      config       08009
__HcstackBANK0                                 cstackBANK0  00000
__HcstackBANK1                                 cstackBANK1  00000
__HcstackBANK3                                 cstackBANK3  00000
__HcstackCOMMON                                cstackCOMMON 00000
__HdataBANK0                                   dataBANK0    00000
__HdataBANK1                                   dataBANK1    00000
__Heeprom_data                                 eeprom_data  00000
__Hend_init                                    end_init     00036
__Hfunctab                                     functab      00000
__HidataBANK0                                  idataBANK0   00000
__HidataBANK1                                  idataBANK1   00000
__Hidloc                                       idloc        00000
__Hinit                                        init         00034
__Hinittext                                    inittext     00000
__Hintentry                                    intentry     00034
__Hmaintext                                    maintext     00000
__HnvBANK2                                     nvBANK2      00000
__Hpowerup                                     powerup      00000
__Hram                                         ram          00000
__Hreset_vec                                   reset_vec    00002
__Hsfr0                                        sfr0         00000
__Hsfr1                                        sfr1         00000
__Hsfr10                                       sfr10        00000
__Hsfr11                                       sfr11        00000
__Hsfr12                                       sfr12        00000
__Hsfr13                                       sfr13        00000
__Hsfr14                                       sfr14        00000
__Hsfr15                                       sfr15        00000
__Hsfr16                                       sfr16        00000
__Hsfr17                                       sfr17        00000
__Hsfr18                                       sfr18        00000
__Hsfr19                                       sfr19        00000
__Hsfr2                                        sfr2         00000
__Hsfr20                                       sfr20        00000
__Hsfr21                                       sfr21        00000
__Hsfr22                                       sfr22        00000
__Hsfr23                                       sfr23        00000
__Hsfr24                                       sfr24        00000
__Hsfr25                                       sfr25        00000
__Hsfr26                                       sfr26        00000
__Hsfr27                                       sfr27        00000
__Hsfr28                                       sfr28        00000
__Hsfr29                                       sfr29        00000
__Hsfr3                                        sfr3         00000
__Hsfr30                                       sfr30        00000
__Hsfr31                                       sfr31        00000
__Hsfr4                                        sfr4         00000
__Hsfr5                                        sfr5         00000
__Hsfr6                                        sfr6         00000
__Hsfr7                                        sfr7         00000
__Hsfr8                                        sfr8         00000
__Hsfr9                                        sfr9         00000
__Hspace_0                                     (abs)        08009
__Hspace_1                                     (abs)        001BA
__Hspace_2                                     (abs)        00000
__Hspace_3                                     (abs)        00000
__Hstack                                       stack        00000
__Hstrings                                     strings      00000
__Hstringtext1                                 stringtext1  00000
__Hstringtext10                                stringtext10 00000
__Hstringtext11                                stringtext11 00000
__Hstringtext12                                stringtext12 00000
__Hstringtext13                                stringtext13 00000
__Hstringtext14                                stringtext14 00000
__Hstringtext15                                stringtext15 00000
__Hstringtext16                                stringtext16 00000
__Hstringtext17                                stringtext17 00000
__Hstringtext18                                stringtext18 00000
__Hstringtext19                                stringtext19 00000
__Hstringtext2                                 stringtext2  00000
__Hstringtext20                                stringtext20 00000
__Hstringtext21                                stringtext21 00000
__Hstringtext22                                stringtext22 00000
__Hstringtext23                                stringtext23 00000
__Hstringtext3                                 stringtext3  00000
__Hstringtext4                                 stringtext4  00000
__Hstringtext5                                 stringtext5  00000
__Hstringtext6                                 stringtext6  00000
__Hstringtext7                                 stringtext7  00000
__Hstringtext8                                 stringtext8  00000
__Hstringtext9                                 stringtext9  00000
__Htext                                        text         00000
__Labs1                                        abs1         00000
__Lbank0                                       bank0        00000
__Lbank1                                       bank1        00000
__Lbank10                                      bank10       00000
__Lbank11                                      bank11       00000
__Lbank12                                      bank12       00000
__Lbank13                                      bank13       00000
__Lbank14                                      bank14       00000
__Lbank15                                      bank15       00000
__Lbank16                                      bank16       00000
__Lbank17                                      bank17       00000
__Lbank18                                      bank18       00000
__Lbank19                                      bank19       00000
__Lbank2                                       bank2        00000
__Lbank20                                      bank20       00000
__Lbank21                                      bank21       00000
__Lbank22                                      bank22       00000
__Lbank23                                      bank23       00000
__Lbank24                                      bank24       00000
__Lbank25                                      bank25       00000
__Lbank26                                      bank26       00000
__Lbank27                                      bank27       00000
__Lbank28                                      bank28       00000
__Lbank29                                      bank29       00000
__Lbank3                                       bank3        00000
__Lbank30                                      bank30       00000
__Lbank31                                      bank31       00000
__Lbank4                                       bank4        00000
__Lbank5                                       bank5        00000
__Lbank6                                       bank6        00000
__Lbank7                                       bank7        00000
__Lbank8                                       bank8        00000
__Lbank9                                       bank9        00000
__Lbigram                                      bigram       00000
__LbssBANK0                                    bssBANK0     00000
__LbssBANK1                                    bssBANK1     00000
__LbssBANK2                                    bssBANK2     00000
__LbssBANK3                                    bssBANK3     00000
__Lcinit                                       cinit        00036
__Lclrtext                                     clrtext      00000
__Lcode                                        code         00000
__Lcommon                                      common       00000
__Lconfig                                      config       08007
__LcstackBANK0                                 cstackBANK0  00000
__LcstackBANK1                                 cstackBANK1  00000
__LcstackBANK3                                 cstackBANK3  00000
__LcstackCOMMON                                cstackCOMMON 00000
__LdataBANK0                                   dataBANK0    00000
__LdataBANK1                                   dataBANK1    00000
__Leeprom_data                                 eeprom_data  00000
__Lend_init                                    end_init     00034
__Lfunctab                                     functab      00000
__LidataBANK0                                  idataBANK0   00000
__LidataBANK1                                  idataBANK1   00000
__Lidloc                                       idloc        00000
__Linit                                        init         00034
__Linittext                                    inittext     00000
__Lintentry                                    intentry     00004
__Lmaintext                                    maintext     00000
__LnvBANK2                                     nvBANK2      00000
__Lpowerup                                     powerup      00000
__Lram                                         ram          00000
__Lreset_vec                                   reset_vec    00000
__Lsfr0                                        sfr0         00000
__Lsfr1                                        sfr1         00000
__Lsfr10                                       sfr10        00000
__Lsfr11                                       sfr11        00000
__Lsfr12                                       sfr12        00000
__Lsfr13                                       sfr13        00000
__Lsfr14                                       sfr14        00000
__Lsfr15                                       sfr15        00000
__Lsfr16                                       sfr16        00000
__Lsfr17                                       sfr17        00000
__Lsfr18                                       sfr18        00000
__Lsfr19                                       sfr19        00000
__Lsfr2                                        sfr2         00000
__Lsfr20                                       sfr20        00000
__Lsfr21                                       sfr21        00000
__Lsfr22                                       sfr22        00000
__Lsfr23                                       sfr23        00000
__Lsfr24                                       sfr24        00000
__Lsfr25                                       sfr25        00000
__Lsfr26                                       sfr26        00000
__Lsfr27                                       sfr27        00000
__Lsfr28                                       sfr28        00000
__Lsfr29                                       sfr29        00000
__Lsfr3                                        sfr3         00000
__Lsfr30                                       sfr30        00000
__Lsfr31                                       sfr31        00000
__Lsfr4                                        sfr4         00000
__Lsfr5                                        sfr5         00000
__Lsfr6                                        sfr6         00000
__Lsfr7                                        sfr7         00000
__Lsfr8                                        sfr8         00000
__Lsfr9                                        sfr9         00000
__Lspace_0                                     (abs)        00000
__Lspace_1                                     (abs)        00000
__Lspace_2                                     (abs)        00000
__Lspace_3                                     (abs)        00000
__Lstack                                       stack        00000
__Lstrings                                     strings      00000
__Lstringtext1                                 stringtext1  00000
__Lstringtext10                                stringtext10 00000
__Lstringtext11                                stringtext11 00000
__Lstringtext12                                stringtext12 00000
__Lstringtext13                                stringtext13 00000
__Lstringtext14                                stringtext14 00000
__Lstringtext15                                stringtext15 00000
__Lstringtext16                                stringtext16 00000
__Lstringtext17                                stringtext17 00000
__Lstringtext18                                stringtext18 00000
__Lstringtext19                                stringtext19 00000
__Lstringtext2                                 stringtext2  00000
__Lstringtext20                                stringtext20 00000
__Lstringtext21                                stringtext21 00000
__Lstringtext22                                stringtext22 00000
__Lstringtext23                                stringtext23 00000
__Lstringtext3                                 stringtext3  00000
__Lstringtext4                                 stringtext4  00000
__Lstringtext5                                 stringtext5  00000
__Lstringtext6                                 stringtext6  00000
__Lstringtext7                                 stringtext7  00000
__Lstringtext8                                 stringtext8  00000
__Lstringtext9                                 stringtext9  00000
__Ltext                                        text         00000
__S0                                           (abs)        08009
__S1                                           (abs)        001BA
__S2                                           (abs)        00000
___int_sp                                      stack        00000
___latbits                                     (abs)        00002
___lldiv                                       text73       00A2C
___lldiv@counter                               cstackCOMMON 0007D
___lldiv@dividend                              cstackCOMMON 00074
___lldiv@divisor                               cstackCOMMON 00070
___lldiv@quotient                              cstackCOMMON 00079
___lmul                                        text72       0089F
___lmul@multiplicand                           cstackCOMMON 00074
___lmul@multiplier                             cstackCOMMON 00070
___lmul@product                                cstackCOMMON 00078
___lwdiv                                       text50       00931
___lwdiv@counter                               cstackBANK0  00056
___lwdiv@dividend                              cstackBANK0  00053
___lwdiv@divisor                               cstackBANK0  00051
___lwdiv@quotient                              cstackBANK0  00057
___sp                                          stack        00000
___stackhi                                     (abs)        023EF
___stacklo                                     (abs)        0210A
___wmul                                        text10       01702
___wmul@multiplicand                           cstackBANK0  00053
___wmul@multiplier                             cstackBANK0  00051
___wmul@product                                cstackBANK0  00055
__end_of_ADC_DefaultInterruptHandler           text70       014E5
__end_of_ADC_GetConversionResult               text76       0151B
__end_of_ADC_ISR                               text69       015E1
__end_of_ADC_Initialize                        text35       01635
__end_of_ADC_SelectChannel                     text43       01624
__end_of_ADC_SetInterruptHandler               text42       01553
__end_of_ADC_StartConversion                   text41       014EB
__end_of_ADC_VoltageControlHandler_ISR         text71       00D5D
__end_of_ApplicationInit                       text36       00C30
__end_of_EUSART_CommandHandler_ISR             text63       017B3
__end_of_EUSART_DefaultErrorHandler            text67       014E8
__end_of_EUSART_DefaultFramingErrorHandler     text66       00872
__end_of_EUSART_DefaultOverrunErrorHandler     text65       014FE
__end_of_EUSART_Initialize                     text30       00931
__end_of_EUSART_Receive_ISR                    text64       0099F
__end_of_EUSART_RxDataHandler                  text68       016CD
__end_of_EUSART_SetErrorHandler                text34       01563
__end_of_EUSART_SetFramingErrorHandler         text33       0156B
__end_of_EUSART_SetOverrunErrorHandler         text32       01573
__end_of_EUSART_SetRxInterruptHandler          text31       0157B
__end_of_FLASH_EraseBlock                      text7        01793
__end_of_FLASH_ReadWord                        text52       01774
__end_of_FLASH_WriteBlock                      text6        00B39
__end_of_INTERRUPT_InterruptManager            intentry     00034
__end_of_LoadDutyValue                         text75       0150B
__end_of_OSCILLATOR_Initialize                 text29       01583
__end_of_PIN_MANAGER_Initialize                text28       0089F
__end_of_PWM3_Initialize                       text27       01606
__end_of_PWM3_LoadDutyValue                    text74       01672
__end_of_SYSTEM_Initialize                     text21       01702
__end_of_TMR1_CallBack                         text60       015A9
__end_of_TMR1_DefaultInterruptHandler          text61       00873
__end_of_TMR1_ISR                              text58       015ED
__end_of_TMR1_Initialize                       text25       016E7
__end_of_TMR1_SetInterruptHandler              text26       0158B
__end_of_TMR1_SystemTimer_ISR                  text62       01521
__end_of_TMR1_WriteTimer                       text59       01615
__end_of_TMR2_CallBack                         text55       015B4
__end_of_TMR2_DefaultInterruptHandler          text56       00003
__end_of_TMR2_DutyControlHandler_ISR           text57       009E3
__end_of_TMR2_ISR                              text54       01502
__end_of_TMR2_Initialize                       text24       01647
__end_of_TMR2_SetInterruptHandler              text40       0155B
__end_of_TMR2_StartTimer                       text39       014EE
__end_of_TMR4_Initialize                       text23       0159E
__end_of_WDT_Initialize                        text22       01506
__end_of___lldiv                               text73       00A7E
__end_of___lmul                                text72       008CE
__end_of___lwdiv                               text50       00965
__end_of___wmul                                text10       0171D
__end_of__initialization                       cinit        0006D
__end_of_close_relay                           text19       014F1
__end_of_duty_inc                              stringtext4  0195A
__end_of_duty_pwm_inc                          stringtext5  0195C
__end_of_get_relay_reset_voltage               text5        01539
__end_of_get_reset_duration                    text4        01594
__end_of_get_vdc                               text18       01510
__end_of_get_vdc_critic                        text13       0152D
__end_of_get_vdc_max                           text12       01533
__end_of_get_vdc_min                           text11       01515
__end_of_get_vdc_speed                         text9        0165C
__end_of_init_chopper                          text38       01800
__end_of_init_relay_watchdog                   text20       00004
__end_of_invalid_arg                           stringtext2  018C9
__end_of_invalid_com                           stringtext3  018DF
__end_of_is_chopper_active                     text8        014F7
__end_of_main                                  maintext     01755
__end_of_open_relay                            text17       014F4
__end_of_relay_watchdog_task                   text16       00AD3
__end_of_save_to_flash                         text3        00A2C
__end_of_set_relay_reset_voltage               text51       01688
__end_of_set_reset_duration                    text49       008FE
__end_of_set_vdc_critic                        text47       015BF
__end_of_set_vdc_max                           text46       015CA
__end_of_set_vdc_min                           text45       015D5
__end_of_set_vdc_speed                         text44       017D9
__end_of_set_vdc_threshold                     text48       01739
__end_of_start_chopper                         text37       016B5
__end_of_start_relay_watchdog                  text15       01527
__end_of_stop_chopper                          text2        015F9
__end_of_uart_start                            text14       0169E
__end_of_uart_task                             text1        01000
__end_of_v_table                               stringtext1  00871
__initialization                               cinit        00036
__pbssBANK0                                    bssBANK0     00020
__pbssBANK1                                    bssBANK1     000E0
__pbssBANK2                                    bssBANK2     00120
__pbssBANK3                                    bssBANK3     001A0
__pcstackBANK0                                 cstackBANK0  00048
__pcstackBANK1                                 cstackBANK1  000A0
__pcstackBANK3                                 cstackBANK3  001B0
__pcstackCOMMON                                cstackCOMMON 00070
__pdataBANK0                                   dataBANK0    00063
__pdataBANK1                                   dataBANK1    000EA
__pidataBANK0                                  idataBANK0   014F7
__pidataBANK1                                  idataBANK1   01545
__pintentry                                    intentry     00004
__pmaintext                                    maintext     01739
__pnvBANK2                                     nvBANK2      0015F
__pstringtext1                                 stringtext1  00071
__pstringtext10                                stringtext10 0186D
__pstringtext11                                stringtext11 01885
__pstringtext12                                stringtext12 0189C
__pstringtext13                                stringtext13 018DF
__pstringtext14                                stringtext14 018F5
__pstringtext15                                stringtext15 0190B
__pstringtext16                                stringtext16 0191D
__pstringtext17                                stringtext17 0192D
__pstringtext18                                stringtext18 0193C
__pstringtext19                                stringtext19 01942
__pstringtext2                                 stringtext2  018B3
__pstringtext20                                stringtext20 01948
__pstringtext21                                stringtext21 0194E
__pstringtext22                                stringtext22 01953
__pstringtext23                                stringtext23 00000
__pstringtext3                                 stringtext3  018C9
__pstringtext4                                 stringtext4  01958
__pstringtext5                                 stringtext5  0195A
__pstringtext6                                 stringtext6  01800
__pstringtext7                                 stringtext7  01822
__pstringtext8                                 stringtext8  0183B
__pstringtext9                                 stringtext9  01854
__ptext1                                       text1        00D5D
__ptext10                                      text10       01702
__ptext11                                      text11       01510
__ptext12                                      text12       0152D
__ptext13                                      text13       01527
__ptext14                                      text14       01688
__ptext15                                      text15       01521
__ptext16                                      text16       00A7E
__ptext17                                      text17       014F1
__ptext18                                      text18       0150B
__ptext19                                      text19       014EE
__ptext2                                       text2        015ED
__ptext20                                      text20       00003
__ptext21                                      text21       016E7
[...]
 Defined at:
		line 219 in file "mcc_generated_files/eusart.c"
 Parameters:    Size  Location     Type
		None
 Auto vars:     Size  Location     Type
		None
 Return value:  Size  Location     Type
                  1    wreg      void 
 Registers used:
		wreg, fsr1l, fsr1h, status,2, status,0, pclath, cstack
 Tracked objects:
		On entry : 
		On exit  : 
		Unchanged: 
 Data sizes:     COMMON   BANK0   BANK1   BANK2   BANK3   BANK4   BANK5   BANK6   BANK7   BANK8   BANK9  BANK10  BANK11  BANK12
      Params:         0       0       0       0       0       0       0       0       0       0       0       0       0       0
      Locals:         0       0       0       0       0       0       0       0       0       0       0       0       0       0
      Temps:          0       0       0       0       0       0       0       0       0       0       0       0       0       0
      Totals:         0       0       0       0       0       0       0       0       0       0       0       0       0       0
Total ram usage:        0 bytes
 Hardware stack levels used:    1
 Hardware stack levels required when called:    1
 This function calls:
		_EUSART_RxDataHandler
 This function is called by:
		_EUSART_Initialize
		_EUSART_Receive_ISR
 This function uses a non-reentrant model


 *************** function _EUSART_RxDataHandler *****************
 Defined at:
		line 199 in file "mcc_generated_files/eusart.c"
 Parameters:    Size  Location     Type
		None
 Auto vars:     Size  Location     Type
		None
 Return value:  Size  Location     Type
                  1    wreg      void 
 Registers used:
		wreg, fsr1l, fsr1h, status,2, status,0
 Tracked objects:
		On entry : 
		On exit  : 
		Unchanged: 
 Data sizes:     COMMON   BANK0   BANK1   BANK2   BANK3   BANK4   BANK5   BANK6   BANK7   BANK8   BANK9  BANK10  BANK11  BANK12
      Params:         0       0       0       0       0       0       0       0       0       0       0       0       0       0
      Locals:         0       0       0       0       0       0       0       0       0       0       0       0       0       0
      Temps:          1       0       0       0       0       0       0       0       0       0       0       0       0       0
      Totals:         1       0       0       0       0       0       0       0       0       0       0       0       0       0
Total ram usage:        1 bytes
 Hardware stack levels used:    1
 This function calls:
		Nothing
 This function is called by:
		_EUSART_Receive_ISR
		_EUSART_DefaultErrorHandler
 This function uses a non-reentrant model


 *************** function _ADC_ISR *****************
 Defined at:
		line 149 in file "mcc_generated_files/adc.c"
 Parameters:    Size  Location     Type
		None
 Auto vars:     Size  Location     Type
		None
 Return value:  Size  Location     Type
                  1    wreg      void 
 Registers used:
		wreg, fsr0l, fsr0h, status,2, status,0, pclath, cstack
 Tracked objects:
		On entry : 
		On exit  : 
		Unchanged: 
 Data sizes:     COMMON   BANK0   BANK1   BANK2   BANK3   BANK4   BANK5   BANK6   BANK7   BANK8   BANK9  BANK10  BANK11  BANK12
      Params:         0       0       0       0       0       0       0       0       0       0       0       0       0       0
      Locals:         0       0       0       0       0       0       0       0       0       0       0       0       0       0
      Temps:          0       0       0       0       0       0       0       0       0       0       0       0       0       0
      Totals:         0       0       0       0       0       0       0       0       0       0       0       0       0       0
Total ram usage:        0 bytes
 Hardware stack levels used:    1
 Hardware stack levels required when called:    2
 This function calls:
		Absolute function
		_ADC_DefaultInterruptHandler
		_ADC_VoltageControlHandler_ISR
 This function is called by:
		_INTERRUPT_InterruptManager
 This function uses a non-reentrant model


 *************** function _ADC_DefaultInterruptHandler *****************
 Defined at:
		line 164 in file "mcc_generated_files/adc.c"
 Parameters:    Size  Location     Type
		None
 Auto vars:     Size  Location     Type
		None
 Return value:  Size  Location     Type
                  1    wreg      void 
 Registers used:
		None
 Tracked objects:
		On entry : 
		On exit  : 
		Unchanged: 
 Data sizes:     COMMON   BANK0   BANK1   BANK2   BANK3   BANK4   BANK5   BANK6   BANK7   BANK8   BANK9  BANK10  BANK11  BANK12
      Params:         0       0       0       0       0       0       0       0       0       0       0       0       0       0
      Locals:         0       0       0       0       0       0       0       0       0       0       0       0       0       0
      Temps:          0       0       0       0       0       0       0       0       0       0       0       0       0       0
      Totals:         0       0       0       0       0       0       0       0       0       0       0       0       0       0
Total ram usage:        0 bytes
 Hardware stack levels used:    1
 This function calls:
		Nothing
 This function is called by:
		_ADC_Initialize
		_ADC_ISR
 This function uses a non-reentrant model


 *************** function _ADC_VoltageControlHandler_ISR *****************
 Defined at:
		line 323 in file "vcontrol.c"
 Parameters:    Size  Location     Type
		None
 Auto vars:     Size  Location     Type
  pwm             4    5[BANK0 ] unsigned long 
  force_inc       1    4[BANK0 ] _Bool 
 Return value:  Size  Location     Type
                  1    wreg      void 
 Registers used:
		wreg, fsr0l, fsr0h, status,2, status,0, pclath, cstack
 Tracked objects:
		On entry : 
		On exit  : 
		Unchanged: 
 Data sizes:     COMMON   BANK0   BANK1   BANK2   BANK3   BANK4   BANK5   BANK6   BANK7   BANK8   BANK9  BANK10  BANK11  BANK12
      Params:         0       0       0       0       0       0       0       0       0       0       0       0       0       0
      Locals:         0       5       0       0       0       0       0       0       0       0       0       0       0       0
      Temps:          0       4       0       0       0       0       0       0       0       0       0       0       0       0
      Totals:         0       9       0       0       0       0       0       0       0       0       0       0       0       0
Total ram usage:        9 bytes
 Hardware stack levels used:    1
 Hardware stack levels required when called:    1
 This function calls:
		_ADC_GetConversionResult
		_LoadDutyValue
		_PWM3_LoadDutyValue
		___lldiv
		___lmul
 This function is called by:
		_init_chopper
		_ADC_ISR
 This function uses a non-reentrant model


 *************** function ___lmul *****************
 Defined at:
		line 15 in file "C:\Program Files (x86)\Microchip\xc8\v2.05\pic\sources\c99\common\Umul32.c"
 Parameters:    Size  Location     Type
  multiplier      4    0[COMMON] unsigned long 
  multiplicand    4    4[COMMON] unsigned long 
 Auto vars:     Size  Location     Type
  product         4    8[COMMON] unsigned long 
 Return value:  Size  Location     Type
                  4    0[COMMON] unsigned long 
 Registers used:
		wreg, status,2, status,0
 Tracked objects:
		On entry : 
		On exit  : 
		Unchanged: 
 Data sizes:     COMMON   BANK0   BANK1   BANK2   BANK3   BANK4   BANK5   BANK6   BANK7   BANK8   BANK9  BANK10  BANK11  BANK12
      Params:         8       0       0       0       0       0       0       0       0       0       0       0       0       0
      Locals:         4       0       0       0       0       0       0       0       0       0       0       0       0       0
      Temps:          0       0       0       0       0       0       0       0       0       0       0       0       0       0
      Totals:        12       0       0       0       0       0       0       0       0       0       0       0       0       0
Total ram usage:       12 bytes
 Hardware stack levels used:    1
 This function calls:
		Nothing
 This function is called by:
		_ADC_VoltageControlHandler_ISR
 This function uses a non-reentrant model


 *************** function ___lldiv *****************
 Defined at:
		line 5 in file "C:\Program Files (x86)\Microchip\xc8\v2.05\pic\sources\c99\common\__lldiv.c"
 Parameters:    Size  Location     Type
  divisor         4    0[COMMON] unsigned long 
  dividend        4    4[COMMON] unsigned long 
 Auto vars:     Size  Location     Type
  quotient        4    9[COMMON] unsigned long 
  counter         1   13[COMMON] unsigned char 
 Return value:  Size  Location     Type
                  4    0[COMMON] unsigned long 
 Registers used:
		wreg, status,2, status,0
 Tracked objects:
		On entry : 
		On exit  : 
		Unchanged: 
 Data sizes:     COMMON   BANK0   BANK1   BANK2   BANK3   BANK4   BANK5   BANK6   BANK7   BANK8   BANK9  BANK10  BANK11  BANK12
      Params:         8       0       0       0       0       0       0       0       0       0       0       0       0       0
      Locals:         5       0       0       0       0       0       0       0       0       0       0       0       0       0
      Temps:          1       0       0       0       0       0       0       0       0       0       0       0       0       0
      Totals:        14       0       0       0       0       0       0       0       0       0       0       0       0       0
Total ram usage:       14 bytes
 Hardware stack levels used:    1
 This function calls:
		Nothing
 This function is called by:
		_ADC_VoltageControlHandler_ISR
 This function uses a non-reentrant model


 *************** function _PWM3_LoadDutyValue *****************
 Defined at:
		line 74 in file "mcc_generated_files/pwm3.c"
 Parameters:    Size  Location     Type
  dutyValue       2    0[COMMON] unsigned short 
 Auto vars:     Size  Location     Type
		None
 Return value:  Size  Location     Type
                  1    wreg      void 
 Registers used:
		wreg, status,2, status,0
 Tracked objects:
		On entry : 
		On exit  : 
		Unchanged: 
 Data sizes:     COMMON   BANK0   BANK1   BANK2   BANK3   BANK4   BANK5   BANK6   BANK7   BANK8   BANK9  BANK10  BANK11  BANK12
      Params:         2       0       0       0       0       0       0       0       0       0       0       0       0       0
      Locals:         0       0       0       0       0       0       0       0       0       0       0       0       0       0
      Temps:          2       0       0       0       0       0       0       0       0       0       0       0       0       0
      Totals:         4       0       0       0       0       0       0       0       0       0       0       0       0       0
Total ram usage:        4 bytes
 Hardware stack levels used:    1
 This function calls:
		Nothing
 This function is called by:
		_ADC_VoltageControlHandler_ISR
		_TMR2_DutyControlHandler_ISR
 This function uses a non-reentrant model


 *************** function _LoadDutyValue *****************
 Defined at:
		line 205 in file "vcontrol.c"
 Parameters:    Size  Location     Type
  duty            2    0[COMMON] unsigned short 
 Auto vars:     Size  Location     Type
		None
 Return value:  Size  Location     Type
                  1    wreg      void 
 Registers used:
		wreg
 Tracked objects:
		On entry : 
		On exit  : 
		Unchanged: 
 Data sizes:     COMMON   BANK0   BANK1   BANK2   BANK3   BANK4   BANK5   BANK6   BANK7   BANK8   BANK9  BANK10  BANK11  BANK12
      Params:         2       0       0       0       0       0       0       0       0       0       0       0       0       0
      Locals:         0       0       0       0       0       0       0       0       0       0       0       0       0       0
      Temps:          0       0       0       0       0       0       0       0       0       0       0       0       0       0
      Totals:         2       0       0       0       0       0       0       0       0       0       0       0       0       0
Total ram usage:        2 bytes
 Hardware stack levels used:    1
 This function calls:
		Nothing
 This function is called by:
		_ADC_VoltageControlHandler_ISR
 This function uses a non-reentrant model


 *************** function _ADC_GetConversionResult *****************
 Defined at:
		line 114 in file "mcc_generated_files/adc.c"
 Parameters:    Size  Location     Type
		None
 Auto vars:     Size  Location     Type
		None
 Return value:  Size  Location     Type
                  2    0[COMMON] unsigned short 
 Registers used:
		wreg
 Tracked objects:
		On entry : 
		On exit  : 
		Unchanged: 
 Data sizes:     COMMON   BANK0   BANK1   BANK2   BANK3   BANK4   BANK5   BANK6   BANK7   BANK8   BANK9  BANK10  BANK11  BANK12
      Params:         2       0       0       0       0       0       0       0       0       0       0       0       0       0
      Locals:         0       0       0       0       0       0       0       0       0       0       0       0       0       0
      Temps:          0       0       0       0       0       0       0       0       0       0       0       0       0       0
      Totals:         2       0       0       0       0       0       0       0       0       0       0       0       0       0
Total ram usage:        2 bytes
 Hardware stack levels used:    1
 This function calls:
		Nothing
 This function is called by:
		_ADC_VoltageControlHandler_ISR
 This function uses a non-reentrant model



MODULE INFORMATION

Module		Function		Class		Link	Load	Size
C:\Program Files (x86)\Microchip\xc8\v2.05\pic\sources\c99\common\Umul32.c
		___lmul        		CODE           	089F	0000	48

C:\Program Files (x86)\Microchip\xc8\v2.05\pic\sources\c99\common\Umul32.c estimated size: 48

mcc_generated_files/tmr4.c
		_TMR4_Initialize		CODE           	1594	0000	11

mcc_generated_files/tmr4.c estimated size: 11

SystemTimer.c
		_TMR1_SystemTimer_ISR		CODE           	151B	0000	7

SystemTimer.c estimated size: 7

mcc_generated_files/tmr2.c
		_TMR2_ISR      		CODE           	14FE	0000	5
		_TMR2_Initialize		CODE           	1635	0000	19
		_TMR2_SetInterruptHandler		CODE           	1553	0000	9
		_TMR2_DefaultInterruptHandler		CODE           	0002	0000	2
		_TMR2_CallBack 		CODE           	15A9	0000	12
		_TMR2_StartTimer		CODE           	14EB	0000	4

mcc_generated_files/tmr2.c estimated size: 51

mcc_generated_files/interrupt_manager.c
		_INTERRUPT_InterruptManager		CODE           	0004	0000	49

mcc_generated_files/interrupt_manager.c estimated size: 49

mcc_generated_files/pin_manager.c
		_PIN_MANAGER_Initialize		CODE           	0873	0000	45

mcc_generated_files/pin_manager.c estimated size: 45

SolidStateRelay.c
		_relay_watchdog_task		CODE           	0A7E	0000	86
		_init_relay_watchdog		CODE           	0003	0000	2
		_get_relay_reset_voltage		CODE           	1533	0000	7
		_set_relay_reset_voltage		CODE           	1672	0000	23
		_open_relay    		CODE           	14F1	0000	4
		_close_relay   		CODE           	14EE	0000	4
		_get_reset_duration		CODE           	158B	0000	10
		_set_reset_duration		CODE           	08CE	0000	49
		_start_relay_watchdog		CODE           	1521	0000	7

SolidStateRelay.c estimated size: 192

vcontrol.c
		_init_chopper  		CODE           	17D9	0000	40
		_stop_chopper  		CODE           	15ED	0000	13
		_get_vdc       		CODE           	150B	0000	6
		_get_vdc_min   		CODE           	1510	0000	6
		_get_vdc_max   		CODE           	152D	0000	7
		_ADC_VoltageControlHandler_ISR		CODE           	0C30	0000	302
		_get_vdc_speed 		CODE           	1647	0000	22
		_set_vdc_min   		CODE           	15CA	0000	12
		_set_vdc_max   		CODE           	15BF	0000	12
		_set_vdc_speed 		CODE           	17B3	0000	39
		_get_vdc_critic		CODE           	1527	0000	7
		_start_chopper 		CODE           	169E	0000	24
		_set_vdc_threshold		CODE           	171D	0000	29
		_is_chopper_active		CODE           	14F4	0000	4
		_set_vdc_critic		CODE           	15B4	0000	12
		_TMR2_DutyControlHandler_ISR		CODE           	099F	0000	69
		_save_to_flash 		CODE           	09E3	0000	74
		_LoadDutyValue 		CODE           	1506	0000	6

vcontrol.c estimated size: 684

GlobalSystem.c
		_ApplicationInit		CODE           	0B39	0000	248

GlobalSystem.c estimated size: 248

mcc_generated_files/adc.c
		_ADC_DefaultInterruptHandler		CODE           	14E4	0000	2
		_ADC_Initialize		CODE           	1624	0000	18
		_ADC_SetInterruptHandler		CODE           	154B	0000	9
		_ADC_GetConversionResult		CODE           	1515	0000	7
		_ADC_StartConversion		CODE           	14E8	0000	4
		_ADC_ISR       		CODE           	15D5	0000	13
		_ADC_SelectChannel		CODE           	1615	0000	16

mcc_generated_files/adc.c estimated size: 69

C:\Program Files (x86)\Microchip\xc8\v2.05\pic\sources\c99\common\lwdiv.c
		___lwdiv       		CODE           	0931	0000	53

C:\Program Files (x86)\Microchip\xc8\v2.05\pic\sources\c99\common\lwdiv.c estimated size: 53

C:\Program Files (x86)\Microchip\xc8\v2.05\pic\sources\c99\common\__lldiv.c
		___lldiv       		CODE           	0A2C	0000	83

C:\Program Files (x86)\Microchip\xc8\v2.05\pic\sources\c99\common\__lldiv.c estimated size: 83

shared
		_duty_inc      		STRCODE        	0000	0000	0
		_v_table       		STRCODE        	0071	0000	2049
		__initialization		CODE           	0036	0000	56
		_invalid_arg   		STRCODE        	0000	0000	0
		_invalid_com   		STRCODE        	0000	0000	0
		_duty_pwm_inc  		STRCODE        	0000	0000	0

shared estimated size: 2105

mcc_generated_files/mcc.c
		_WDT_Initialize		CODE           	1502	0000	5
		_OSCILLATOR_Initialize		CODE           	157B	0000	9
		_SYSTEM_Initialize		CODE           	16E7	0000	28

mcc_generated_files/mcc.c estimated size: 42

mcc_generated_files/pwm3.c
		_PWM3_Initialize		CODE           	15F9	0000	14
		_PWM3_LoadDutyValue		CODE           	165C	0000	23

mcc_generated_files/pwm3.c estimated size: 37

C:\Program Files (x86)\Microchip\xc8\v2.05\pic\sources\c99\common\Umul16.c
		___wmul        		CODE           	1702	0000	28

C:\Program Files (x86)\Microchip\xc8\v2.05\pic\sources\c99\common\Umul16.c estimated size: 28

mcc_generated_files/tmr1.c
		_TMR1_Initialize		CODE           	16CD	0000	27
		_TMR1_SetInterruptHandler		CODE           	1583	0000	9
		_TMR1_DefaultInterruptHandler		CODE           	0872	0000	2
		_TMR1_CallBack 		CODE           	159E	0000	12
		_TMR1_WriteTimer		CODE           	1606	0000	16
		_TMR1_ISR      		CODE           	15E1	0000	13

mcc_generated_files/tmr1.c estimated size: 79

UartParser.c
		_uart_start    		CODE           	1688	0000	23
		_uart_task     		CODE           	0D5D	0000	676
		_EUSART_CommandHandler_ISR		CODE           	1793	0000	33

UartParser.c estimated size: 732

mcc_generated_files/memory.c
		_FLASH_EraseBlock		CODE           	1774	0000	32
		_FLASH_ReadWord		CODE           	1755	0000	32
		_FLASH_WriteBlock		CODE           	0AD3	0000	103

mcc_generated_files/memory.c estimated size: 167

mcc_generated_files/eusart.c
		_EUSART_SetRxInterruptHandler		CODE           	1573	0000	9
		_EUSART_DefaultOverrunErrorHandler		CODE           	14FA	0000	5
		_EUSART_DefaultErrorHandler		CODE           	14E5	0000	4
		_EUSART_Initialize		CODE           	08FE	0000	52
		_EUSART_SetFramingErrorHandler		CODE           	1563	0000	9
		_EUSART_SetErrorHandler		CODE           	155B	0000	9
		_EUSART_SetOverrunErrorHandler		CODE           	156B	0000	9
		_EUSART_Receive_ISR		CODE           	0965	0000	59
		_EUSART_RxDataHandler		CODE           	16B5	0000	25
		_EUSART_DefaultFramingErrorHandler		CODE           	0871	0000	2

mcc_generated_files/eusart.c estimated size: 183

main.c
		_main          		CODE           	1739	0000	29

main.c estimated size: 29

